Java HotSpot(TM) 64-Bit Server VM (25.74-b02) for windows-amd64 JRE (1.8.0_74-b02), built on Jan 29 2016 17:42:36 by "java_re" with MS VC++ 10.0 (VS2010)
Memory: 4k page, physical 16713404k(8983120k free), swap 31917756k(17314024k free)
CommandLine flags: -XX:InitialHeapSize=2097152 -XX:MaxHeapSize=2097152 -XX:+PrintGC -XX:+PrintGCDetails -XX:+PrintGCTimeStamps -XX:+UseCompressedClassPointers -XX:+UseCompressedOops -XX:-UseLargePagesIndividualAllocation -XX:+UseParallelGC 
0.064: [GC (Allocation Failure) [PSYoungGen: 504K->472K(1024K)] 504K->472K(1536K), 0.0006664 secs] [Times: user=0.00 sys=0.00, real=0.00 secs] 
0.107: [GC (Allocation Failure) [PSYoungGen: 984K->480K(1024K)] 984K->584K(1536K), 0.0005219 secs] [Times: user=0.00 sys=0.00, real=0.00 secs] 
0.109: [GC (Allocation Failure) [PSYoungGen: 992K->512K(1024K)] 1096K->624K(1536K), 0.0004089 secs] [Times: user=0.00 sys=0.00, real=0.00 secs] 
0.110: [GC (Allocation Failure) [PSYoungGen: 1024K->480K(1024K)] 1136K->592K(1536K), 0.0005399 secs] [Times: user=0.00 sys=0.00, real=0.00 secs] 
0.111: [GC (Allocation Failure) [PSYoungGen: 992K->480K(1024K)] 1104K->592K(1536K), 0.0019624 secs] [Times: user=0.02 sys=0.00, real=0.00 secs] 
0.114: [GC (Allocation Failure) [PSYoungGen: 992K->496K(1024K)] 1104K->616K(1536K), 0.0007902 secs] [Times: user=0.00 sys=0.00, real=0.00 secs] 
0.116: [GC (Allocation Failure) --[PSYoungGen: 1008K->1008K(1024K)] 1128K->1516K(1536K), 0.0009297 secs] [Times: user=0.00 sys=0.00, real=0.00 secs] 
0.117: [Full GC (Ergonomics) [PSYoungGen: 1008K->73K(1024K)] [ParOldGen: 508K->478K(512K)] 1516K->551K(1536K), [Metaspace: 2695K->2695K(1056768K)], 0.0032156 secs] [Times: user=0.00 sys=0.00, real=0.00 secs] 
0.120: [Full GC (Ergonomics) [PSYoungGen: 585K->55K(1024K)] [ParOldGen: 478K->484K(512K)] 1063K->540K(1536K), [Metaspace: 2695K->2695K(1056768K)], 0.0029948 secs] [Times: user=0.00 sys=0.00, real=0.00 secs] 
0.124: [Full GC (Ergonomics) [PSYoungGen: 567K->55K(1024K)] [ParOldGen: 484K->511K(512K)] 1052K->567K(1536K), [Metaspace: 2695K->2695K(1056768K)], 0.0033680 secs] [Times: user=0.00 sys=0.00, real=0.00 secs] 
0.127: [Full GC (Ergonomics) [PSYoungGen: 567K->55K(1024K)] [ParOldGen: 511K->501K(512K)] 1079K->556K(1536K), [Metaspace: 2695K->2695K(1056768K)], 0.0038448 secs] [Times: user=0.00 sys=0.00, real=0.00 secs] 
0.131: [Full GC (Ergonomics) [PSYoungGen: 567K->55K(1024K)] [ParOldGen: 501K->490K(512K)] 1068K->545K(1536K), [Metaspace: 2695K->2695K(1056768K)], 0.0033358 secs] [Times: user=0.00 sys=0.00, real=0.00 secs] 
0.135: [Full GC (Ergonomics) [PSYoungGen: 567K->55K(1024K)] [ParOldGen: 490K->479K(512K)] 1057K->535K(1536K), [Metaspace: 2695K->2695K(1056768K)], 0.0029491 secs] [Times: user=0.00 sys=0.00, real=0.00 secs] 
0.138: [Full GC (Ergonomics) [PSYoungGen: 567K->55K(1024K)] [ParOldGen: 479K->506K(512K)] 1047K->562K(1536K), [Metaspace: 2695K->2695K(1056768K)], 0.0032541 secs] [Times: user=0.00 sys=0.00, real=0.00 secs] 
0.142: [Full GC (Ergonomics) [PSYoungGen: 567K->55K(1024K)] [ParOldGen: 506K->495K(512K)] 1074K->551K(1536K), [Metaspace: 2695K->2695K(1056768K)], 0.0034335 secs] [Times: user=0.03 sys=0.00, real=0.00 secs] 
0.146: [Full GC (Ergonomics) [PSYoungGen: 567K->55K(1024K)] [ParOldGen: 495K->485K(512K)] 1063K->541K(1536K), [Metaspace: 2695K->2695K(1056768K)], 0.0035996 secs] [Times: user=0.00 sys=0.00, real=0.00 secs] 
0.150: [Full GC (Ergonomics) [PSYoungGen: 567K->89K(1024K)] [ParOldGen: 485K->478K(512K)] 1053K->567K(1536K), [Metaspace: 2695K->2695K(1056768K)], 0.0030356 secs] [Times: user=0.00 sys=0.00, real=0.00 secs] 
0.154: [Full GC (Ergonomics) [PSYoungGen: 512K->64K(1024K)] [ParOldGen: 478K->478K(512K)] 990K->542K(1536K), [Metaspace: 2695K->2695K(1056768K)], 0.0028785 secs] [Times: user=0.00 sys=0.00, real=0.00 secs] 
0.157: [Full GC (Ergonomics) [PSYoungGen: 512K->63K(1024K)] [ParOldGen: 478K->478K(512K)] 990K->542K(1536K), [Metaspace: 2695K->2695K(1056768K)], 0.0029007 secs] [Times: user=0.06 sys=0.00, real=0.00 secs] 
0.160: [Full GC (Ergonomics) [PSYoungGen: 512K->64K(1024K)] [ParOldGen: 478K->478K(512K)] 990K->542K(1536K), [Metaspace: 2695K->2695K(1056768K)], 0.0030576 secs] [Times: user=0.00 sys=0.00, real=0.00 secs] 
0.163: [Full GC (Ergonomics) [PSYoungGen: 512K->63K(1024K)] [ParOldGen: 478K->478K(512K)] 990K->542K(1536K), [Metaspace: 2695K->2695K(1056768K)], 0.0037147 secs] [Times: user=0.00 sys=0.00, real=0.00 secs] 
0.167: [Full GC (Ergonomics) [PSYoungGen: 512K->64K(1024K)] [ParOldGen: 478K->478K(512K)] 990K->542K(1536K), [Metaspace: 2695K->2695K(1056768K)], 0.0030453 secs] [Times: user=0.00 sys=0.00, real=0.00 secs] 
0.171: [Full GC (Ergonomics) [PSYoungGen: 512K->64K(1024K)] [ParOldGen: 478K->478K(512K)] 990K->542K(1536K), [Metaspace: 2695K->2695K(1056768K)], 0.0029167 secs] [Times: user=0.00 sys=0.00, real=0.00 secs] 
0.174: [Full GC (Ergonomics) [PSYoungGen: 512K->64K(1024K)] [ParOldGen: 478K->478K(512K)] 990K->542K(1536K), [Metaspace: 2695K->2695K(1056768K)], 0.0032850 secs] [Times: user=0.00 sys=0.00, real=0.00 secs] 
0.177: [Full GC (Ergonomics) [PSYoungGen: 512K->63K(1024K)] [ParOldGen: 478K->478K(512K)] 990K->542K(1536K), [Metaspace: 2695K->2695K(1056768K)], 0.0031486 secs] [Times: user=0.00 sys=0.00, real=0.00 secs] 
0.181: [Full GC (Ergonomics) [PSYoungGen: 512K->64K(1024K)] [ParOldGen: 478K->478K(512K)] 990K->542K(1536K), [Metaspace: 2696K->2696K(1056768K)], 0.0032856 secs] [Times: user=0.00 sys=0.00, real=0.00 secs] 
0.184: [Full GC (Ergonomics) [PSYoungGen: 512K->63K(1024K)] [ParOldGen: 478K->478K(512K)] 990K->542K(1536K), [Metaspace: 2696K->2696K(1056768K)], 0.0029248 secs] [Times: user=0.00 sys=0.00, real=0.00 secs] 
0.187: [Full GC (Ergonomics) [PSYoungGen: 512K->63K(1024K)] [ParOldGen: 478K->478K(512K)] 990K->542K(1536K), [Metaspace: 2696K->2696K(1056768K)], 0.0028986 secs] [Times: user=0.06 sys=0.00, real=0.00 secs] 
0.190: [Full GC (Ergonomics) [PSYoungGen: 512K->64K(1024K)] [ParOldGen: 478K->478K(512K)] 990K->542K(1536K), [Metaspace: 2696K->2696K(1056768K)], 0.0032358 secs] [Times: user=0.00 sys=0.00, real=0.00 secs] 
0.194: [Full GC (Ergonomics) [PSYoungGen: 512K->64K(1024K)] [ParOldGen: 478K->478K(512K)] 990K->542K(1536K), [Metaspace: 2696K->2696K(1056768K)], 0.0030705 secs] [Times: user=0.00 sys=0.00, real=0.00 secs] 
0.197: [Full GC (Ergonomics) [PSYoungGen: 512K->64K(1024K)] [ParOldGen: 478K->478K(512K)] 990K->542K(1536K), [Metaspace: 2696K->2696K(1056768K)], 0.0030870 secs] [Times: user=0.00 sys=0.00, real=0.00 secs] 
0.200: [Full GC (Ergonomics) [PSYoungGen: 512K->64K(1024K)] [ParOldGen: 478K->478K(512K)] 990K->542K(1536K), [Metaspace: 2696K->2696K(1056768K)], 0.0028235 secs] [Times: user=0.00 sys=0.00, real=0.00 secs] 
0.203: [Full GC (Ergonomics) [PSYoungGen: 512K->64K(1024K)] [ParOldGen: 478K->478K(512K)] 990K->542K(1536K), [Metaspace: 2696K->2696K(1056768K)], 0.0031216 secs] [Times: user=0.06 sys=0.00, real=0.00 secs] 
0.207: [Full GC (Ergonomics) [PSYoungGen: 512K->64K(1024K)] [ParOldGen: 478K->478K(512K)] 990K->542K(1536K), [Metaspace: 2696K->2696K(1056768K)], 0.0028542 secs] [Times: user=0.00 sys=0.00, real=0.00 secs] 
0.210: [Full GC (Ergonomics) [PSYoungGen: 512K->64K(1024K)] [ParOldGen: 478K->478K(512K)] 990K->542K(1536K), [Metaspace: 2696K->2696K(1056768K)], 0.0031240 secs] [Times: user=0.00 sys=0.00, real=0.00 secs] 
0.213: [Full GC (Ergonomics) [PSYoungGen: 512K->64K(1024K)] [ParOldGen: 478K->478K(512K)] 990K->542K(1536K), [Metaspace: 2696K->2696K(1056768K)], 0.0030636 secs] [Times: user=0.00 sys=0.00, real=0.00 secs] 
0.216: [Full GC (Ergonomics) [PSYoungGen: 512K->64K(1024K)] [ParOldGen: 478K->478K(512K)] 990K->542K(1536K), [Metaspace: 2696K->2696K(1056768K)], 0.0029632 secs] [Times: user=0.00 sys=0.00, real=0.00 secs] 
0.220: [Full GC (Ergonomics) [PSYoungGen: 512K->64K(1024K)] [ParOldGen: 478K->478K(512K)] 990K->542K(1536K), [Metaspace: 2696K->2696K(1056768K)], 0.0028202 secs] [Times: user=0.06 sys=0.00, real=0.00 secs] 
0.223: [Full GC (Ergonomics) [PSYoungGen: 512K->64K(1024K)] [ParOldGen: 478K->478K(512K)] 990K->542K(1536K), [Metaspace: 2696K->2696K(1056768K)], 0.0027823 secs] [Times: user=0.00 sys=0.00, real=0.00 secs] 
0.225: [Full GC (Ergonomics) [PSYoungGen: 512K->64K(1024K)] [ParOldGen: 478K->478K(512K)] 990K->542K(1536K), [Metaspace: 2696K->2696K(1056768K)], 0.0043211 secs] [Times: user=0.00 sys=0.00, real=0.00 secs] 
0.230: [Full GC (Ergonomics) [PSYoungGen: 512K->64K(1024K)] [ParOldGen: 478K->478K(512K)] 990K->542K(1536K), [Metaspace: 2696K->2696K(1056768K)], 0.0030269 secs] [Times: user=0.00 sys=0.00, real=0.00 secs] 
0.233: [Full GC (Ergonomics) [PSYoungGen: 512K->64K(1024K)] [ParOldGen: 478K->478K(512K)] 990K->542K(1536K), [Metaspace: 2696K->2696K(1056768K)], 0.0030912 secs] [Times: user=0.00 sys=0.00, real=0.00 secs] 
0.236: [Full GC (Ergonomics) [PSYoungGen: 512K->64K(1024K)] [ParOldGen: 478K->478K(512K)] 990K->542K(1536K), [Metaspace: 2696K->2696K(1056768K)], 0.0032481 secs] [Times: user=0.02 sys=0.02, real=0.00 secs] 
0.240: [Full GC (Ergonomics) [PSYoungGen: 512K->64K(1024K)] [ParOldGen: 478K->478K(512K)] 990K->542K(1536K), [Metaspace: 2696K->2696K(1056768K)], 0.0029930 secs] [Times: user=0.00 sys=0.00, real=0.00 secs] 
0.243: [Full GC (Ergonomics) [PSYoungGen: 512K->64K(1024K)] [ParOldGen: 478K->478K(512K)] 990K->542K(1536K), [Metaspace: 2696K->2696K(1056768K)], 0.0031441 secs] [Times: user=0.00 sys=0.00, real=0.00 secs] 
0.246: [Full GC (Ergonomics) [PSYoungGen: 512K->64K(1024K)] [ParOldGen: 478K->478K(512K)] 990K->542K(1536K), [Metaspace: 2696K->2696K(1056768K)], 0.0033788 secs] [Times: user=0.00 sys=0.00, real=0.00 secs] 
0.250: [Full GC (Ergonomics) [PSYoungGen: 512K->64K(1024K)] [ParOldGen: 478K->478K(512K)] 990K->542K(1536K), [Metaspace: 2696K->2696K(1056768K)], 0.0034500 secs] [Times: user=0.05 sys=0.00, real=0.00 secs] 
0.254: [Full GC (Ergonomics) [PSYoungGen: 512K->64K(1024K)] [ParOldGen: 478K->478K(512K)] 990K->542K(1536K), [Metaspace: 2696K->2696K(1056768K)], 0.0031874 secs] [Times: user=0.00 sys=0.00, real=0.00 secs] 
0.257: [Full GC (Ergonomics) [PSYoungGen: 512K->64K(1024K)] [ParOldGen: 478K->478K(512K)] 990K->542K(1536K), [Metaspace: 2696K->2696K(1056768K)], 0.0044782 secs] [Times: user=0.00 sys=0.00, real=0.00 secs] 
0.262: [Full GC (Ergonomics) [PSYoungGen: 512K->64K(1024K)] [ParOldGen: 478K->478K(512K)] 990K->542K(1536K), [Metaspace: 2696K->2696K(1056768K)], 0.0038812 secs] [Times: user=0.00 sys=0.00, real=0.00 secs] 
0.266: [Full GC (Ergonomics) [PSYoungGen: 512K->64K(1024K)] [ParOldGen: 478K->478K(512K)] 990K->542K(1536K), [Metaspace: 2696K->2696K(1056768K)], 0.0033926 secs] [Times: user=0.06 sys=0.00, real=0.00 secs] 
0.269: [Full GC (Ergonomics) [PSYoungGen: 512K->64K(1024K)] [ParOldGen: 478K->478K(512K)] 990K->542K(1536K), [Metaspace: 2696K->2696K(1056768K)], 0.0028794 secs] [Times: user=0.00 sys=0.00, real=0.00 secs] 
0.273: [Full GC (Ergonomics) [PSYoungGen: 512K->64K(1024K)] [ParOldGen: 478K->478K(512K)] 990K->542K(1536K), [Metaspace: 2696K->2696K(1056768K)], 0.0028256 secs] [Times: user=0.00 sys=0.00, real=0.00 secs] 
0.276: [Full GC (Ergonomics) [PSYoungGen: 512K->64K(1024K)] [ParOldGen: 478K->478K(512K)] 990K->542K(1536K), [Metaspace: 2696K->2696K(1056768K)], 0.0029816 secs] [Times: user=0.00 sys=0.00, real=0.00 secs] 
0.279: [Full GC (Ergonomics) [PSYoungGen: 512K->64K(1024K)] [ParOldGen: 478K->478K(512K)] 990K->542K(1536K), [Metaspace: 2696K->2696K(1056768K)], 0.0030374 secs] [Times: user=0.00 sys=0.00, real=0.00 secs] 
0.282: [Full GC (Ergonomics) [PSYoungGen: 512K->64K(1024K)] [ParOldGen: 478K->478K(512K)] 990K->542K(1536K), [Metaspace: 2696K->2696K(1056768K)], 0.0034731 secs] [Times: user=0.02 sys=0.00, real=0.00 secs] 
0.286: [Full GC (Ergonomics) [PSYoungGen: 512K->64K(1024K)] [ParOldGen: 478K->478K(512K)] 990K->542K(1536K), [Metaspace: 2696K->2696K(1056768K)], 0.0029221 secs] [Times: user=0.00 sys=0.00, real=0.00 secs] 
0.289: [Full GC (Ergonomics) [PSYoungGen: 512K->64K(1024K)] [ParOldGen: 478K->478K(512K)] 990K->542K(1536K), [Metaspace: 2696K->2696K(1056768K)], 0.0028253 secs] [Times: user=0.00 sys=0.00, real=0.00 secs] 
0.292: [Full GC (Ergonomics) [PSYoungGen: 512K->64K(1024K)] [ParOldGen: 478K->478K(512K)] 990K->542K(1536K), [Metaspace: 2696K->2696K(1056768K)], 0.0031456 secs] [Times: user=0.00 sys=0.00, real=0.00 secs] 
0.295: [Full GC (Ergonomics) [PSYoungGen: 512K->64K(1024K)] [ParOldGen: 478K->478K(512K)] 990K->542K(1536K), [Metaspace: 2696K->2696K(1056768K)], 0.0030359 secs] [Times: user=0.00 sys=0.00, real=0.00 secs] 
0.298: [Full GC (Ergonomics) [PSYoungGen: 512K->64K(1024K)] [ParOldGen: 478K->478K(512K)] 990K->542K(1536K), [Metaspace: 2696K->2696K(1056768K)], 0.0033421 secs] [Times: user=0.02 sys=0.00, real=0.00 secs] 
0.302: [Full GC (Ergonomics) [PSYoungGen: 512K->64K(1024K)] [ParOldGen: 478K->478K(512K)] 990K->542K(1536K), [Metaspace: 2696K->2696K(1056768K)], 0.0028974 secs] [Times: user=0.00 sys=0.00, real=0.00 secs] 
0.305: [Full GC (Ergonomics) [PSYoungGen: 512K->64K(1024K)] [ParOldGen: 478K->478K(512K)] 990K->542K(1536K), [Metaspace: 2696K->2696K(1056768K)], 0.0027526 secs] [Times: user=0.00 sys=0.00, real=0.00 secs] 
0.308: [Full GC (Ergonomics) [PSYoungGen: 512K->64K(1024K)] [ParOldGen: 478K->478K(512K)] 990K->542K(1536K), [Metaspace: 2696K->2696K(1056768K)], 0.0028118 secs] [Times: user=0.00 sys=0.00, real=0.00 secs] 
0.311: [Full GC (Ergonomics) [PSYoungGen: 512K->64K(1024K)] [ParOldGen: 478K->478K(512K)] 990K->542K(1536K), [Metaspace: 2696K->2696K(1056768K)], 0.0032529 secs] [Times: user=0.00 sys=0.00, real=0.00 secs] 
0.314: [Full GC (Ergonomics) [PSYoungGen: 512K->64K(1024K)] [ParOldGen: 478K->478K(512K)] 990K->542K(1536K), [Metaspace: 2696K->2696K(1056768K)], 0.0034632 secs] [Times: user=0.05 sys=0.00, real=0.00 secs] 
0.318: [Full GC (Ergonomics) [PSYoungGen: 512K->64K(1024K)] [ParOldGen: 478K->478K(512K)] 990K->542K(1536K), [Metaspace: 2696K->2696K(1056768K)], 0.0029016 secs] [Times: user=0.00 sys=0.00, real=0.00 secs] 
0.321: [Full GC (Ergonomics) [PSYoungGen: 512K->64K(1024K)] [ParOldGen: 478K->478K(512K)] 990K->542K(1536K), [Metaspace: 2696K->2696K(1056768K)], 0.0028166 secs] [Times: user=0.00 sys=0.00, real=0.00 secs] 
0.324: [Full GC (Ergonomics) [PSYoungGen: 512K->64K(1024K)] [ParOldGen: 478K->478K(512K)] 990K->542K(1536K), [Metaspace: 2696K->2696K(1056768K)], 0.0028908 secs] [Times: user=0.00 sys=0.00, real=0.00 secs] 
0.327: [Full GC (Ergonomics) [PSYoungGen: 512K->64K(1024K)] [ParOldGen: 478K->478K(512K)] 990K->542K(1536K), [Metaspace: 2696K->2696K(1056768K)], 0.0035993 secs] [Times: user=0.02 sys=0.00, real=0.00 secs] 
0.331: [Full GC (Ergonomics) [PSYoungGen: 512K->64K(1024K)] [ParOldGen: 478K->478K(512K)] 990K->542K(1536K), [Metaspace: 2696K->2696K(1056768K)], 0.0032231 secs] [Times: user=0.00 sys=0.00, real=0.00 secs] 
0.334: [Full GC (Ergonomics) [PSYoungGen: 512K->64K(1024K)] [ParOldGen: 478K->478K(512K)] 990K->542K(1536K), [Metaspace: 2696K->2696K(1056768K)], 0.0028100 secs] [Times: user=0.00 sys=0.00, real=0.00 secs] 
0.337: [Full GC (Ergonomics) [PSYoungGen: 512K->64K(1024K)] [ParOldGen: 478K->478K(512K)] 990K->542K(1536K), [Metaspace: 2696K->2696K(1056768K)], 0.0027544 secs] [Times: user=0.00 sys=0.00, real=0.00 secs] 
0.340: [Full GC (Ergonomics) [PSYoungGen: 512K->64K(1024K)] [ParOldGen: 478K->478K(512K)] 990K->542K(1536K), [Metaspace: 2696K->2696K(1056768K)], 0.0028064 secs] [Times: user=0.00 sys=0.00, real=0.00 secs] 
0.343: [Full GC (Ergonomics) [PSYoungGen: 512K->64K(1024K)] [ParOldGen: 478K->478K(512K)] 990K->542K(1536K), [Metaspace: 2696K->2696K(1056768K)], 0.0031582 secs] [Times: user=0.01 sys=0.01, real=0.00 secs] 
0.347: [Full GC (Ergonomics) [PSYoungGen: 512K->64K(1024K)] [ParOldGen: 478K->478K(512K)] 990K->542K(1536K), [Metaspace: 2696K->2696K(1056768K)], 0.0032688 secs] [Times: user=0.00 sys=0.00, real=0.00 secs] 
0.350: [Full GC (Ergonomics) [PSYoungGen: 512K->64K(1024K)] [ParOldGen: 478K->478K(512K)] 990K->542K(1536K), [Metaspace: 2696K->2696K(1056768K)], 0.0029677 secs] [Times: user=0.00 sys=0.00, real=0.00 secs] 
0.353: [Full GC (Ergonomics) [PSYoungGen: 512K->64K(1024K)] [ParOldGen: 478K->478K(512K)] 990K->542K(1536K), [Metaspace: 2696K->2696K(1056768K)], 0.0027941 secs] [Times: user=0.00 sys=0.00, real=0.00 secs] 
0.356: [Full GC (Ergonomics) [PSYoungGen: 512K->64K(1024K)] [ParOldGen: 478K->478K(512K)] 990K->542K(1536K), [Metaspace: 2696K->2696K(1056768K)], 0.0027974 secs] [Times: user=0.00 sys=0.00, real=0.00 secs] 
0.359: [Full GC (Ergonomics) [PSYoungGen: 512K->64K(1024K)] [ParOldGen: 478K->478K(512K)] 990K->542K(1536K), [Metaspace: 2696K->2696K(1056768K)], 0.0030801 secs] [Times: user=0.05 sys=0.00, real=0.00 secs] 
0.363: [Full GC (Ergonomics) [PSYoungGen: 512K->64K(1024K)] [ParOldGen: 478K->478K(512K)] 990K->542K(1536K), [Metaspace: 2696K->2696K(1056768K)], 0.0031345 secs] [Times: user=0.00 sys=0.00, real=0.00 secs] 
0.366: [Full GC (Ergonomics) [PSYoungGen: 512K->64K(1024K)] [ParOldGen: 478K->478K(512K)] 990K->542K(1536K), [Metaspace: 2696K->2696K(1056768K)], 0.0028866 secs] [Times: user=0.00 sys=0.00, real=0.00 secs] 
0.369: [Full GC (Ergonomics) [PSYoungGen: 512K->64K(1024K)] [ParOldGen: 478K->478K(512K)] 990K->542K(1536K), [Metaspace: 2696K->2696K(1056768K)], 0.0028058 secs] [Times: user=0.00 sys=0.00, real=0.00 secs] 
0.372: [Full GC (Ergonomics) [PSYoungGen: 512K->64K(1024K)] [ParOldGen: 478K->478K(512K)] 990K->542K(1536K), [Metaspace: 2696K->2696K(1056768K)], 0.0027688 secs] [Times: user=0.00 sys=0.00, real=0.00 secs] 
0.375: [Full GC (Ergonomics) [PSYoungGen: 512K->64K(1024K)] [ParOldGen: 478K->478K(512K)] 990K->542K(1536K), [Metaspace: 2696K->2696K(1056768K)], 0.0029509 secs] [Times: user=0.02 sys=0.00, real=0.00 secs] 
0.379: [Full GC (Ergonomics) [PSYoungGen: 512K->64K(1024K)] [ParOldGen: 478K->478K(512K)] 990K->542K(1536K), [Metaspace: 2696K->2696K(1056768K)], 0.0033454 secs] [Times: user=0.00 sys=0.00, real=0.00 secs] 
0.383: [Full GC (Ergonomics) [PSYoungGen: 512K->64K(1024K)] [ParOldGen: 478K->478K(512K)] 990K->542K(1536K), [Metaspace: 2696K->2696K(1056768K)], 0.0030032 secs] [Times: user=0.00 sys=0.00, real=0.00 secs] 
0.386: [Full GC (Ergonomics) [PSYoungGen: 512K->64K(1024K)] [ParOldGen: 478K->478K(512K)] 990K->542K(1536K), [Metaspace: 2696K->2696K(1056768K)], 0.0027863 secs] [Times: user=0.00 sys=0.00, real=0.00 secs] 
0.389: [Full GC (Ergonomics) [PSYoungGen: 512K->64K(1024K)] [ParOldGen: 478K->478K(512K)] 990K->542K(1536K), [Metaspace: 2696K->2696K(1056768K)], 0.0027772 secs] [Times: user=0.00 sys=0.00, real=0.00 secs] 
0.392: [Full GC (Ergonomics) [PSYoungGen: 512K->64K(1024K)] [ParOldGen: 478K->478K(512K)] 990K->542K(1536K), [Metaspace: 2696K->2696K(1056768K)], 0.0029704 secs] [Times: user=0.02 sys=0.00, real=0.00 secs] 
0.395: [Full GC (Ergonomics) [PSYoungGen: 512K->64K(1024K)] [ParOldGen: 478K->478K(512K)] 990K->542K(1536K), [Metaspace: 2696K->2696K(1056768K)], 0.0030594 secs] [Times: user=0.00 sys=0.00, real=0.00 secs] 
0.398: [Full GC (Ergonomics) [PSYoungGen: 512K->64K(1024K)] [ParOldGen: 478K->478K(512K)] 990K->542K(1536K), [Metaspace: 2696K->2696K(1056768K)], 0.0030882 secs] [Times: user=0.00 sys=0.00, real=0.00 secs] 
0.401: [Full GC (Ergonomics) [PSYoungGen: 512K->64K(1024K)] [ParOldGen: 478K->478K(512K)] 990K->542K(1536K), [Metaspace: 2696K->2696K(1056768K)], 0.0028163 secs] [Times: user=0.00 sys=0.00, real=0.00 secs] 
0.404: [Full GC (Ergonomics) [PSYoungGen: 512K->64K(1024K)] [ParOldGen: 478K->478K(512K)] 990K->542K(1536K), [Metaspace: 2696K->2696K(1056768K)], 0.0027604 secs] [Times: user=0.00 sys=0.00, real=0.00 secs] 
0.407: [Full GC (Ergonomics) [PSYoungGen: 512K->64K(1024K)] [ParOldGen: 478K->478K(512K)] 990K->542K(1536K), [Metaspace: 2696K->2696K(1056768K)], 0.0027424 secs] [Times: user=0.05 sys=0.00, real=0.00 secs] 
0.410: [Full GC (Ergonomics) [PSYoungGen: 512K->64K(1024K)] [ParOldGen: 478K->478K(512K)] 990K->542K(1536K), [Metaspace: 2696K->2696K(1056768K)], 0.0036943 secs] [Times: user=0.00 sys=0.00, real=0.00 secs] 
0.414: [Full GC (Ergonomics) [PSYoungGen: 512K->64K(1024K)] [ParOldGen: 478K->478K(512K)] 990K->542K(1536K), [Metaspace: 2696K->2696K(1056768K)], 0.0030519 secs] [Times: user=0.00 sys=0.00, real=0.00 secs] 
0.417: [Full GC (Ergonomics) [PSYoungGen: 512K->64K(1024K)] [ParOldGen: 478K->478K(512K)] 990K->542K(1536K), [Metaspace: 2696K->2696K(1056768K)], 0.0028238 secs] [Times: user=0.00 sys=0.00, real=0.00 secs] 
0.420: [Full GC (Ergonomics) [PSYoungGen: 512K->64K(1024K)] [ParOldGen: 478K->478K(512K)] 990K->542K(1536K), [Metaspace: 2696K->2696K(1056768K)], 0.0027811 secs] [Times: user=0.00 sys=0.00, real=0.00 secs] 
0.423: [Full GC (Ergonomics) [PSYoungGen: 512K->64K(1024K)] [ParOldGen: 478K->478K(512K)] 990K->542K(1536K), [Metaspace: 2696K->2696K(1056768K)], 0.0031285 secs] [Times: user=0.02 sys=0.00, real=0.00 secs] 
0.427: [Full GC (Ergonomics) [PSYoungGen: 512K->64K(1024K)] [ParOldGen: 478K->478K(512K)] 990K->542K(1536K), [Metaspace: 2696K->2696K(1056768K)], 0.0030047 secs] [Times: user=0.00 sys=0.00, real=0.00 secs] 
0.430: [Full GC (Ergonomics) [PSYoungGen: 512K->64K(1024K)] [ParOldGen: 478K->478K(512K)] 990K->542K(1536K), [Metaspace: 2696K->2696K(1056768K)], 0.0030224 secs] [Times: user=0.00 sys=0.00, real=0.00 secs] 
0.433: [Full GC (Ergonomics) [PSYoungGen: 512K->64K(1024K)] [ParOldGen: 478K->478K(512K)] 990K->542K(1536K), [Metaspace: 2696K->2696K(1056768K)], 0.0028776 secs] [Times: user=0.00 sys=0.00, real=0.00 secs] 
0.436: [Full GC (Ergonomics) [PSYoungGen: 512K->64K(1024K)] [ParOldGen: 478K->478K(512K)] 990K->542K(1536K), [Metaspace: 2696K->2696K(1056768K)], 0.0027790 secs] [Times: user=0.00 sys=0.00, real=0.00 secs] 
0.439: [Full GC (Ergonomics) [PSYoungGen: 512K->64K(1024K)] [ParOldGen: 478K->478K(512K)] 990K->542K(1536K), [Metaspace: 2696K->2696K(1056768K)], 0.0032258 secs] [Times: user=0.02 sys=0.00, real=0.00 secs] 
0.442: [Full GC (Ergonomics) [PSYoungGen: 512K->64K(1024K)] [ParOldGen: 478K->478K(512K)] 990K->542K(1536K), [Metaspace: 2696K->2696K(1056768K)], 0.0030365 secs] [Times: user=0.00 sys=0.00, real=0.00 secs] 
0.446: [Full GC (Ergonomics) [PSYoungGen: 512K->64K(1024K)] [ParOldGen: 478K->478K(512K)] 990K->542K(1536K), [Metaspace: 2696K->2696K(1056768K)], 0.0030885 secs] [Times: user=0.00 sys=0.00, real=0.00 secs] 
0.449: [Full GC (Ergonomics) [PSYoungGen: 512K->64K(1024K)] [ParOldGen: 478K->478K(512K)] 990K->542K(1536K), [Metaspace: 2696K->2696K(1056768K)], 0.0029067 secs] [Times: user=0.00 sys=0.00, real=0.00 secs] 
0.452: [Full GC (Ergonomics) [PSYoungGen: 512K->64K(1024K)] [ParOldGen: 478K->478K(512K)] 990K->542K(1536K), [Metaspace: 2696K->2696K(1056768K)], 0.0028704 secs] [Times: user=0.00 sys=0.00, real=0.00 secs] 
0.455: [Full GC (Ergonomics) [PSYoungGen: 512K->64K(1024K)] [ParOldGen: 478K->478K(512K)] 990K->542K(1536K), [Metaspace: 2696K->2696K(1056768K)], 0.0028040 secs] [Times: user=0.06 sys=0.00, real=0.00 secs] 
0.458: [Full GC (Ergonomics) [PSYoungGen: 512K->64K(1024K)] [ParOldGen: 478K->478K(512K)] 990K->542K(1536K), [Metaspace: 2696K->2696K(1056768K)], 0.0031195 secs] [Times: user=0.00 sys=0.00, real=0.00 secs] 
0.461: [Full GC (Ergonomics) [PSYoungGen: 512K->64K(1024K)] [ParOldGen: 478K->478K(512K)] 990K->542K(1536K), [Metaspace: 2696K->2696K(1056768K)], 0.0031787 secs] [Times: user=0.00 sys=0.00, real=0.00 secs] 
0.465: [Full GC (Ergonomics) [PSYoungGen: 512K->64K(1024K)] [ParOldGen: 478K->478K(512K)] 990K->542K(1536K), [Metaspace: 2696K->2696K(1056768K)], 0.0029374 secs] [Times: user=0.00 sys=0.00, real=0.00 secs] 
0.468: [Full GC (Ergonomics) [PSYoungGen: 512K->64K(1024K)] [ParOldGen: 478K->478K(512K)] 990K->542K(1536K), [Metaspace: 2696K->2696K(1056768K)], 0.0027619 secs] [Times: user=0.02 sys=0.00, real=0.00 secs] 
0.471: [Full GC (Ergonomics) [PSYoungGen: 512K->64K(1024K)] [ParOldGen: 478K->478K(512K)] 990K->542K(1536K), [Metaspace: 2696K->2696K(1056768K)], 0.0027646 secs] [Times: user=0.00 sys=0.00, real=0.00 secs] 
0.474: [Full GC (Ergonomics) [PSYoungGen: 512K->64K(1024K)] [ParOldGen: 478K->478K(512K)] 990K->542K(1536K), [Metaspace: 2696K->2696K(1056768K)], 0.0034683 secs] [Times: user=0.00 sys=0.00, real=0.00 secs] 
0.477: [Full GC (Ergonomics) [PSYoungGen: 512K->64K(1024K)] [ParOldGen: 478K->478K(512K)] 990K->542K(1536K), [Metaspace: 2696K->2696K(1056768K)], 0.0033310 secs] [Times: user=0.00 sys=0.00, real=0.00 secs] 
0.481: [Full GC (Ergonomics) [PSYoungGen: 512K->64K(1024K)] [ParOldGen: 478K->478K(512K)] 990K->542K(1536K), [Metaspace: 2696K->2696K(1056768K)], 0.0028842 secs] [Times: user=0.00 sys=0.00, real=0.00 secs] 
0.484: [Full GC (Ergonomics) [PSYoungGen: 512K->64K(1024K)] [ParOldGen: 478K->478K(512K)] 990K->542K(1536K), [Metaspace: 2696K->2696K(1056768K)], 0.0027802 secs] [Times: user=0.06 sys=0.00, real=0.00 secs] 
0.487: [Full GC (Ergonomics) [PSYoungGen: 512K->64K(1024K)] [ParOldGen: 478K->478K(512K)] 990K->542K(1536K), [Metaspace: 2696K->2696K(1056768K)], 0.0027439 secs] [Times: user=0.00 sys=0.00, real=0.00 secs] 
0.490: [Full GC (Ergonomics) [PSYoungGen: 512K->64K(1024K)] [ParOldGen: 478K->478K(512K)] 990K->542K(1536K), [Metaspace: 2696K->2696K(1056768K)], 0.0028373 secs] [Times: user=0.00 sys=0.00, real=0.00 secs] 
0.493: [Full GC (Ergonomics) [PSYoungGen: 512K->64K(1024K)] [ParOldGen: 478K->478K(512K)] 990K->542K(1536K), [Metaspace: 2696K->2696K(1056768K)], 0.0034121 secs] [Times: user=0.00 sys=0.00, real=0.00 secs] 
0.496: [Full GC (Ergonomics) [PSYoungGen: 512K->64K(1024K)] [ParOldGen: 478K->478K(512K)] 990K->542K(1536K), [Metaspace: 2696K->2696K(1056768K)], 0.0031531 secs] [Times: user=0.00 sys=0.00, real=0.00 secs] 
0.500: [Full GC (Ergonomics) [PSYoungGen: 512K->64K(1024K)] [ParOldGen: 478K->478K(512K)] 990K->542K(1536K), [Metaspace: 2696K->2696K(1056768K)], 0.0029278 secs] [Times: user=0.03 sys=0.00, real=0.00 secs] 
0.503: [Full GC (Ergonomics) [PSYoungGen: 512K->64K(1024K)] [ParOldGen: 478K->478K(512K)] 990K->542K(1536K), [Metaspace: 2696K->2696K(1056768K)], 0.0033740 secs] [Times: user=0.00 sys=0.00, real=0.00 secs] 
0.507: [Full GC (Ergonomics) [PSYoungGen: 512K->64K(1024K)] [ParOldGen: 478K->478K(512K)] 990K->542K(1536K), [Metaspace: 2696K->2696K(1056768K)], 0.0028346 secs] [Times: user=0.00 sys=0.00, real=0.00 secs] 
0.510: [Full GC (Ergonomics) [PSYoungGen: 512K->64K(1024K)] [ParOldGen: 478K->478K(512K)] 990K->542K(1536K), [Metaspace: 2696K->2696K(1056768K)], 0.0031928 secs] [Times: user=0.00 sys=0.00, real=0.00 secs] 
0.513: [Full GC (Ergonomics) [PSYoungGen: 512K->64K(1024K)] [ParOldGen: 478K->478K(512K)] 990K->542K(1536K), [Metaspace: 2696K->2696K(1056768K)], 0.0030630 secs] [Times: user=0.00 sys=0.00, real=0.00 secs] 
0.516: [Full GC (Ergonomics) [PSYoungGen: 512K->64K(1024K)] [ParOldGen: 478K->478K(512K)] 990K->542K(1536K), [Metaspace: 2696K->2696K(1056768K)], 0.0031135 secs] [Times: user=0.06 sys=0.00, real=0.00 secs] 
0.519: [Full GC (Ergonomics) [PSYoungGen: 512K->64K(1024K)] [ParOldGen: 478K->478K(512K)] 990K->542K(1536K), [Metaspace: 2696K->2696K(1056768K)], 0.0028968 secs] [Times: user=0.00 sys=0.00, real=0.00 secs] 
0.523: [Full GC (Ergonomics) [PSYoungGen: 512K->64K(1024K)] [ParOldGen: 478K->478K(512K)] 990K->542K(1536K), [Metaspace: 2696K->2696K(1056768K)], 0.0028142 secs] [Times: user=0.00 sys=0.00, real=0.00 secs] 
0.526: [Full GC (Ergonomics) [PSYoungGen: 512K->64K(1024K)] [ParOldGen: 478K->478K(512K)] 990K->542K(1536K), [Metaspace: 2696K->2696K(1056768K)], 0.0030233 secs] [Times: user=0.00 sys=0.00, real=0.00 secs] 
0.529: [Full GC (Ergonomics) [PSYoungGen: 512K->64K(1024K)] [ParOldGen: 478K->478K(512K)] 990K->542K(1536K), [Metaspace: 2696K->2696K(1056768K)], 0.0030750 secs] [Times: user=0.00 sys=0.00, real=0.00 secs] 
0.532: [Full GC (Ergonomics) [PSYoungGen: 512K->64K(1024K)] [ParOldGen: 478K->478K(512K)] 990K->542K(1536K), [Metaspace: 2696K->2696K(1056768K)], 0.0031657 secs] [Times: user=0.02 sys=0.00, real=0.00 secs] 
0.535: [Full GC (Ergonomics) [PSYoungGen: 512K->64K(1024K)] [ParOldGen: 478K->478K(512K)] 990K->542K(1536K), [Metaspace: 2696K->2696K(1056768K)], 0.0029248 secs] [Times: user=0.00 sys=0.00, real=0.00 secs] 
0.538: [Full GC (Ergonomics) [PSYoungGen: 512K->64K(1024K)] [ParOldGen: 478K->478K(512K)] 990K->542K(1536K), [Metaspace: 2696K->2696K(1056768K)], 0.0027992 secs] [Times: user=0.00 sys=0.00, real=0.00 secs] 
0.541: [Full GC (Ergonomics) [PSYoungGen: 512K->64K(1024K)] [ParOldGen: 478K->478K(512K)] 990K->542K(1536K), [Metaspace: 2696K->2696K(1056768K)], 0.0029647 secs] [Times: user=0.00 sys=0.00, real=0.00 secs] 
0.545: [Full GC (Ergonomics) [PSYoungGen: 512K->64K(1024K)] [ParOldGen: 478K->478K(512K)] 990K->542K(1536K), [Metaspace: 2696K->2696K(1056768K)], 0.0031195 secs] [Times: user=0.00 sys=0.00, real=0.00 secs] 
0.548: [Full GC (Ergonomics) [PSYoungGen: 512K->64K(1024K)] [ParOldGen: 478K->478K(512K)] 990K->542K(1536K), [Metaspace: 2696K->2696K(1056768K)], 0.0029290 secs] [Times: user=0.02 sys=0.00, real=0.00 secs] 
0.551: [Full GC (Ergonomics) [PSYoungGen: 512K->64K(1024K)] [ParOldGen: 478K->478K(512K)] 990K->542K(1536K), [Metaspace: 2696K->2696K(1056768K)], 0.0029278 secs] [Times: user=0.00 sys=0.00, real=0.00 secs] 
0.554: [Full GC (Ergonomics) [PSYoungGen: 512K->64K(1024K)] [ParOldGen: 478K->478K(512K)] 990K->542K(1536K), [Metaspace: 2696K->2696K(1056768K)], 0.0032778 secs] [Times: user=0.00 sys=0.00, real=0.00 secs] 
0.558: [Full GC (Ergonomics) [PSYoungGen: 512K->64K(1024K)] [ParOldGen: 478K->478K(512K)] 990K->542K(1536K), [Metaspace: 2696K->2696K(1056768K)], 0.0031195 secs] [Times: user=0.00 sys=0.00, real=0.00 secs] 
0.561: [Full GC (Ergonomics) [PSYoungGen: 512K->64K(1024K)] [ParOldGen: 478K->478K(512K)] 990K->542K(1536K), [Metaspace: 2696K->2696K(1056768K)], 0.0031432 secs] [Times: user=0.00 sys=0.00, real=0.00 secs] 
0.564: [Full GC (Ergonomics) [PSYoungGen: 512K->64K(1024K)] [ParOldGen: 478K->478K(512K)] 990K->542K(1536K), [Metaspace: 2696K->2696K(1056768K)], 0.0030353 secs] [Times: user=0.06 sys=0.00, real=0.00 secs] 
0.568: [Full GC (Ergonomics) [PSYoungGen: 512K->64K(1024K)] [ParOldGen: 478K->478K(512K)] 990K->542K(1536K), [Metaspace: 2696K->2696K(1056768K)], 0.0030302 secs] [Times: user=0.00 sys=0.00, real=0.00 secs] 
0.571: [Full GC (Ergonomics) [PSYoungGen: 512K->64K(1024K)] [ParOldGen: 478K->478K(512K)] 990K->542K(1536K), [Metaspace: 2696K->2696K(1056768K)], 0.0027965 secs] [Times: user=0.00 sys=0.00, real=0.00 secs] 
0.574: [Full GC (Ergonomics) [PSYoungGen: 512K->64K(1024K)] [ParOldGen: 478K->478K(512K)] 990K->542K(1536K), [Metaspace: 2696K->2696K(1056768K)], 0.0029777 secs] [Times: user=0.00 sys=0.00, real=0.00 secs] 
0.577: [Full GC (Ergonomics) [PSYoungGen: 512K->64K(1024K)] [ParOldGen: 478K->478K(512K)] 990K->542K(1536K), [Metaspace: 2696K->2696K(1056768K)], 0.0031691 secs] [Times: user=0.00 sys=0.00, real=0.00 secs] 
0.580: [Full GC (Ergonomics) [PSYoungGen: 512K->64K(1024K)] [ParOldGen: 478K->478K(512K)] 990K->542K(1536K), [Metaspace: 2696K->2696K(1056768K)], 0.0029254 secs] [Times: user=0.06 sys=0.00, real=0.00 secs] 
0.583: [Full GC (Ergonomics) [PSYoungGen: 512K->64K(1024K)] [ParOldGen: 478K->478K(512K)] 990K->542K(1536K), [Metaspace: 2696K->2696K(1056768K)], 0.0032126 secs] [Times: user=0.00 sys=0.00, real=0.00 secs] 
0.587: [Full GC (Ergonomics) [PSYoungGen: 512K->64K(1024K)] [ParOldGen: 478K->478K(512K)] 990K->542K(1536K), [Metaspace: 2696K->2696K(1056768K)], 0.0027673 secs] [Times: user=0.00 sys=0.00, real=0.00 secs] 
0.590: [Full GC (Ergonomics) [PSYoungGen: 512K->64K(1024K)] [ParOldGen: 478K->478K(512K)] 990K->542K(1536K), [Metaspace: 2696K->2696K(1056768K)], 0.0028971 secs] [Times: user=0.00 sys=0.00, real=0.00 secs] 
0.593: [Full GC (Ergonomics) [PSYoungGen: 512K->64K(1024K)] [ParOldGen: 478K->478K(512K)] 990K->542K(1536K), [Metaspace: 2696K->2696K(1056768K)], 0.0029771 secs] [Times: user=0.00 sys=0.00, real=0.00 secs] 
0.596: [Full GC (Ergonomics) [PSYoungGen: 512K->64K(1024K)] [ParOldGen: 478K->478K(512K)] 990K->542K(1536K), [Metaspace: 2696K->2696K(1056768K)], 0.0034226 secs] [Times: user=0.00 sys=0.00, real=0.00 secs] 
0.600: [Full GC (Ergonomics) [PSYoungGen: 512K->64K(1024K)] [ParOldGen: 478K->478K(512K)] 990K->542K(1536K), [Metaspace: 2696K->2696K(1056768K)], 0.0029461 secs] [Times: user=0.00 sys=0.00, real=0.00 secs] 
0.603: [Full GC (Ergonomics) [PSYoungGen: 512K->64K(1024K)] [ParOldGen: 478K->478K(512K)] 990K->542K(1536K), [Metaspace: 2696K->2696K(1056768K)], 0.0028463 secs] [Times: user=0.00 sys=0.00, real=0.00 secs] 
0.606: [Full GC (Ergonomics) [PSYoungGen: 512K->64K(1024K)] [ParOldGen: 478K->478K(512K)] 990K->542K(1536K), [Metaspace: 2696K->2696K(1056768K)], 0.0028590 secs] [Times: user=0.00 sys=0.00, real=0.00 secs] 
0.609: [Full GC (Ergonomics) [PSYoungGen: 512K->64K(1024K)] [ParOldGen: 478K->478K(512K)] 990K->542K(1536K), [Metaspace: 2696K->2696K(1056768K)], 0.0029641 secs] [Times: user=0.02 sys=0.00, real=0.00 secs] 
0.612: [Full GC (Ergonomics) [PSYoungGen: 512K->64K(1024K)] [ParOldGen: 478K->478K(512K)] 990K->542K(1536K), [Metaspace: 2696K->2696K(1056768K)], 0.0030251 secs] [Times: user=0.00 sys=0.00, real=0.00 secs] 
0.615: [Full GC (Ergonomics) [PSYoungGen: 512K->64K(1024K)] [ParOldGen: 478K->478K(512K)] 990K->542K(1536K), [Metaspace: 2696K->2696K(1056768K)], 0.0029915 secs] [Times: user=0.00 sys=0.00, real=0.00 secs] 
0.618: [Full GC (Ergonomics) [PSYoungGen: 512K->64K(1024K)] [ParOldGen: 478K->478K(512K)] 990K->542K(1536K), [Metaspace: 2696K->2696K(1056768K)], 0.0028503 secs] [Times: user=0.00 sys=0.00, real=0.00 secs] 
0.621: [Full GC (Ergonomics) [PSYoungGen: 512K->64K(1024K)] [ParOldGen: 478K->478K(512K)] 990K->542K(1536K), [Metaspace: 2696K->2696K(1056768K)], 0.0027610 secs] [Times: user=0.00 sys=0.00, real=0.00 secs] 
0.624: [Full GC (Ergonomics) [PSYoungGen: 512K->64K(1024K)] [ParOldGen: 478K->478K(512K)] 990K->542K(1536K), [Metaspace: 2696K->2696K(1056768K)], 0.0031811 secs] [Times: user=0.05 sys=0.00, real=0.00 secs] 
0.628: [Full GC (Ergonomics) [PSYoungGen: 512K->64K(1024K)] [ParOldGen: 478K->478K(512K)] 990K->542K(1536K), [Metaspace: 2696K->2696K(1056768K)], 0.0033307 secs] [Times: user=0.00 sys=0.00, real=0.00 secs] 
0.631: [Full GC (Ergonomics) [PSYoungGen: 512K->64K(1024K)] [ParOldGen: 478K->478K(512K)] 990K->542K(1536K), [Metaspace: 2696K->2696K(1056768K)], 0.0029413 secs] [Times: user=0.00 sys=0.00, real=0.00 secs] 
0.634: [Full GC (Ergonomics) [PSYoungGen: 512K->64K(1024K)] [ParOldGen: 478K->478K(512K)] 990K->542K(1536K), [Metaspace: 2696K->2696K(1056768K)], 0.0027935 secs] [Times: user=0.00 sys=0.00, real=0.00 secs] 
0.637: [Full GC (Ergonomics) [PSYoungGen: 512K->64K(1024K)] [ParOldGen: 478K->478K(512K)] 990K->542K(1536K), [Metaspace: 2696K->2696K(1056768K)], 0.0028232 secs] [Times: user=0.00 sys=0.00, real=0.00 secs] 
0.640: [Full GC (Ergonomics) [PSYoungGen: 512K->64K(1024K)] [ParOldGen: 478K->478K(512K)] 990K->542K(1536K), [Metaspace: 2696K->2696K(1056768K)], 0.0028791 secs] [Times: user=0.05 sys=0.00, real=0.00 secs] 
0.643: [Full GC (Ergonomics) [PSYoungGen: 512K->64K(1024K)] [ParOldGen: 478K->478K(512K)] 990K->542K(1536K), [Metaspace: 2696K->2696K(1056768K)], 0.0033959 secs] [Times: user=0.00 sys=0.00, real=0.00 secs] 
0.647: [Full GC (Ergonomics) [PSYoungGen: 512K->64K(1024K)] [ParOldGen: 478K->478K(512K)] 990K->542K(1536K), [Metaspace: 2696K->2696K(1056768K)], 0.0030221 secs] [Times: user=0.00 sys=0.00, real=0.00 secs] 
0.650: [Full GC (Ergonomics) [PSYoungGen: 512K->64K(1024K)] [ParOldGen: 478K->478K(512K)] 990K->542K(1536K), [Metaspace: 2696K->2696K(1056768K)], 0.0028229 secs] [Times: user=0.00 sys=0.00, real=0.00 secs] 
0.653: [Full GC (Ergonomics) [PSYoungGen: 512K->64K(1024K)] [ParOldGen: 478K->478K(512K)] 990K->542K(1536K), [Metaspace: 2696K->2696K(1056768K)], 0.0027721 secs] [Times: user=0.00 sys=0.00, real=0.00 secs] 
0.656: [Full GC (Ergonomics) [PSYoungGen: 512K->64K(1024K)] [ParOldGen: 478K->478K(512K)] 990K->542K(1536K), [Metaspace: 2696K->2696K(1056768K)], 0.0027628 secs] [Times: user=0.05 sys=0.00, real=0.00 secs] 
0.659: [Full GC (Ergonomics) [PSYoungGen: 512K->64K(1024K)] [ParOldGen: 478K->478K(512K)] 990K->542K(1536K), [Metaspace: 2696K->2696K(1056768K)], 0.0035206 secs] [Times: user=0.00 sys=0.00, real=0.00 secs] 
0.663: [Full GC (Ergonomics) [PSYoungGen: 512K->64K(1024K)] [ParOldGen: 478K->478K(512K)] 990K->542K(1536K), [Metaspace: 2696K->2696K(1056768K)], 0.0030474 secs] [Times: user=0.00 sys=0.00, real=0.00 secs] 
0.666: [Full GC (Ergonomics) [PSYoungGen: 512K->64K(1024K)] [ParOldGen: 478K->478K(512K)] 990K->542K(1536K), [Metaspace: 2696K->2696K(1056768K)], 0.0030813 secs] [Times: user=0.00 sys=0.00, real=0.00 secs] 
0.669: [Full GC (Ergonomics) [PSYoungGen: 512K->64K(1024K)] [ParOldGen: 478K->478K(512K)] 990K->542K(1536K), [Metaspace: 2696K->2696K(1056768K)], 0.0028815 secs] [Times: user=0.00 sys=0.00, real=0.00 secs] 
0.672: [Full GC (Ergonomics) [PSYoungGen: 512K->64K(1024K)] [ParOldGen: 478K->478K(512K)] 990K->542K(1536K), [Metaspace: 2696K->2696K(1056768K)], 0.0031543 secs] [Times: user=0.05 sys=0.00, real=0.00 secs] 
0.676: [Full GC (Ergonomics) [PSYoungGen: 512K->64K(1024K)] [ParOldGen: 478K->478K(512K)] 990K->542K(1536K), [Metaspace: 2696K->2696K(1056768K)], 0.0030221 secs] [Times: user=0.00 sys=0.00, real=0.00 secs] 
0.679: [Full GC (Ergonomics) [PSYoungGen: 512K->64K(1024K)] [ParOldGen: 478K->478K(512K)] 990K->542K(1536K), [Metaspace: 2696K->2696K(1056768K)], 0.0030528 secs] [Times: user=0.00 sys=0.00, real=0.00 secs] 
0.682: [Full GC (Ergonomics) [PSYoungGen: 512K->64K(1024K)] [ParOldGen: 478K->478K(512K)] 990K->542K(1536K), [Metaspace: 2696K->2696K(1056768K)], 0.0030119 secs] [Times: user=0.00 sys=0.00, real=0.00 secs] 
0.685: [Full GC (Ergonomics) [PSYoungGen: 512K->64K(1024K)] [ParOldGen: 478K->478K(512K)] 990K->542K(1536K), [Metaspace: 2696K->2696K(1056768K)], 0.0027682 secs] [Times: user=0.00 sys=0.00, real=0.00 secs] 
0.688: [Full GC (Ergonomics) [PSYoungGen: 512K->64K(1024K)] [ParOldGen: 478K->478K(512K)] 990K->542K(1536K), [Metaspace: 2696K->2696K(1056768K)], 0.0027742 secs] [Times: user=0.05 sys=0.00, real=0.00 secs] 
0.691: [Full GC (Ergonomics) [PSYoungGen: 512K->64K(1024K)] [ParOldGen: 478K->478K(512K)] 990K->542K(1536K), [Metaspace: 2696K->2696K(1056768K)], 0.0032168 secs] [Times: user=0.00 sys=0.00, real=0.00 secs] 
0.695: [Full GC (Ergonomics) [PSYoungGen: 512K->64K(1024K)] [ParOldGen: 478K->478K(512K)] 990K->542K(1536K), [Metaspace: 2696K->2696K(1056768K)], 0.0030468 secs] [Times: user=0.00 sys=0.00, real=0.00 secs] 
0.698: [Full GC (Ergonomics) [PSYoungGen: 512K->64K(1024K)] [ParOldGen: 478K->478K(512K)] 990K->542K(1536K), [Metaspace: 2696K->2696K(1056768K)], 0.0029100 secs] [Times: user=0.00 sys=0.00, real=0.00 secs] 
0.701: [Full GC (Ergonomics) [PSYoungGen: 512K->64K(1024K)] [ParOldGen: 478K->478K(512K)] 990K->542K(1536K), [Metaspace: 2696K->2696K(1056768K)], 0.0027496 secs] [Times: user=0.00 sys=0.00, real=0.00 secs] 
0.704: [Full GC (Ergonomics) [PSYoungGen: 512K->64K(1024K)] [ParOldGen: 478K->478K(512K)] 990K->542K(1536K), [Metaspace: 2696K->2696K(1056768K)], 0.0036871 secs] [Times: user=0.06 sys=0.00, real=0.00 secs] 
0.708: [Full GC (Ergonomics) [PSYoungGen: 512K->64K(1024K)] [ParOldGen: 478K->478K(512K)] 990K->542K(1536K), [Metaspace: 2696K->2696K(1056768K)], 0.0034290 secs] [Times: user=0.00 sys=0.00, real=0.00 secs] 
0.712: [Full GC (Ergonomics) [PSYoungGen: 512K->64K(1024K)] [ParOldGen: 478K->478K(512K)] 990K->542K(1536K), [Metaspace: 2696K->2696K(1056768K)], 0.0034365 secs] [Times: user=0.00 sys=0.00, real=0.00 secs] 
0.715: [Full GC (Ergonomics) [PSYoungGen: 512K->64K(1024K)] [ParOldGen: 478K->478K(512K)] 990K->542K(1536K), [Metaspace: 2696K->2696K(1056768K)], 0.0029422 secs] [Times: user=0.00 sys=0.00, real=0.00 secs] 
0.718: [Full GC (Ergonomics) [PSYoungGen: 512K->64K(1024K)] [ParOldGen: 478K->478K(512K)] 990K->542K(1536K), [Metaspace: 2696K->2696K(1056768K)], 0.0028166 secs] [Times: user=0.06 sys=0.00, real=0.00 secs] 
0.721: [Full GC (Ergonomics) [PSYoungGen: 512K->64K(1024K)] [ParOldGen: 478K->478K(512K)] 990K->542K(1536K), [Metaspace: 2696K->2696K(1056768K)], 0.0032844 secs] [Times: user=0.00 sys=0.00, real=0.00 secs] 
0.725: [Full GC (Ergonomics) [PSYoungGen: 512K->64K(1024K)] [ParOldGen: 478K->478K(512K)] 990K->542K(1536K), [Metaspace: 2696K->2696K(1056768K)], 0.0031234 secs] [Times: user=0.00 sys=0.00, real=0.00 secs] 
0.728: [Full GC (Ergonomics) [PSYoungGen: 512K->64K(1024K)] [ParOldGen: 478K->478K(512K)] 990K->542K(1536K), [Metaspace: 2696K->2696K(1056768K)], 0.0031579 secs] [Times: user=0.00 sys=0.00, real=0.00 secs] 
0.731: [Full GC (Ergonomics) [PSYoungGen: 512K->64K(1024K)] [ParOldGen: 478K->478K(512K)] 990K->542K(1536K), [Metaspace: 2696K->2696K(1056768K)], 0.0029076 secs] [Times: user=0.00 sys=0.00, real=0.00 secs] 
0.734: [Full GC (Ergonomics) [PSYoungGen: 512K->64K(1024K)] [ParOldGen: 478K->478K(512K)] 990K->542K(1536K), [Metaspace: 2696K->2696K(1056768K)], 0.0027763 secs] [Times: user=0.06 sys=0.00, real=0.00 secs] 
0.737: [Full GC (Ergonomics) [PSYoungGen: 512K->64K(1024K)] [ParOldGen: 478K->478K(512K)] 990K->542K(1536K), [Metaspace: 2696K->2696K(1056768K)], 0.0027793 secs] [Times: user=0.00 sys=0.00, real=0.00 secs] 
0.740: [Full GC (Ergonomics) [PSYoungGen: 512K->64K(1024K)] [ParOldGen: 478K->478K(512K)] 990K->542K(1536K), [Metaspace: 2696K->2696K(1056768K)], 0.0029638 secs] [Times: user=0.00 sys=0.00, real=0.00 secs] 
0.744: [Full GC (Ergonomics) [PSYoungGen: 512K->64K(1024K)] [ParOldGen: 478K->478K(512K)] 990K->542K(1536K), [Metaspace: 2696K->2696K(1056768K)], 0.0037240 secs] [Times: user=0.00 sys=0.00, real=0.00 secs] 
0.747: [Full GC (Ergonomics) [PSYoungGen: 512K->64K(1024K)] [ParOldGen: 478K->478K(512K)] 990K->542K(1536K), [Metaspace: 2696K->2696K(1056768K)], 0.0029410 secs] [Times: user=0.00 sys=0.00, real=0.00 secs] 
0.751: [Full GC (Ergonomics) [PSYoungGen: 512K->64K(1024K)] [ParOldGen: 478K->478K(512K)] 990K->542K(1536K), [Metaspace: 2696K->2696K(1056768K)], 0.0032946 secs] [Times: user=0.01 sys=0.00, real=0.00 secs] 
0.754: [Full GC (Ergonomics) [PSYoungGen: 512K->64K(1024K)] [ParOldGen: 478K->478K(512K)] 990K->542K(1536K), [Metaspace: 2696K->2696K(1056768K)], 0.0029076 secs] [Times: user=0.00 sys=0.00, real=0.00 secs] 
0.757: [Full GC (Ergonomics) [PSYoungGen: 512K->64K(1024K)] [ParOldGen: 478K->478K(512K)] 990K->542K(1536K), [Metaspace: 2696K->2696K(1056768K)], 0.0030843 secs] [Times: user=0.00 sys=0.00, real=0.00 secs] 
0.760: [Full GC (Ergonomics) [PSYoungGen: 512K->64K(1024K)] [ParOldGen: 478K->478K(512K)] 990K->542K(1536K), [Metaspace: 2696K->2696K(1056768K)], 0.0032331 secs] [Times: user=0.00 sys=0.00, real=0.00 secs] 
0.764: [Full GC (Ergonomics) [PSYoungGen: 512K->64K(1024K)] [ParOldGen: 478K->478K(512K)] 990K->542K(1536K), [Metaspace: 2696K->2696K(1056768K)], 0.0030450 secs] [Times: user=0.00 sys=0.00, real=0.00 secs] 
0.767: [Full GC (Ergonomics) [PSYoungGen: 512K->64K(1024K)] [ParOldGen: 478K->478K(512K)] 990K->542K(1536K), [Metaspace: 2696K->2696K(1056768K)], 0.0029209 secs] [Times: user=0.02 sys=0.00, real=0.00 secs] 
0.770: [Full GC (Ergonomics) [PSYoungGen: 512K->64K(1024K)] [ParOldGen: 478K->478K(512K)] 990K->542K(1536K), [Metaspace: 2696K->2696K(1056768K)], 0.0030618 secs] [Times: user=0.00 sys=0.00, real=0.00 secs] 
0.773: [Full GC (Ergonomics) [PSYoungGen: 512K->64K(1024K)] [ParOldGen: 478K->478K(512K)] 990K->542K(1536K), [Metaspace: 2696K->2696K(1056768K)], 0.0030837 secs] [Times: user=0.00 sys=0.00, real=0.00 secs] 
0.777: [Full GC (Ergonomics) [PSYoungGen: 512K->64K(1024K)] [ParOldGen: 478K->478K(512K)] 990K->542K(1536K), [Metaspace: 2696K->2696K(1056768K)], 0.0040395 secs] [Times: user=0.00 sys=0.00, real=0.00 secs] 
0.781: [Full GC (Ergonomics) [PSYoungGen: 512K->64K(1024K)] [ParOldGen: 478K->478K(512K)] 990K->542K(1536K), [Metaspace: 2696K->2696K(1056768K)], 0.0029281 secs] [Times: user=0.05 sys=0.00, real=0.00 secs] 
0.784: [Full GC (Ergonomics) [PSYoungGen: 512K->64K(1024K)] [ParOldGen: 478K->478K(512K)] 990K->542K(1536K), [Metaspace: 2696K->2696K(1056768K)], 0.0035368 secs] [Times: user=0.00 sys=0.00, real=0.00 secs] 
0.788: [Full GC (Ergonomics) [PSYoungGen: 512K->64K(1024K)] [ParOldGen: 478K->478K(512K)] 990K->542K(1536K), [Metaspace: 2696K->2696K(1056768K)], 0.0069796 secs] [Times: user=0.00 sys=0.00, real=0.01 secs] 
0.795: [Full GC (Ergonomics) [PSYoungGen: 512K->64K(1024K)] [ParOldGen: 478K->478K(512K)] 990K->542K(1536K), [Metaspace: 2696K->2696K(1056768K)], 0.0030489 secs] [Times: user=0.00 sys=0.00, real=0.00 secs] 
0.798: [Full GC (Ergonomics) [PSYoungGen: 512K->64K(1024K)] [ParOldGen: 478K->478K(512K)] 990K->542K(1536K), [Metaspace: 2696K->2696K(1056768K)], 0.0029167 secs] [Times: user=0.02 sys=0.00, real=0.00 secs] 
0.801: [Full GC (Ergonomics) [PSYoungGen: 512K->64K(1024K)] [ParOldGen: 478K->478K(512K)] 990K->542K(1536K), [Metaspace: 2696K->2696K(1056768K)], 0.0036363 secs] [Times: user=0.00 sys=0.00, real=0.00 secs] 
0.805: [Full GC (Ergonomics) [PSYoungGen: 512K->64K(1024K)] [ParOldGen: 478K->478K(512K)] 990K->542K(1536K), [Metaspace: 2696K->2696K(1056768K)], 0.0035834 secs] [Times: user=0.00 sys=0.00, real=0.00 secs] 
0.809: [Full GC (Ergonomics) [PSYoungGen: 512K->64K(1024K)] [ParOldGen: 478K->478K(512K)] 990K->542K(1536K), [Metaspace: 2696K->2696K(1056768K)], 0.0032502 secs] [Times: user=0.00 sys=0.00, real=0.00 secs] 
0.812: [Full GC (Ergonomics) [PSYoungGen: 512K->64K(1024K)] [ParOldGen: 478K->478K(512K)] 990K->542K(1536K), [Metaspace: 2696K->2696K(1056768K)], 0.0031108 secs] [Times: user=0.05 sys=0.00, real=0.00 secs] 
0.816: [Full GC (Ergonomics) [PSYoungGen: 512K->64K(1024K)] [ParOldGen: 478K->478K(512K)] 990K->542K(1536K), [Metaspace: 2696K->2696K(1056768K)], 0.0031075 secs] [Times: user=0.00 sys=0.00, real=0.00 secs] 
0.819: [Full GC (Ergonomics) [PSYoungGen: 512K->64K(1024K)] [ParOldGen: 478K->478K(512K)] 990K->542K(1536K), [Metaspace: 2696K->2696K(1056768K)], 0.0029683 secs] [Times: user=0.00 sys=0.00, real=0.00 secs] 
0.822: [Full GC (Ergonomics) [PSYoungGen: 512K->64K(1024K)] [ParOldGen: 478K->478K(512K)] 990K->542K(1536K), [Metaspace: 2696K->2696K(1056768K)], 0.0031790 secs] [Times: user=0.00 sys=0.00, real=0.00 secs] 
0.826: [Full GC (Ergonomics) [PSYoungGen: 512K->64K(1024K)] [ParOldGen: 478K->478K(512K)] 990K->542K(1536K), [Metaspace: 2696K->2696K(1056768K)], 0.0032968 secs] [Times: user=0.00 sys=0.00, real=0.00 secs] 
0.829: [Full GC (Ergonomics) [PSYoungGen: 512K->64K(1024K)] [ParOldGen: 478K->478K(512K)] 990K->542K(1536K), [Metaspace: 2696K->2696K(1056768K)], 0.0032748 secs] [Times: user=0.02 sys=0.00, real=0.00 secs] 
0.832: [Full GC (Ergonomics) [PSYoungGen: 512K->64K(1024K)] [ParOldGen: 478K->478K(512K)] 990K->542K(1536K), [Metaspace: 2696K->2696K(1056768K)], 0.0029028 secs] [Times: user=0.00 sys=0.00, real=0.00 secs] 
0.836: [Full GC (Ergonomics) [PSYoungGen: 512K->64K(1024K)] [ParOldGen: 478K->478K(512K)] 990K->542K(1536K), [Metaspace: 2696K->2696K(1056768K)], 0.0028761 secs] [Times: user=0.00 sys=0.00, real=0.00 secs] 
0.839: [Full GC (Ergonomics) [PSYoungGen: 512K->64K(1024K)] [ParOldGen: 478K->478K(512K)] 990K->542K(1536K), [Metaspace: 2696K->2696K(1056768K)], 0.0031150 secs] [Times: user=0.00 sys=0.00, real=0.00 secs] 
0.842: [Full GC (Ergonomics) [PSYoungGen: 512K->64K(1024K)] [ParOldGen: 478K->478K(512K)] 990K->542K(1536K), [Metaspace: 2696K->2696K(1056768K)], 0.0030131 secs] [Times: user=0.00 sys=0.00, real=0.00 secs] 
0.845: [Full GC (Ergonomics) [PSYoungGen: 512K->64K(1024K)] [ParOldGen: 478K->478K(512K)] 990K->542K(1536K), [Metaspace: 2696K->2696K(1056768K)], 0.0031270 secs] [Times: user=0.02 sys=0.00, real=0.00 secs] 
0.848: [Full GC (Ergonomics) [PSYoungGen: 512K->64K(1024K)] [ParOldGen: 478K->478K(512K)] 990K->542K(1536K), [Metaspace: 2696K->2696K(1056768K)], 0.0035215 secs] [Times: user=0.00 sys=0.00, real=0.00 secs] 
0.852: [Full GC (Ergonomics) [PSYoungGen: 512K->64K(1024K)] [ParOldGen: 478K->478K(512K)] 990K->542K(1536K), [Metaspace: 2696K->2696K(1056768K)], 0.0029710 secs] [Times: user=0.00 sys=0.00, real=0.00 secs] 
0.855: [Full GC (Ergonomics) [PSYoungGen: 512K->64K(1024K)] [ParOldGen: 478K->478K(512K)] 990K->542K(1536K), [Metaspace: 2696K->2696K(1056768K)], 0.0031063 secs] [Times: user=0.00 sys=0.00, real=0.00 secs] 
0.859: [Full GC (Ergonomics) [PSYoungGen: 512K->64K(1024K)] [ParOldGen: 478K->478K(512K)] 990K->542K(1536K), [Metaspace: 2696K->2696K(1056768K)], 0.0033602 secs] [Times: user=0.02 sys=0.00, real=0.00 secs] 
0.862: [Full GC (Ergonomics) [PSYoungGen: 512K->64K(1024K)] [ParOldGen: 478K->478K(512K)] 990K->542K(1536K), [Metaspace: 2696K->2696K(1056768K)], 0.0034882 secs] [Times: user=0.00 sys=0.00, real=0.00 secs] 
0.866: [Full GC (Ergonomics) [PSYoungGen: 512K->64K(1024K)] [ParOldGen: 478K->478K(512K)] 990K->542K(1536K), [Metaspace: 2696K->2696K(1056768K)], 0.0029419 secs] [Times: user=0.00 sys=0.00, real=0.00 secs] 
0.869: [Full GC (Ergonomics) [PSYoungGen: 512K->64K(1024K)] [ParOldGen: 478K->478K(512K)] 990K->542K(1536K), [Metaspace: 2696K->2696K(1056768K)], 0.0029236 secs] [Times: user=0.00 sys=0.00, real=0.00 secs] 
0.872: [Full GC (Ergonomics) [PSYoungGen: 512K->64K(1024K)] [ParOldGen: 478K->478K(512K)] 990K->542K(1536K), [Metaspace: 2696K->2696K(1056768K)], 0.0030344 secs] [Times: user=0.00 sys=0.00, real=0.00 secs] 
0.875: [Full GC (Ergonomics) [PSYoungGen: 512K->64K(1024K)] [ParOldGen: 478K->478K(512K)] 990K->542K(1536K), [Metaspace: 2696K->2696K(1056768K)], 0.0036149 secs] [Times: user=0.03 sys=0.00, real=0.00 secs] 
0.879: [Full GC (Ergonomics) [PSYoungGen: 512K->64K(1024K)] [ParOldGen: 478K->478K(512K)] 990K->542K(1536K), [Metaspace: 2696K->2696K(1056768K)], 0.0029777 secs] [Times: user=0.00 sys=0.00, real=0.00 secs] 
0.882: [Full GC (Ergonomics) [PSYoungGen: 512K->64K(1024K)] [ParOldGen: 478K->478K(512K)] 990K->542K(1536K), [Metaspace: 2696K->2696K(1056768K)], 0.0029125 secs] [Times: user=0.00 sys=0.00, real=0.00 secs] 
0.885: [Full GC (Ergonomics) [PSYoungGen: 512K->64K(1024K)] [ParOldGen: 478K->478K(512K)] 990K->542K(1536K), [Metaspace: 2696K->2696K(1056768K)], 0.0028545 secs] [Times: user=0.00 sys=0.00, real=0.00 secs] 
0.888: [Full GC (Ergonomics) [PSYoungGen: 512K->64K(1024K)] [ParOldGen: 478K->478K(512K)] 990K->542K(1536K), [Metaspace: 2696K->2696K(1056768K)], 0.0029251 secs] [Times: user=0.00 sys=0.00, real=0.00 secs] 
0.891: [Full GC (Ergonomics) [PSYoungGen: 512K->64K(1024K)] [ParOldGen: 478K->478K(512K)] 990K->542K(1536K), [Metaspace: 2696K->2696K(1056768K)], 0.0030459 secs] [Times: user=0.01 sys=0.00, real=0.00 secs] 
0.895: [Full GC (Ergonomics) [PSYoungGen: 512K->64K(1024K)] [ParOldGen: 478K->478K(512K)] 990K->542K(1536K), [Metaspace: 2696K->2696K(1056768K)], 0.0030573 secs] [Times: user=0.00 sys=0.00, real=0.00 secs] 
0.898: [Full GC (Ergonomics) [PSYoungGen: 512K->64K(1024K)] [ParOldGen: 478K->478K(512K)] 990K->542K(1536K), [Metaspace: 2696K->2696K(1056768K)], 0.0028902 secs] [Times: user=0.00 sys=0.00, real=0.00 secs] 
0.901: [Full GC (Ergonomics) [PSYoungGen: 512K->64K(1024K)] [ParOldGen: 478K->478K(512K)] 990K->542K(1536K), [Metaspace: 2696K->2696K(1056768K)], 0.0028109 secs] [Times: user=0.00 sys=0.00, real=0.00 secs] 
0.904: [Full GC (Ergonomics) [PSYoungGen: 512K->64K(1024K)] [ParOldGen: 478K->478K(512K)] 990K->542K(1536K), [Metaspace: 2696K->2696K(1056768K)], 0.0028166 secs] [Times: user=0.00 sys=0.00, real=0.00 secs] 
0.907: [Full GC (Ergonomics) [PSYoungGen: 512K->64K(1024K)] [ParOldGen: 478K->478K(512K)] 990K->542K(1536K), [Metaspace: 2696K->2696K(1056768K)], 0.0031648 secs] [Times: user=0.02 sys=0.00, real=0.00 secs] 
0.910: [Full GC (Ergonomics) [PSYoungGen: 512K->64K(1024K)] [ParOldGen: 478K->478K(512K)] 990K->542K(1536K), [Metaspace: 2696K->2696K(1056768K)], 0.0032012 secs] [Times: user=0.00 sys=0.00, real=0.00 secs] 
0.914: [Full GC (Ergonomics) [PSYoungGen: 512K->64K(1024K)] [ParOldGen: 478K->478K(512K)] 990K->542K(1536K), [Metaspace: 2696K->2696K(1056768K)], 0.0030119 secs] [Times: user=0.00 sys=0.00, real=0.00 secs] 
0.917: [Full GC (Ergonomics) [PSYoungGen: 512K->64K(1024K)] [ParOldGen: 478K->478K(512K)] 990K->542K(1536K), [Metaspace: 2696K->2696K(1056768K)], 0.0029647 secs] [Times: user=0.00 sys=0.00, real=0.00 secs] 
0.920: [Full GC (Ergonomics) [PSYoungGen: 512K->64K(1024K)] [ParOldGen: 478K->478K(512K)] 990K->542K(1536K), [Metaspace: 2696K->2696K(1056768K)], 0.0029106 secs] [Times: user=0.00 sys=0.00, real=0.00 secs] 
0.923: [Full GC (Ergonomics) [PSYoungGen: 512K->64K(1024K)] [ParOldGen: 478K->478K(512K)] 990K->542K(1536K), [Metaspace: 2696K->2696K(1056768K)], 0.0032544 secs] [Times: user=0.01 sys=0.00, real=0.00 secs] 
0.927: [Full GC (Ergonomics) [PSYoungGen: 512K->64K(1024K)] [ParOldGen: 478K->478K(512K)] 990K->542K(1536K), [Metaspace: 2696K->2696K(1056768K)], 0.0031823 secs] [Times: user=0.00 sys=0.00, real=0.00 secs] 
0.930: [Full GC (Ergonomics) [PSYoungGen: 512K->64K(1024K)] [ParOldGen: 478K->478K(512K)] 990K->542K(1536K), [Metaspace: 2696K->2696K(1056768K)], 0.0029780 secs] [Times: user=0.00 sys=0.00, real=0.00 secs] 
0.933: [Full GC (Ergonomics) [PSYoungGen: 512K->64K(1024K)] [ParOldGen: 478K->478K(512K)] 990K->542K(1536K), [Metaspace: 2696K->2696K(1056768K)], 0.0028202 secs] [Times: user=0.00 sys=0.00, real=0.00 secs] 
0.936: [Full GC (Ergonomics) [PSYoungGen: 512K->64K(1024K)] [ParOldGen: 478K->478K(512K)] 990K->542K(1536K), [Metaspace: 2696K->2696K(1056768K)], 0.0028533 secs] [Times: user=0.00 sys=0.00, real=0.00 secs] 
0.939: [Full GC (Ergonomics) [PSYoungGen: 512K->64K(1024K)] [ParOldGen: 478K->478K(512K)] 990K->542K(1536K), [Metaspace: 2696K->2696K(1056768K)], 0.0032231 secs] [Times: user=0.06 sys=0.00, real=0.00 secs] 
0.943: [Full GC (Ergonomics) [PSYoungGen: 512K->64K(1024K)] [ParOldGen: 478K->478K(512K)] 990K->542K(1536K), [Metaspace: 2696K->2696K(1056768K)], 0.0031081 secs] [Times: user=0.00 sys=0.00, real=0.00 secs] 
0.946: [Full GC (Ergonomics) [PSYoungGen: 512K->64K(1024K)] [ParOldGen: 478K->478K(512K)] 990K->542K(1536K), [Metaspace: 2696K->2696K(1056768K)], 0.0029070 secs] [Times: user=0.00 sys=0.00, real=0.00 secs] 
0.949: [Full GC (Ergonomics) [PSYoungGen: 512K->64K(1024K)] [ParOldGen: 478K->478K(512K)] 990K->542K(1536K), [Metaspace: 2696K->2696K(1056768K)], 0.0028115 secs] [Times: user=0.00 sys=0.00, real=0.00 secs] 
0.952: [Full GC (Ergonomics) [PSYoungGen: 512K->64K(1024K)] [ParOldGen: 478K->478K(512K)] 990K->542K(1536K), [Metaspace: 2696K->2696K(1056768K)], 0.0027475 secs] [Times: user=0.00 sys=0.00, real=0.00 secs] 
0.955: [Full GC (Ergonomics) [PSYoungGen: 512K->64K(1024K)] [ParOldGen: 478K->478K(512K)] 990K->542K(1536K), [Metaspace: 2696K->2696K(1056768K)], 0.0030414 secs] [Times: user=0.02 sys=0.00, real=0.00 secs] 
0.958: [Full GC (Ergonomics) [PSYoungGen: 512K->64K(1024K)] [ParOldGen: 478K->478K(512K)] 990K->542K(1536K), [Metaspace: 2696K->2696K(1056768K)], 0.0031456 secs] [Times: user=0.00 sys=0.00, real=0.00 secs] 
0.961: [Full GC (Ergonomics) [PSYoungGen: 512K->64K(1024K)] [ParOldGen: 478K->478K(512K)] 990K->542K(1536K), [Metaspace: 2696K->2696K(1056768K)], 0.0029245 secs] [Times: user=0.00 sys=0.00, real=0.00 secs] 
0.964: [Full GC (Ergonomics) [PSYoungGen: 512K->64K(1024K)] [ParOldGen: 478K->478K(512K)] 990K->542K(1536K), [Metaspace: 2696K->2696K(1056768K)], 0.0028415 secs] [Times: user=0.00 sys=0.00, real=0.00 secs] 
0.967: [Full GC (Ergonomics) [PSYoungGen: 512K->64K(1024K)] [ParOldGen: 478K->478K(512K)] 990K->542K(1536K), [Metaspace: 2696K->2696K(1056768K)], 0.0027872 secs] [Times: user=0.00 sys=0.00, real=0.00 secs] 
0.970: [Full GC (Ergonomics) [PSYoungGen: 512K->64K(1024K)] [ParOldGen: 478K->478K(512K)] 990K->542K(1536K), [Metaspace: 2696K->2696K(1056768K)], 0.0027685 secs] [Times: user=0.01 sys=0.00, real=0.00 secs] 
0.973: [Full GC (Ergonomics) [PSYoungGen: 512K->64K(1024K)] [ParOldGen: 478K->478K(512K)] 990K->542K(1536K), [Metaspace: 2696K->2696K(1056768K)], 0.0035452 secs] [Times: user=0.00 sys=0.00, real=0.00 secs] 
0.977: [Full GC (Ergonomics) [PSYoungGen: 512K->64K(1024K)] [ParOldGen: 478K->478K(512K)] 990K->542K(1536K), [Metaspace: 2696K->2696K(1056768K)], 0.0030651 secs] [Times: user=0.00 sys=0.00, real=0.00 secs] 
0.981: [Full GC (Ergonomics) [PSYoungGen: 512K->64K(1024K)] [ParOldGen: 478K->478K(512K)] 990K->542K(1536K), [Metaspace: 2696K->2696K(1056768K)], 0.0028160 secs] [Times: user=0.00 sys=0.00, real=0.00 secs] 
0.984: [Full GC (Ergonomics) [PSYoungGen: 512K->64K(1024K)] [ParOldGen: 478K->478K(512K)] 990K->542K(1536K), [Metaspace: 2696K->2696K(1056768K)], 0.0027643 secs] [Times: user=0.00 sys=0.00, real=0.00 secs] 
0.987: [Full GC (Ergonomics) [PSYoungGen: 512K->64K(1024K)] [ParOldGen: 478K->478K(512K)] 990K->542K(1536K), [Metaspace: 2696K->2696K(1056768K)], 0.0027751 secs] [Times: user=0.00 sys=0.00, real=0.00 secs] 
0.989: [Full GC (Ergonomics) [PSYoungGen: 512K->64K(1024K)] [ParOldGen: 478K->478K(512K)] 990K->542K(1536K), [Metaspace: 2696K->2696K(1056768K)], 0.0031342 secs] [Times: user=0.00 sys=0.00, real=0.00 secs] 
0.993: [Full GC (Ergonomics) [PSYoungGen: 512K->64K(1024K)] [ParOldGen: 478K->478K(512K)] 990K->542K(1536K), [Metaspace: 2696K->2696K(1056768K)], 0.0035080 secs] [Times: user=0.00 sys=0.00, real=0.00 secs] 
0.996: [Full GC (Ergonomics) [PSYoungGen: 512K->64K(1024K)] [ParOldGen: 478K->478K(512K)] 990K->542K(1536K), [Metaspace: 2696K->2696K(1056768K)], 0.0029683 secs] [Times: user=0.00 sys=0.00, real=0.00 secs] 
1.000: [Full GC (Ergonomics) [PSYoungGen: 512K->64K(1024K)] [ParOldGen: 478K->478K(512K)] 990K->542K(1536K), [Metaspace: 2696K->2696K(1056768K)], 0.0028310 secs] [Times: user=0.05 sys=0.00, real=0.00 secs] 
1.003: [Full GC (Ergonomics) [PSYoungGen: 512K->64K(1024K)] [ParOldGen: 478K->478K(512K)] 990K->542K(1536K), [Metaspace: 2696K->2696K(1056768K)], 0.0032865 secs] [Times: user=0.00 sys=0.00, real=0.00 secs] 
1.006: [Full GC (Ergonomics) [PSYoungGen: 512K->64K(1024K)] [ParOldGen: 478K->478K(512K)] 990K->542K(1536K), [Metaspace: 2696K->2696K(1056768K)], 0.0030996 secs] [Times: user=0.00 sys=0.00, real=0.00 secs] 
1.009: [Full GC (Ergonomics) [PSYoungGen: 512K->64K(1024K)] [ParOldGen: 478K->478K(512K)] 990K->542K(1536K), [Metaspace: 2696K->2696K(1056768K)], 0.0031237 secs] [Times: user=0.00 sys=0.00, real=0.00 secs] 
1.013: [Full GC (Ergonomics) [PSYoungGen: 512K->64K(1024K)] [ParOldGen: 478K->478K(512K)] 990K->542K(1536K), [Metaspace: 2696K->2696K(1056768K)], 0.0029203 secs] [Times: user=0.00 sys=0.00, real=0.00 secs] 
1.016: [Full GC (Ergonomics) [PSYoungGen: 512K->64K(1024K)] [ParOldGen: 478K->478K(512K)] 990K->542K(1536K), [Metaspace: 2696K->2696K(1056768K)], 0.0027745 secs] [Times: user=0.06 sys=0.00, real=0.00 secs] 
1.019: [Full GC (Ergonomics) [PSYoungGen: 512K->64K(1024K)] [ParOldGen: 478K->478K(512K)] 990K->542K(1536K), [Metaspace: 2696K->2696K(1056768K)], 0.0029749 secs] [Times: user=0.00 sys=0.00, real=0.00 secs] 
1.022: [Full GC (Ergonomics) [PSYoungGen: 512K->64K(1024K)] [ParOldGen: 478K->478K(512K)] 990K->542K(1536K), [Metaspace: 2696K->2696K(1056768K)], 0.0030759 secs] [Times: user=0.00 sys=0.00, real=0.00 secs] 
1.025: [Full GC (Ergonomics) [PSYoungGen: 512K->64K(1024K)] [ParOldGen: 478K->478K(512K)] 990K->542K(1536K), [Metaspace: 2696K->2696K(1056768K)], 0.0030173 secs] [Times: user=0.00 sys=0.00, real=0.00 secs] 
1.028: [Full GC (Ergonomics) [PSYoungGen: 512K->62K(1024K)] [ParOldGen: 478K->476K(512K)] 990K->538K(1536K), [Metaspace: 2696K->2696K(1056768K)], 0.0028995 secs] [Times: user=0.00 sys=0.00, real=0.00 secs] 
1.031: [Full GC (Ergonomics) [PSYoungGen: 512K->64K(1024K)] [ParOldGen: 476K->476K(512K)] 988K->540K(1536K), [Metaspace: 2696K->2696K(1056768K)], 0.0027974 secs] [Times: user=0.06 sys=0.00, real=0.00 secs] 
1.034: [Full GC (Ergonomics) [PSYoungGen: 512K->63K(1024K)] [ParOldGen: 476K->476K(512K)] 988K->539K(1536K), [Metaspace: 2696K->2696K(1056768K)], 0.0032346 secs] [Times: user=0.00 sys=0.00, real=0.00 secs] 
1.038: [Full GC (Ergonomics) [PSYoungGen: 511K->64K(1024K)] [ParOldGen: 476K->476K(512K)] 988K->540K(1536K), [Metaspace: 2696K->2696K(1056768K)], 0.0036504 secs] [Times: user=0.00 sys=0.00, real=0.00 secs] 
1.042: [Full GC (Ergonomics) [PSYoungGen: 512K->63K(1024K)] [ParOldGen: 476K->476K(512K)] 988K->540K(1536K), [Metaspace: 2696K->2696K(1056768K)], 0.0031540 secs] [Times: user=0.00 sys=0.00, real=0.00 secs] 
1.045: [Full GC (Ergonomics) [PSYoungGen: 511K->64K(1024K)] [ParOldGen: 476K->476K(512K)] 988K->540K(1536K), [Metaspace: 2696K->2696K(1056768K)], 0.0028788 secs] [Times: user=0.00 sys=0.00, real=0.00 secs] 
1.048: [Full GC (Ergonomics) [PSYoungGen: 512K->64K(1024K)] [ParOldGen: 476K->476K(512K)] 988K->540K(1536K), [Metaspace: 2696K->2696K(1056768K)], 0.0028064 secs] [Times: user=0.02 sys=0.00, real=0.00 secs] 
1.051: [Full GC (Ergonomics) [PSYoungGen: 512K->64K(1024K)] [ParOldGen: 476K->476K(512K)] 988K->540K(1536K), [Metaspace: 2696K->2696K(1056768K)], 0.0027391 secs] [Times: user=0.00 sys=0.00, real=0.00 secs] 
1.054: [Full GC (Ergonomics) [PSYoungGen: 512K->64K(1024K)] [ParOldGen: 476K->476K(512K)] 988K->540K(1536K), [Metaspace: 2696K->2696K(1056768K)], 0.0031120 secs] [Times: user=0.00 sys=0.00, real=0.00 secs] 
1.057: [Full GC (Ergonomics) [PSYoungGen: 512K->64K(1024K)] [ParOldGen: 476K->476K(512K)] 988K->540K(1536K), [Metaspace: 2696K->2696K(1056768K)], 0.0030332 secs] [Times: user=0.00 sys=0.00, real=0.00 secs] 
1.061: [Full GC (Ergonomics) [PSYoungGen: 512K->64K(1024K)] [ParOldGen: 476K->476K(512K)] 988K->540K(1536K), [Metaspace: 2696K->2696K(1056768K)], 0.0029284 secs] [Times: user=0.00 sys=0.00, real=0.00 secs] 
1.064: [Full GC (Ergonomics) [PSYoungGen: 512K->64K(1024K)] [ParOldGen: 476K->476K(512K)] 988K->540K(1536K), [Metaspace: 2696K->2696K(1056768K)], 0.0028148 secs] [Times: user=0.02 sys=0.00, real=0.00 secs] 
1.067: [Full GC (Ergonomics) [PSYoungGen: 512K->64K(1024K)] [ParOldGen: 476K->476K(512K)] 988K->540K(1536K), [Metaspace: 2696K->2696K(1056768K)], 0.0029575 secs] [Times: user=0.00 sys=0.00, real=0.00 secs] 
1.070: [Full GC (Ergonomics) [PSYoungGen: 512K->63K(1024K)] [ParOldGen: 476K->469K(512K)] 988K->532K(1536K), [Metaspace: 2696K->2696K(1056768K)], 0.0028091 secs] [Times: user=0.00 sys=0.00, real=0.00 secs] 
1.073: [Full GC (Ergonomics) [PSYoungGen: 512K->63K(1024K)] [ParOldGen: 469K->469K(512K)] 981K->533K(1536K), [Metaspace: 2696K->2696K(1056768K)], 0.0029143 secs] [Times: user=0.00 sys=0.00, real=0.00 secs] 
1.076: [Full GC (Ergonomics) [PSYoungGen: 512K->64K(1024K)] [ParOldGen: 469K->469K(512K)] 981K->533K(1536K), [Metaspace: 2696K->2696K(1056768K)], 0.0031922 secs] [Times: user=0.00 sys=0.00, real=0.00 secs] 
1.080: [Full GC (Ergonomics) [PSYoungGen: 512K->64K(1024K)] [ParOldGen: 469K->469K(512K)] 981K->533K(1536K), [Metaspace: 2696K->2696K(1056768K)], 0.0031228 secs] [Times: user=0.02 sys=0.00, real=0.00 secs] 
1.083: [Full GC (Ergonomics) [PSYoungGen: 512K->64K(1024K)] [ParOldGen: 469K->469K(512K)] 981K->533K(1536K), [Metaspace: 2696K->2696K(1056768K)], 0.0028515 secs] [Times: user=0.00 sys=0.00, real=0.00 secs] 
1.086: [Full GC (Ergonomics) [PSYoungGen: 512K->64K(1024K)] [ParOldGen: 469K->469K(512K)] 981K->533K(1536K), [Metaspace: 2696K->2696K(1056768K)], 0.0028268 secs] [Times: user=0.00 sys=0.00, real=0.00 secs] 
1.089: [Full GC (Ergonomics) [PSYoungGen: 512K->64K(1024K)] [ParOldGen: 469K->469K(512K)] 981K->533K(1536K), [Metaspace: 2696K->2696K(1056768K)], 0.0031011 secs] [Times: user=0.00 sys=0.00, real=0.00 secs] 
1.092: [Full GC (Ergonomics) [PSYoungGen: 512K->64K(1024K)] [ParOldGen: 469K->469K(512K)] 981K->533K(1536K), [Metaspace: 2696K->2696K(1056768K)], 0.0030750 secs] [Times: user=0.00 sys=0.00, real=0.00 secs] 
1.095: [Full GC (Ergonomics) [PSYoungGen: 512K->64K(1024K)] [ParOldGen: 469K->469K(512K)] 981K->533K(1536K), [Metaspace: 2696K->2696K(1056768K)], 0.0029341 secs] [Times: user=0.06 sys=0.00, real=0.00 secs] 
1.099: [Full GC (Ergonomics) [PSYoungGen: 512K->64K(1024K)] [ParOldGen: 469K->469K(512K)] 981K->533K(1536K), [Metaspace: 2696K->2696K(1056768K)], 0.0028433 secs] [Times: user=0.00 sys=0.00, real=0.00 secs] 
1.102: [Full GC (Ergonomics) [PSYoungGen: 512K->64K(1024K)] [ParOldGen: 469K->469K(512K)] 981K->533K(1536K), [Metaspace: 2696K->2696K(1056768K)], 0.0027400 secs] [Times: user=0.00 sys=0.00, real=0.00 secs] 
1.104: [Full GC (Ergonomics) [PSYoungGen: 512K->64K(1024K)] [ParOldGen: 469K->469K(512K)] 981K->533K(1536K), [Metaspace: 2696K->2696K(1056768K)], 0.0029380 secs] [Times: user=0.00 sys=0.00, real=0.00 secs] 
1.108: [Full GC (Ergonomics) [PSYoungGen: 512K->64K(1024K)] [ParOldGen: 469K->469K(512K)] 981K->533K(1536K), [Metaspace: 2696K->2696K(1056768K)], 0.0030221 secs] [Times: user=0.00 sys=0.00, real=0.00 secs] 
1.111: [Full GC (Ergonomics) [PSYoungGen: 512K->64K(1024K)] [ParOldGen: 469K->469K(512K)] 981K->533K(1536K), [Metaspace: 2696K->2696K(1056768K)], 0.0028701 secs] [Times: user=0.02 sys=0.00, real=0.00 secs] 
1.114: [Full GC (Ergonomics) [PSYoungGen: 512K->64K(1024K)] [ParOldGen: 469K->469K(512K)] 981K->533K(1536K), [Metaspace: 2696K->2696K(1056768K)], 0.0027950 secs] [Times: user=0.00 sys=0.00, real=0.00 secs] 
1.117: [Full GC (Ergonomics) [PSYoungGen: 512K->64K(1024K)] [ParOldGen: 469K->469K(512K)] 981K->533K(1536K), [Metaspace: 2696K->2696K(1056768K)], 0.0028854 secs] [Times: user=0.00 sys=0.00, real=0.00 secs] 
1.120: [Full GC (Ergonomics) [PSYoungGen: 512K->64K(1024K)] [ParOldGen: 469K->469K(512K)] 981K->533K(1536K), [Metaspace: 2696K->2696K(1056768K)], 0.0030059 secs] [Times: user=0.00 sys=0.00, real=0.00 secs] 
1.123: [Full GC (Ergonomics) [PSYoungGen: 512K->64K(1024K)] [ParOldGen: 469K->469K(512K)] 981K->533K(1536K), [Metaspace: 2696K->2696K(1056768K)], 0.0031618 secs] [Times: user=0.00 sys=0.00, real=0.00 secs] 
1.127: [Full GC (Ergonomics) [PSYoungGen: 512K->64K(1024K)] [ParOldGen: 469K->469K(512K)] 981K->533K(1536K), [Metaspace: 2696K->2696K(1056768K)], 0.0033746 secs] [Times: user=0.05 sys=0.00, real=0.00 secs] 
1.130: [Full GC (Ergonomics) [PSYoungGen: 512K->64K(1024K)] [ParOldGen: 469K->469K(512K)] 981K->533K(1536K), [Metaspace: 2696K->2696K(1056768K)], 0.0027376 secs] [Times: user=0.00 sys=0.00, real=0.00 secs] 
1.133: [Full GC (Ergonomics) [PSYoungGen: 512K->64K(1024K)] [ParOldGen: 469K->469K(512K)] 981K->533K(1536K), [Metaspace: 2696K->2696K(1056768K)], 0.0026904 secs] [Times: user=0.00 sys=0.00, real=0.00 secs] 
1.136: [Full GC (Ergonomics) [PSYoungGen: 512K->64K(1024K)] [ParOldGen: 469K->469K(512K)] 981K->533K(1536K), [Metaspace: 2696K->2696K(1056768K)], 0.0027186 secs] [Times: user=0.00 sys=0.00, real=0.00 secs] 
1.139: [Full GC (Ergonomics) [PSYoungGen: 512K->64K(1024K)] [ParOldGen: 469K->469K(512K)] 981K->533K(1536K), [Metaspace: 2696K->2696K(1056768K)], 0.0030840 secs] [Times: user=0.00 sys=0.00, real=0.00 secs] 
1.142: [Full GC (Ergonomics) [PSYoungGen: 512K->64K(1024K)] [ParOldGen: 469K->469K(512K)] 981K->533K(1536K), [Metaspace: 2696K->2696K(1056768K)], 0.0031721 secs] [Times: user=0.01 sys=0.00, real=0.00 secs] 
1.146: [Full GC (Ergonomics) [PSYoungGen: 512K->64K(1024K)] [ParOldGen: 469K->469K(512K)] 981K->533K(1536K), [Metaspace: 2696K->2696K(1056768K)], 0.0029188 secs] [Times: user=0.00 sys=0.00, real=0.00 secs] 
1.149: [Full GC (Ergonomics) [PSYoungGen: 512K->64K(1024K)] [ParOldGen: 469K->469K(512K)] 981K->533K(1536K), [Metaspace: 2696K->2696K(1056768K)], 0.0027694 secs] [Times: user=0.00 sys=0.00, real=0.00 secs] 
1.152: [Full GC (Ergonomics) [PSYoungGen: 512K->64K(1024K)] [ParOldGen: 469K->469K(512K)] 981K->533K(1536K), [Metaspace: 2696K->2696K(1056768K)], 0.0027890 secs] [Times: user=0.00 sys=0.00, real=0.00 secs] 
1.155: [Full GC (Ergonomics) [PSYoungGen: 512K->64K(1024K)] [ParOldGen: 469K->469K(512K)] 981K->533K(1536K), [Metaspace: 2696K->2696K(1056768K)], 0.0030368 secs] [Times: user=0.00 sys=0.00, real=0.00 secs] 
1.158: [Full GC (Ergonomics) [PSYoungGen: 512K->64K(1024K)] [ParOldGen: 469K->469K(512K)] 981K->533K(1536K), [Metaspace: 2696K->2696K(1056768K)], 0.0030540 secs] [Times: user=0.02 sys=0.00, real=0.00 secs] 
1.161: [Full GC (Ergonomics) [PSYoungGen: 512K->64K(1024K)] [ParOldGen: 469K->469K(512K)] 981K->533K(1536K), [Metaspace: 2696K->2696K(1056768K)], 0.0031883 secs] [Times: user=0.00 sys=0.00, real=0.00 secs] 
1.165: [Full GC (Ergonomics) [PSYoungGen: 512K->64K(1024K)] [ParOldGen: 469K->469K(512K)] 981K->533K(1536K), [Metaspace: 2696K->2696K(1056768K)], 0.0027799 secs] [Times: user=0.00 sys=0.00, real=0.00 secs] 
1.168: [Full GC (Ergonomics) [PSYoungGen: 512K->64K(1024K)] [ParOldGen: 469K->469K(512K)] 981K->533K(1536K), [Metaspace: 2696K->2696K(1056768K)], 0.0026955 secs] [Times: user=0.00 sys=0.00, real=0.00 secs] 
1.170: [Full GC (Ergonomics) [PSYoungGen: 512K->64K(1024K)] [ParOldGen: 469K->469K(512K)] 981K->533K(1536K), [Metaspace: 2696K->2696K(1056768K)], 0.0028289 secs] [Times: user=0.00 sys=0.00, real=0.00 secs] 
1.173: [Full GC (Ergonomics) [PSYoungGen: 512K->64K(1024K)] [ParOldGen: 469K->469K(512K)] 981K->533K(1536K), [Metaspace: 2696K->2696K(1056768K)], 0.0034016 secs] [Times: user=0.01 sys=0.00, real=0.00 secs] 
1.177: [Full GC (Ergonomics) [PSYoungGen: 512K->64K(1024K)] [ParOldGen: 469K->469K(512K)] 981K->533K(1536K), [Metaspace: 2696K->2696K(1056768K)], 0.0030873 secs] [Times: user=0.00 sys=0.00, real=0.00 secs] 
1.180: [Full GC (Ergonomics) [PSYoungGen: 512K->64K(1024K)] [ParOldGen: 469K->469K(512K)] 981K->533K(1536K), [Metaspace: 2696K->2696K(1056768K)], 0.0027983 secs] [Times: user=0.00 sys=0.00, real=0.00 secs] 
1.183: [Full GC (Ergonomics) [PSYoungGen: 512K->64K(1024K)] [ParOldGen: 469K->469K(512K)] 981K->533K(1536K), [Metaspace: 2696K->2696K(1056768K)], 0.0027875 secs] [Times: user=0.00 sys=0.00, real=0.00 secs] 
1.186: [Full GC (Ergonomics) [PSYoungGen: 512K->64K(1024K)] [ParOldGen: 469K->469K(512K)] 981K->533K(1536K), [Metaspace: 2696K->2696K(1056768K)], 0.0028163 secs] [Times: user=0.00 sys=0.00, real=0.00 secs] 
1.189: [Full GC (Ergonomics) [PSYoungGen: 512K->64K(1024K)] [ParOldGen: 469K->469K(512K)] 981K->533K(1536K), [Metaspace: 2696K->2696K(1056768K)], 0.0030540 secs] [Times: user=0.05 sys=0.00, real=0.00 secs] 
1.192: [Full GC (Ergonomics) [PSYoungGen: 512K->64K(1024K)] [ParOldGen: 469K->469K(512K)] 981K->533K(1536K), [Metaspace: 2696K->2696K(1056768K)], 0.0030206 secs] [Times: user=0.00 sys=0.00, real=0.00 secs] 
1.196: [Full GC (Ergonomics) [PSYoungGen: 512K->64K(1024K)] [ParOldGen: 469K->469K(512K)] 981K->533K(1536K), [Metaspace: 2696K->2696K(1056768K)], 0.0027373 secs] [Times: user=0.00 sys=0.00, real=0.00 secs] 
1.199: [Full GC (Ergonomics) [PSYoungGen: 512K->64K(1024K)] [ParOldGen: 469K->469K(512K)] 981K->533K(1536K), [Metaspace: 2696K->2696K(1056768K)], 0.0027562 secs] [Times: user=0.00 sys=0.00, real=0.00 secs] 
1.201: [Full GC (Ergonomics) [PSYoungGen: 512K->64K(1024K)] [ParOldGen: 469K->469K(512K)] 981K->533K(1536K), [Metaspace: 2696K->2696K(1056768K)], 0.0026973 secs] [Times: user=0.00 sys=0.00, real=0.00 secs] 
1.204: [Full GC (Ergonomics) [PSYoungGen: 512K->64K(1024K)] [ParOldGen: 469K->469K(512K)] 981K->533K(1536K), [Metaspace: 2696K->2696K(1056768K)], 0.0031195 secs] [Times: user=0.02 sys=0.00, real=0.00 secs] 
1.208: [Full GC (Ergonomics) [PSYoungGen: 512K->64K(1024K)] [ParOldGen: 469K->469K(512K)] 981K->533K(1536K), [Metaspace: 2696K->2696K(1056768K)], 0.0031519 secs] [Times: user=0.00 sys=0.00, real=0.00 secs] 
1.211: [Full GC (Ergonomics) [PSYoungGen: 512K->64K(1024K)] [ParOldGen: 469K->469K(512K)] 981K->533K(1536K), [Metaspace: 2696K->2696K(1056768K)], 0.0028839 secs] [Times: user=0.00 sys=0.00, real=0.00 secs] 
1.214: [Full GC (Ergonomics) [PSYoungGen: 512K->64K(1024K)] [ParOldGen: 469K->469K(512K)] 981K->533K(1536K), [Metaspace: 2696K->2696K(1056768K)], 0.0028001 secs] [Times: user=0.00 sys=0.00, real=0.00 secs] 
1.217: [Full GC (Ergonomics) [PSYoungGen: 512K->64K(1024K)] [ParOldGen: 469K->469K(512K)] 981K->533K(1536K), [Metaspace: 2696K->2696K(1056768K)], 0.0026805 secs] [Times: user=0.00 sys=0.00, real=0.00 secs] 
1.220: [Full GC (Ergonomics) [PSYoungGen: 512K->64K(1024K)] [ParOldGen: 469K->469K(512K)] 981K->533K(1536K), [Metaspace: 2696K->2696K(1056768K)], 0.0027679 secs] [Times: user=0.02 sys=0.00, real=0.00 secs] 
1.223: [Full GC (Ergonomics) [PSYoungGen: 512K->64K(1024K)] [ParOldGen: 469K->469K(512K)] 981K->533K(1536K), [Metaspace: 2696K->2696K(1056768K)], 0.0037324 secs] [Times: user=0.00 sys=0.00, real=0.00 secs] 
1.227: [Full GC (Ergonomics) [PSYoungGen: 512K->64K(1024K)] [ParOldGen: 469K->469K(512K)] 981K->533K(1536K), [Metaspace: 2696K->2696K(1056768K)], 0.0030903 secs] [Times: user=0.00 sys=0.00, real=0.00 secs] 
1.230: [Full GC (Ergonomics) [PSYoungGen: 512K->64K(1024K)] [ParOldGen: 469K->469K(512K)] 981K->533K(1536K), [Metaspace: 2696K->2696K(1056768K)], 0.0027790 secs] [Times: user=0.00 sys=0.00, real=0.00 secs] 
1.233: [Full GC (Ergonomics) [PSYoungGen: 512K->64K(1024K)] [ParOldGen: 469K->469K(512K)] 981K->533K(1536K), [Metaspace: 2696K->2696K(1056768K)], 0.0026835 secs] [Times: user=0.00 sys=0.00, real=0.00 secs] 
1.236: [Full GC (Ergonomics) [PSYoungGen: 512K->64K(1024K)] [ParOldGen: 469K->469K(512K)] 981K->533K(1536K), [Metaspace: 2696K->2696K(1056768K)], 0.0026655 secs] [Times: user=0.01 sys=0.00, real=0.00 secs] 
1.239: [Full GC (Ergonomics) [PSYoungGen: 512K->64K(1024K)] [ParOldGen: 469K->469K(512K)] 981K->533K(1536K), [Metaspace: 2696K->2696K(1056768K)], 0.0029617 secs] [Times: user=0.00 sys=0.00, real=0.00 secs] 
1.242: [Full GC (Ergonomics) [PSYoungGen: 512K->64K(1024K)] [ParOldGen: 469K->469K(512K)] 981K->533K(1536K), [Metaspace: 2696K->2696K(1056768K)], 0.0030798 secs] [Times: user=0.00 sys=0.00, real=0.00 secs] 
1.245: [Full GC (Ergonomics) [PSYoungGen: 512K->64K(1024K)] [ParOldGen: 469K->469K(512K)] 981K->533K(1536K), [Metaspace: 2696K->2696K(1056768K)], 0.0031922 secs] [Times: user=0.00 sys=0.00, real=0.00 secs] 
1.249: [Full GC (Ergonomics) [PSYoungGen: 512K->64K(1024K)] [ParOldGen: 469K->469K(512K)] 981K->533K(1536K), [Metaspace: 2696K->2696K(1056768K)], 0.0028124 secs] [Times: user=0.00 sys=0.00, real=0.00 secs] 
1.251: [Full GC (Ergonomics) [PSYoungGen: 512K->64K(1024K)] [ParOldGen: 469K->469K(512K)] 981K->533K(1536K), [Metaspace: 2696K->2696K(1056768K)], 0.0028818 secs] [Times: user=0.02 sys=0.00, real=0.00 secs] 
1.255: [Full GC (Ergonomics) [PSYoungGen: 512K->64K(1024K)] [ParOldGen: 469K->469K(512K)] 981K->533K(1536K), [Metaspace: 2696K->2696K(1056768K)], 0.0039175 secs] [Times: user=0.00 sys=0.00, real=0.00 secs] 
1.259: [Full GC (Ergonomics) [PSYoungGen: 512K->64K(1024K)] [ParOldGen: 469K->469K(512K)] 981K->533K(1536K), [Metaspace: 2696K->2696K(1056768K)], 0.0031573 secs] [Times: user=0.00 sys=0.00, real=0.00 secs] 
1.262: [Full GC (Ergonomics) [PSYoungGen: 512K->64K(1024K)] [ParOldGen: 469K->469K(512K)] 981K->533K(1536K), [Metaspace: 2696K->2696K(1056768K)], 0.0027697 secs] [Times: user=0.00 sys=0.00, real=0.00 secs] 
1.265: [Full GC (Ergonomics) [PSYoungGen: 512K->64K(1024K)] [ParOldGen: 469K->469K(512K)] 981K->533K(1536K), [Metaspace: 2696K->2696K(1056768K)], 0.0027189 secs] [Times: user=0.00 sys=0.00, real=0.00 secs] 
1.268: [Full GC (Ergonomics) [PSYoungGen: 512K->64K(1024K)] [ParOldGen: 469K->469K(512K)] 981K->533K(1536K), [Metaspace: 2696K->2696K(1056768K)], 0.0032655 secs] [Times: user=0.00 sys=0.00, real=0.00 secs] 
1.271: [Full GC (Ergonomics) [PSYoungGen: 512K->64K(1024K)] [ParOldGen: 469K->469K(512K)] 981K->533K(1536K), [Metaspace: 2696K->2696K(1056768K)], 0.0029894 secs] [Times: user=0.00 sys=0.00, real=0.00 secs] 
1.275: [Full GC (Ergonomics) [PSYoungGen: 512K->64K(1024K)] [ParOldGen: 469K->469K(512K)] 981K->533K(1536K), [Metaspace: 2696K->2696K(1056768K)], 0.0029644 secs] [Times: user=0.00 sys=0.00, real=0.00 secs] 
1.278: [Full GC (Ergonomics) [PSYoungGen: 512K->64K(1024K)] [ParOldGen: 469K->469K(512K)] 981K->533K(1536K), [Metaspace: 2696K->2696K(1056768K)], 0.0028472 secs] [Times: user=0.00 sys=0.00, real=0.00 secs] 
1.281: [Full GC (Ergonomics) [PSYoungGen: 512K->64K(1024K)] [ParOldGen: 469K->469K(512K)] 981K->533K(1536K), [Metaspace: 2696K->2696K(1056768K)], 0.0027060 secs] [Times: user=0.06 sys=0.00, real=0.00 secs] 
1.284: [Full GC (Ergonomics) [PSYoungGen: 512K->64K(1024K)] [ParOldGen: 469K->469K(512K)] 981K->533K(1536K), [Metaspace: 2696K->2696K(1056768K)], 0.0027292 secs] [Times: user=0.00 sys=0.00, real=0.00 secs] 
1.286: [Full GC (Ergonomics) [PSYoungGen: 512K->64K(1024K)] [ParOldGen: 469K->469K(512K)] 981K->533K(1536K), [Metaspace: 2696K->2696K(1056768K)], 0.0036047 secs] [Times: user=0.00 sys=0.00, real=0.00 secs] 
1.290: [Full GC (Ergonomics) [PSYoungGen: 512K->64K(1024K)] [ParOldGen: 469K->469K(512K)] 981K->533K(1536K), [Metaspace: 2696K->2696K(1056768K)], 0.0032072 secs] [Times: user=0.00 sys=0.00, real=0.00 secs] 
1.294: [Full GC (Ergonomics) [PSYoungGen: 512K->64K(1024K)] [ParOldGen: 469K->469K(512K)] 981K->533K(1536K), [Metaspace: 2696K->2696K(1056768K)], 0.0030095 secs] [Times: user=0.00 sys=0.00, real=0.00 secs] 
1.297: [Full GC (Ergonomics) [PSYoungGen: 512K->64K(1024K)] [ParOldGen: 469K->469K(512K)] 981K->533K(1536K), [Metaspace: 2696K->2696K(1056768K)], 0.0028680 secs] [Times: user=0.06 sys=0.00, real=0.00 secs] 
1.300: [Full GC (Ergonomics) [PSYoungGen: 512K->64K(1024K)] [ParOldGen: 469K->469K(512K)] 981K->533K(1536K), [Metaspace: 2696K->2696K(1056768K)], 0.0027598 secs] [Times: user=0.00 sys=0.00, real=0.00 secs] 
1.303: [Full GC (Ergonomics) [PSYoungGen: 512K->64K(1024K)] [ParOldGen: 469K->469K(512K)] 981K->533K(1536K), [Metaspace: 2696K->2696K(1056768K)], 0.0029695 secs] [Times: user=0.00 sys=0.00, real=0.00 secs] 
1.306: [Full GC (Ergonomics) [PSYoungGen: 512K->64K(1024K)] [ParOldGen: 469K->469K(512K)] 981K->533K(1536K), [Metaspace: 2696K->2696K(1056768K)], 0.0030038 secs] [Times: user=0.00 sys=0.00, real=0.00 secs] 
1.309: [Full GC (Ergonomics) [PSYoungGen: 512K->64K(1024K)] [ParOldGen: 469K->469K(512K)] 981K->533K(1536K), [Metaspace: 2696K->2696K(1056768K)], 0.0030594 secs] [Times: user=0.00 sys=0.00, real=0.00 secs] 
1.313: [Full GC (Ergonomics) [PSYoungGen: 512K->64K(1024K)] [ParOldGen: 469K->469K(512K)] 981K->533K(1536K), [Metaspace: 2696K->2696K(1056768K)], 0.0027195 secs] [Times: user=0.06 sys=0.00, real=0.00 secs] 
1.315: [Full GC (Ergonomics) [PSYoungGen: 512K->64K(1024K)] [ParOldGen: 469K->469K(512K)] 981K->533K(1536K), [Metaspace: 2696K->2696K(1056768K)], 0.0033427 secs] [Times: user=0.00 sys=0.00, real=0.00 secs] 
1.319: [Full GC (Ergonomics) [PSYoungGen: 512K->64K(1024K)] [ParOldGen: 469K->469K(512K)] 981K->533K(1536K), [Metaspace: 2696K->2696K(1056768K)], 0.0029254 secs] [Times: user=0.00 sys=0.00, real=0.00 secs] 
1.322: [Full GC (Ergonomics) [PSYoungGen: 512K->64K(1024K)] [ParOldGen: 469K->469K(512K)] 981K->533K(1536K), [Metaspace: 2696K->2696K(1056768K)], 0.0029284 secs] [Times: user=0.00 sys=0.00, real=0.00 secs] 
1.325: [Full GC (Ergonomics) [PSYoungGen: 512K->64K(1024K)] [ParOldGen: 469K->469K(512K)] 981K->533K(1536K), [Metaspace: 2696K->2696K(1056768K)], 0.0029710 secs] [Times: user=0.00 sys=0.00, real=0.00 secs] 
1.328: [Full GC (Ergonomics) [PSYoungGen: 512K->64K(1024K)] [ParOldGen: 469K->469K(512K)] 981K->533K(1536K), [Metaspace: 2696K->2696K(1056768K)], 0.0031426 secs] [Times: user=0.06 sys=0.00, real=0.00 secs] 
1.332: [Full GC (Ergonomics) [PSYoungGen: 512K->64K(1024K)] [ParOldGen: 469K->469K(512K)] 981K->533K(1536K), [Metaspace: 2696K->2696K(1056768K)], 0.0028497 secs] [Times: user=0.00 sys=0.00, real=0.00 secs] 
1.335: [Full GC (Ergonomics) [PSYoungGen: 512K->64K(1024K)] [ParOldGen: 469K->469K(512K)] 981K->533K(1536K), [Metaspace: 2696K->2696K(1056768K)], 0.0027616 secs] [Times: user=0.00 sys=0.00, real=0.00 secs] 
1.338: [Full GC (Ergonomics) [PSYoungGen: 512K->64K(1024K)] [ParOldGen: 469K->469K(512K)] 981K->533K(1536K), [Metaspace: 2696K->2696K(1056768K)], 0.0032691 secs] [Times: user=0.00 sys=0.00, real=0.00 secs] 
1.341: [Full GC (Ergonomics) [PSYoungGen: 512K->64K(1024K)] [ParOldGen: 469K->469K(512K)] 981K->533K(1536K), [Metaspace: 2696K->2696K(1056768K)], 0.0030080 secs] [Times: user=0.00 sys=0.00, real=0.00 secs] 
1.344: [Full GC (Ergonomics) [PSYoungGen: 512K->64K(1024K)] [ParOldGen: 469K->469K(512K)] 981K->533K(1536K), [Metaspace: 2696K->2696K(1056768K)], 0.0027811 secs] [Times: user=0.06 sys=0.00, real=0.00 secs] 
1.347: [Full GC (Ergonomics) [PSYoungGen: 512K->64K(1024K)] [ParOldGen: 469K->469K(512K)] 981K->533K(1536K), [Metaspace: 2696K->2696K(1056768K)], 0.0027087 secs] [Times: user=0.00 sys=0.00, real=0.00 secs] 
1.350: [Full GC (Ergonomics) [PSYoungGen: 512K->64K(1024K)] [ParOldGen: 469K->469K(512K)] 981K->533K(1536K), [Metaspace: 2696K->2696K(1056768K)], 0.0027814 secs] [Times: user=0.00 sys=0.00, real=0.00 secs] 
1.353: [Full GC (Ergonomics) [PSYoungGen: 512K->64K(1024K)] [ParOldGen: 469K->469K(512K)] 981K->533K(1536K), [Metaspace: 2696K->2696K(1056768K)], 0.0030615 secs] [Times: user=0.00 sys=0.00, real=0.00 secs] 
1.356: [Full GC (Ergonomics) [PSYoungGen: 512K->64K(1024K)] [ParOldGen: 469K->469K(512K)] 981K->533K(1536K), [Metaspace: 2696K->2696K(1056768K)], 0.0030368 secs] [Times: user=0.00 sys=0.00, real=0.00 secs] 
1.359: [Full GC (Ergonomics) [PSYoungGen: 512K->64K(1024K)] [ParOldGen: 469K->469K(512K)] 981K->533K(1536K), [Metaspace: 2696K->2696K(1056768K)], 0.0028677 secs] [Times: user=0.06 sys=0.00, real=0.00 secs] 
1.363: [Full GC (Ergonomics) [PSYoungGen: 512K->64K(1024K)] [ParOldGen: 469K->469K(512K)] 981K->533K(1536K), [Metaspace: 2696K->2696K(1056768K)], 0.0027643 secs] [Times: user=0.00 sys=0.00, real=0.00 secs] 
1.365: [Full GC (Ergonomics) [PSYoungGen: 512K->64K(1024K)] [ParOldGen: 469K->469K(512K)] 981K->533K(1536K), [Metaspace: 2696K->2696K(1056768K)], 0.0027226 secs] [Times: user=0.00 sys=0.00, real=0.00 secs] 
1.368: [Full GC (Ergonomics) [PSYoungGen: 512K->64K(1024K)] [ParOldGen: 469K->469K(512K)] 981K->533K(1536K), [Metaspace: 2696K->2696K(1056768K)], 0.0031829 secs] [Times: user=0.00 sys=0.00, real=0.00 secs] 
1.372: [Full GC (Ergonomics) [PSYoungGen: 512K->64K(1024K)] [ParOldGen: 469K->469K(512K)] 981K->533K(1536K), [Metaspace: 2696K->2696K(1056768K)], 0.0034190 secs] [Times: user=0.00 sys=0.00, real=0.00 secs] 
1.375: [Full GC (Ergonomics) [PSYoungGen: 512K->64K(1024K)] [ParOldGen: 469K->469K(512K)] 981K->533K(1536K), [Metaspace: 2696K->2696K(1056768K)], 0.0030513 secs] [Times: user=0.05 sys=0.00, real=0.00 secs] 
1.379: [Full GC (Ergonomics) [PSYoungGen: 512K->64K(1024K)] [ParOldGen: 469K->469K(512K)] 981K->533K(1536K), [Metaspace: 2696K->2696K(1056768K)], 0.0031784 secs] [Times: user=0.00 sys=0.00, real=0.00 secs] 
1.382: [Full GC (Ergonomics) [PSYoungGen: 512K->64K(1024K)] [ParOldGen: 469K->469K(512K)] 981K->533K(1536K), [Metaspace: 2696K->2696K(1056768K)], 0.0028689 secs] [Times: user=0.00 sys=0.00, real=0.00 secs] 
1.385: [Full GC (Ergonomics) [PSYoungGen: 512K->64K(1024K)] [ParOldGen: 469K->469K(512K)] 981K->533K(1536K), [Metaspace: 2696K->2696K(1056768K)], 0.0029112 secs] [Times: user=0.00 sys=0.00, real=0.00 secs] 
1.388: [Full GC (Ergonomics) [PSYoungGen: 512K->64K(1024K)] [ParOldGen: 469K->469K(512K)] 981K->533K(1536K), [Metaspace: 2696K->2696K(1056768K)], 0.0028893 secs] [Times: user=0.00 sys=0.00, real=0.00 secs] 
1.391: [Full GC (Ergonomics) [PSYoungGen: 512K->64K(1024K)] [ParOldGen: 469K->469K(512K)] 981K->533K(1536K), [Metaspace: 2696K->2696K(1056768K)], 0.0031375 secs] [Times: user=0.02 sys=0.00, real=0.00 secs] 
1.395: [Full GC (Ergonomics) [PSYoungGen: 512K->64K(1024K)] [ParOldGen: 469K->469K(512K)] 981K->533K(1536K), [Metaspace: 2696K->2696K(1056768K)], 0.0031273 secs] [Times: user=0.00 sys=0.00, real=0.00 secs] 
1.398: [Full GC (Ergonomics) [PSYoungGen: 512K->64K(1024K)] [ParOldGen: 469K->469K(512K)] 981K->533K(1536K), [Metaspace: 2696K->2696K(1056768K)], 0.0027565 secs] [Times: user=0.00 sys=0.00, real=0.00 secs] 
1.401: [Full GC (Ergonomics) [PSYoungGen: 512K->64K(1024K)] [ParOldGen: 469K->469K(512K)] 981K->533K(1536K), [Metaspace: 2696K->2696K(1056768K)], 0.0026952 secs] [Times: user=0.00 sys=0.00, real=0.00 secs] 
1.404: [Full GC (Ergonomics) [PSYoungGen: 512K->64K(1024K)] [ParOldGen: 469K->469K(512K)] 981K->533K(1536K), [Metaspace: 2696K->2696K(1056768K)], 0.0029578 secs] [Times: user=0.00 sys=0.00, real=0.00 secs] 
1.407: [Full GC (Ergonomics) [PSYoungGen: 512K->64K(1024K)] [ParOldGen: 469K->469K(512K)] 981K->533K(1536K), [Metaspace: 2696K->2696K(1056768K)], 0.0030648 secs] [Times: user=0.02 sys=0.00, real=0.00 secs] 
1.410: [Full GC (Ergonomics) [PSYoungGen: 512K->64K(1024K)] [ParOldGen: 469K->469K(512K)] 981K->533K(1536K), [Metaspace: 2696K->2696K(1056768K)], 0.0029512 secs] [Times: user=0.00 sys=0.00, real=0.00 secs] 
1.413: [Full GC (Ergonomics) [PSYoungGen: 512K->64K(1024K)] [ParOldGen: 469K->469K(512K)] 981K->533K(1536K), [Metaspace: 2696K->2696K(1056768K)], 0.0028926 secs] [Times: user=0.00 sys=0.00, real=0.00 secs] 
1.416: [Full GC (Ergonomics) [PSYoungGen: 512K->64K(1024K)] [ParOldGen: 469K->469K(512K)] 981K->533K(1536K), [Metaspace: 2696K->2696K(1056768K)], 0.0027328 secs] [Times: user=0.00 sys=0.00, real=0.00 secs] 
1.419: [Full GC (Ergonomics) [PSYoungGen: 512K->64K(1024K)] [ParOldGen: 469K->469K(512K)] 981K->533K(1536K), [Metaspace: 2696K->2696K(1056768K)], 0.0029710 secs] [Times: user=0.00 sys=0.00, real=0.00 secs] 
1.422: [Full GC (Ergonomics) [PSYoungGen: 512K->64K(1024K)] [ParOldGen: 469K->469K(512K)] 981K->533K(1536K), [Metaspace: 2696K->2696K(1056768K)], 0.0033097 secs] [Times: user=0.03 sys=0.00, real=0.00 secs] 
1.426: [Full GC (Ergonomics) [PSYoungGen: 512K->64K(1024K)] [ParOldGen: 469K->469K(512K)] 981K->533K(1536K), [Metaspace: 2696K->2696K(1056768K)], 0.0029482 secs] [Times: user=0.00 sys=0.00, real=0.00 secs] 
1.429: [Full GC (Ergonomics) [PSYoungGen: 512K->64K(1024K)] [ParOldGen: 469K->469K(512K)] 981K->533K(1536K), [Metaspace: 2696K->2696K(1056768K)], 0.0027682 secs] [Times: user=0.00 sys=0.00, real=0.00 secs] 
1.432: [Full GC (Ergonomics) [PSYoungGen: 512K->64K(1024K)] [ParOldGen: 469K->469K(512K)] 981K->533K(1536K), [Metaspace: 2696K->2696K(1056768K)], 0.0027262 secs] [Times: user=0.00 sys=0.00, real=0.00 secs] 
1.435: [Full GC (Ergonomics) [PSYoungGen: 512K->64K(1024K)] [ParOldGen: 469K->469K(512K)] 981K->533K(1536K), [Metaspace: 2696K->2696K(1056768K)], 0.0027481 secs] [Times: user=0.00 sys=0.00, real=0.00 secs] 
1.438: [Full GC (Ergonomics) [PSYoungGen: 512K->64K(1024K)] [ParOldGen: 469K->469K(512K)] 981K->533K(1536K), [Metaspace: 2696K->2696K(1056768K)], 0.0033638 secs] [Times: user=0.05 sys=0.00, real=0.00 secs] 
1.441: [Full GC (Ergonomics) [PSYoungGen: 512K->64K(1024K)] [ParOldGen: 469K->469K(512K)] 981K->533K(1536K), [Metaspace: 2696K->2696K(1056768K)], 0.0030645 secs] [Times: user=0.00 sys=0.00, real=0.00 secs] 
1.444: [Full GC (Ergonomics) [PSYoungGen: 512K->63K(1024K)] [ParOldGen: 469K->469K(512K)] 981K->533K(1536K), [Metaspace: 2696K->2696K(1056768K)], 0.0028911 secs] [Times: user=0.00 sys=0.00, real=0.00 secs] 
1.448: [Full GC (Ergonomics) [PSYoungGen: 512K->64K(1024K)] [ParOldGen: 469K->469K(512K)] 981K->533K(1536K), [Metaspace: 2696K->2696K(1056768K)], 0.0028145 secs] [Times: user=0.00 sys=0.00, real=0.00 secs] 
1.451: [Full GC (Ergonomics) [PSYoungGen: 512K->64K(1024K)] [ParOldGen: 469K->469K(512K)] 981K->533K(1536K), [Metaspace: 2696K->2696K(1056768K)], 0.0031459 secs] [Times: user=0.00 sys=0.00, real=0.00 secs] 
1.454: [Full GC (Ergonomics) [PSYoungGen: 512K->64K(1024K)] [ParOldGen: 469K->469K(512K)] 981K->533K(1536K), [Metaspace: 2696K->2696K(1056768K)], 0.0029128 secs] [Times: user=0.02 sys=0.00, real=0.00 secs] 
1.457: [Full GC (Ergonomics) [PSYoungGen: 512K->64K(1024K)] [ParOldGen: 469K->469K(512K)] 981K->533K(1536K), [Metaspace: 2696K->2696K(1056768K)], 0.0031838 secs] [Times: user=0.00 sys=0.00, real=0.00 secs] 
1.461: [Full GC (Ergonomics) [PSYoungGen: 512K->64K(1024K)] [ParOldGen: 469K->469K(512K)] 981K->533K(1536K), [Metaspace: 2696K->2696K(1056768K)], 0.0028779 secs] [Times: user=0.00 sys=0.00, real=0.00 secs] 
1.464: [Full GC (Ergonomics) [PSYoungGen: 512K->64K(1024K)] [ParOldGen: 469K->469K(512K)] 981K->533K(1536K), [Metaspace: 2696K->2696K(1056768K)], 0.0027944 secs] [Times: user=0.00 sys=0.00, real=0.00 secs] 
1.467: [Full GC (Ergonomics) [PSYoungGen: 512K->64K(1024K)] [ParOldGen: 469K->469K(512K)] 981K->533K(1536K), [Metaspace: 2696K->2696K(1056768K)], 0.0028172 secs] [Times: user=0.00 sys=0.00, real=0.00 secs] 
1.470: [Full GC (Ergonomics) [PSYoungGen: 512K->64K(1024K)] [ParOldGen: 469K->469K(512K)] 981K->533K(1536K), [Metaspace: 2696K->2696K(1056768K)], 0.0047742 secs] [Times: user=0.02 sys=0.00, real=0.01 secs] 
1.475: [Full GC (Ergonomics) [PSYoungGen: 512K->64K(1024K)] [ParOldGen: 469K->469K(512K)] 981K->533K(1536K), [Metaspace: 2696K->2696K(1056768K)], 0.0029425 secs] [Times: user=0.00 sys=0.00, real=0.00 secs] 
1.478: [Full GC (Ergonomics) [PSYoungGen: 512K->64K(1024K)] [ParOldGen: 469K->469K(512K)] 981K->533K(1536K), [Metaspace: 2696K->2696K(1056768K)], 0.0029308 secs] [Times: user=0.00 sys=0.00, real=0.00 secs] 
1.482: [Full GC (Ergonomics) [PSYoungGen: 512K->64K(1024K)] [ParOldGen: 469K->469K(512K)] 981K->533K(1536K), [Metaspace: 2696K->2696K(1056768K)], 0.0029206 secs] [Times: user=0.00 sys=0.00, real=0.00 secs] 
1.485: [Full GC (Ergonomics) [PSYoungGen: 512K->64K(1024K)] [ParOldGen: 469K->469K(512K)] 981K->533K(1536K), [Metaspace: 2696K->2696K(1056768K)], 0.0029281 secs] [Times: user=0.05 sys=0.00, real=0.00 secs] 
1.488: [Full GC (Ergonomics) [PSYoungGen: 512K->64K(1024K)] [ParOldGen: 469K->469K(512K)] 981K->533K(1536K), [Metaspace: 2696K->2696K(1056768K)], 0.0029482 secs] [Times: user=0.00 sys=0.00, real=0.00 secs] 
1.491: [Full GC (Ergonomics) [PSYoungGen: 512K->64K(1024K)] [ParOldGen: 469K->469K(512K)] 981K->533K(1536K), [Metaspace: 2696K->2696K(1056768K)], 0.0036786 secs] [Times: user=0.00 sys=0.00, real=0.00 secs] 
1.495: [Full GC (Ergonomics) [PSYoungGen: 512K->64K(1024K)] [ParOldGen: 469K->469K(512K)] 981K->533K(1536K), [Metaspace: 2696K->2696K(1056768K)], 0.0027854 secs] [Times: user=0.00 sys=0.00, real=0.00 secs] 
1.498: [Full GC (Ergonomics) [PSYoungGen: 512K->64K(1024K)] [ParOldGen: 469K->469K(512K)] 981K->533K(1536K), [Metaspace: 2696K->2696K(1056768K)], 0.0027232 secs] [Times: user=0.00 sys=0.00, real=0.00 secs] 
1.501: [Full GC (Ergonomics) [PSYoungGen: 512K->64K(1024K)] [ParOldGen: 469K->469K(512K)] 981K->533K(1536K), [Metaspace: 2696K->2696K(1056768K)], 0.0031213 secs] [Times: user=0.02 sys=0.00, real=0.00 secs] 
1.504: [Full GC (Ergonomics) [PSYoungGen: 512K->64K(1024K)] [ParOldGen: 469K->469K(512K)] 981K->533K(1536K), [Metaspace: 2696K->2696K(1056768K)], 0.0035672 secs] [Times: user=0.00 sys=0.00, real=0.00 secs] 
1.508: [Full GC (Ergonomics) [PSYoungGen: 512K->64K(1024K)] [ParOldGen: 469K->469K(512K)] 981K->533K(1536K), [Metaspace: 2696K->2696K(1056768K)], 0.0029064 secs] [Times: user=0.00 sys=0.00, real=0.00 secs] 
1.511: [Full GC (Ergonomics) [PSYoungGen: 512K->64K(1024K)] [ParOldGen: 469K->469K(512K)] 981K->533K(1536K), [Metaspace: 2696K->2696K(1056768K)], 0.0028205 secs] [Times: user=0.00 sys=0.00, real=0.00 secs] 
1.514: [Full GC (Ergonomics) [PSYoungGen: 512K->64K(1024K)] [ParOldGen: 469K->469K(512K)] 981K->533K(1536K), [Metaspace: 2696K->2696K(1056768K)], 0.0027096 secs] [Times: user=0.00 sys=0.00, real=0.00 secs] 
1.517: [Full GC (Ergonomics) [PSYoungGen: 512K->64K(1024K)] [ParOldGen: 469K->469K(512K)] 981K->533K(1536K), [Metaspace: 2696K->2696K(1056768K)], 0.0031435 secs] [Times: user=0.00 sys=0.02, real=0.00 secs] 
1.520: [Full GC (Ergonomics) [PSYoungGen: 512K->64K(1024K)] [ParOldGen: 469K->469K(512K)] 981K->533K(1536K), [Metaspace: 2696K->2696K(1056768K)], 0.0029479 secs] [Times: user=0.00 sys=0.00, real=0.00 secs] 
1.523: [Full GC (Ergonomics) [PSYoungGen: 512K->64K(1024K)] [ParOldGen: 469K->469K(512K)] 981K->533K(1536K), [Metaspace: 2696K->2696K(1056768K)], 0.0030771 secs] [Times: user=0.00 sys=0.00, real=0.00 secs] 
1.526: [Full GC (Ergonomics) [PSYoungGen: 512K->64K(1024K)] [ParOldGen: 469K->469K(512K)] 981K->533K(1536K), [Metaspace: 2696K->2696K(1056768K)], 0.0028566 secs] [Times: user=0.00 sys=0.00, real=0.00 secs] 
1.529: [Full GC (Ergonomics) [PSYoungGen: 512K->64K(1024K)] [ParOldGen: 469K->469K(512K)] 981K->533K(1536K), [Metaspace: 2696K->2696K(1056768K)], 0.0027559 secs] [Times: user=0.00 sys=0.00, real=0.00 secs] 
1.532: [Full GC (Ergonomics) [PSYoungGen: 512K->64K(1024K)] [ParOldGen: 469K->469K(512K)] 981K->533K(1536K), [Metaspace: 2696K->2696K(1056768K)], 0.0027544 secs] [Times: user=0.01 sys=0.00, real=0.00 secs] 
1.535: [Full GC (Ergonomics) [PSYoungGen: 512K->64K(1024K)] [ParOldGen: 469K->469K(512K)] 981K->533K(1536K), [Metaspace: 2696K->2696K(1056768K)], 0.0035308 secs] [Times: user=0.00 sys=0.00, real=0.00 secs] 
1.539: [Full GC (Ergonomics) [PSYoungGen: 512K->64K(1024K)] [ParOldGen: 469K->469K(512K)] 981K->533K(1536K), [Metaspace: 2696K->2696K(1056768K)], 0.0031594 secs] [Times: user=0.00 sys=0.00, real=0.00 secs] 
1.542: [Full GC (Ergonomics) [PSYoungGen: 512K->64K(1024K)] [ParOldGen: 469K->469K(512K)] 981K->533K(1536K), [Metaspace: 2696K->2696K(1056768K)], 0.0028842 secs] [Times: user=0.00 sys=0.00, real=0.00 secs] 
1.546: [Full GC (Ergonomics) [PSYoungGen: 512K->64K(1024K)] [ParOldGen: 469K->469K(512K)] 981K->533K(1536K), [Metaspace: 2696K->2696K(1056768K)], 0.0028737 secs] [Times: user=0.00 sys=0.00, real=0.00 secs] 
1.549: [Full GC (Ergonomics) [PSYoungGen: 512K->64K(1024K)] [ParOldGen: 469K->469K(512K)] 981K->533K(1536K), [Metaspace: 2696K->2696K(1056768K)], 0.0027520 secs] [Times: user=0.02 sys=0.00, real=0.00 secs] 
1.551: [Full GC (Ergonomics) [PSYoungGen: 512K->64K(1024K)] [ParOldGen: 469K->469K(512K)] 981K->533K(1536K), [Metaspace: 2696K->2696K(1056768K)], 0.0028424 secs] [Times: user=0.00 sys=0.00, real=0.00 secs] 
1.555: [Full GC (Ergonomics) [PSYoungGen: 512K->64K(1024K)] [ParOldGen: 469K->469K(512K)] 981K->533K(1536K), [Metaspace: 2696K->2696K(1056768K)], 0.0029001 secs] [Times: user=0.00 sys=0.00, real=0.00 secs] 
1.559: [Full GC (Ergonomics) [PSYoungGen: 512K->64K(1024K)] [ParOldGen: 469K->469K(512K)] 981K->533K(1536K), [Metaspace: 2696K->2696K(1056768K)], 0.0031540 secs] [Times: user=0.00 sys=0.00, real=0.00 secs] 
1.562: [Full GC (Ergonomics) [PSYoungGen: 512K->64K(1024K)] [ParOldGen: 469K->469K(512K)] 981K->533K(1536K), [Metaspace: 2696K->2696K(1056768K)], 0.0028590 secs] [Times: user=0.05 sys=0.00, real=0.00 secs] 
1.565: [Full GC (Ergonomics) [PSYoungGen: 512K->64K(1024K)] [ParOldGen: 469K->469K(512K)] 981K->533K(1536K), [Metaspace: 2696K->2696K(1056768K)], 0.0032297 secs] [Times: user=0.00 sys=0.00, real=0.00 secs] 
1.568: [Full GC (Ergonomics) [PSYoungGen: 512K->64K(1024K)] [ParOldGen: 469K->469K(512K)] 981K->533K(1536K), [Metaspace: 2696K->2696K(1056768K)], 0.0029173 secs] [Times: user=0.00 sys=0.00, real=0.00 secs] 
1.571: [Full GC (Ergonomics) [PSYoungGen: 512K->64K(1024K)] [ParOldGen: 469K->469K(512K)] 981K->533K(1536K), [Metaspace: 2696K->2696K(1056768K)], 0.0029143 secs] [Times: user=0.00 sys=0.00, real=0.00 secs] 
1.575: [Full GC (Ergonomics) [PSYoungGen: 512K->64K(1024K)] [ParOldGen: 469K->469K(512K)] 981K->533K(1536K), [Metaspace: 2696K->2696K(1056768K)], 0.0029302 secs] [Times: user=0.00 sys=0.00, real=0.00 secs] 
1.578: [Full GC (Ergonomics) [PSYoungGen: 512K->64K(1024K)] [ParOldGen: 469K->469K(512K)] 981K->533K(1536K), [Metaspace: 2696K->2696K(1056768K)], 0.0027727 secs] [Times: user=0.06 sys=0.00, real=0.00 secs] 
1.581: [Full GC (Ergonomics) [PSYoungGen: 512K->64K(1024K)] [ParOldGen: 469K->469K(512K)] 981K->533K(1536K), [Metaspace: 2696K->2696K(1056768K)], 0.0030462 secs] [Times: user=0.00 sys=0.00, real=0.00 secs] 
1.584: [Full GC (Ergonomics) [PSYoungGen: 512K->64K(1024K)] [ParOldGen: 469K->469K(512K)] 981K->533K(1536K), [Metaspace: 2696K->2696K(1056768K)], 0.0028722 secs] [Times: user=0.00 sys=0.00, real=0.00 secs] 
1.587: [Full GC (Ergonomics) [PSYoungGen: 512K->64K(1024K)] [ParOldGen: 469K->469K(512K)] 981K->533K(1536K), [Metaspace: 2696K->2696K(1056768K)], 0.0028935 secs] [Times: user=0.00 sys=0.00, real=0.00 secs] 
1.590: [Full GC (Ergonomics) [PSYoungGen: 512K->64K(1024K)] [ParOldGen: 469K->469K(512K)] 981K->533K(1536K), [Metaspace: 2696K->2696K(1056768K)], 0.0029999 secs] [Times: user=0.00 sys=0.00, real=0.00 secs] 
1.593: [Full GC (Ergonomics) [PSYoungGen: 512K->64K(1024K)] [ParOldGen: 469K->469K(512K)] 981K->533K(1536K), [Metaspace: 2696K->2696K(1056768K)], 0.0035158 secs] [Times: user=0.06 sys=0.00, real=0.00 secs] 
1.597: [Full GC (Ergonomics) [PSYoungGen: 512K->64K(1024K)] [ParOldGen: 469K->469K(512K)] 981K->533K(1536K), [Metaspace: 2696K->2696K(1056768K)], 0.0029161 secs] [Times: user=0.00 sys=0.00, real=0.00 secs] 
1.600: [Full GC (Ergonomics) [PSYoungGen: 512K->64K(1024K)] [ParOldGen: 469K->469K(512K)] 981K->533K(1536K), [Metaspace: 2696K->2696K(1056768K)], 0.0028037 secs] [Times: user=0.00 sys=0.00, real=0.00 secs] 
1.603: [Full GC (Ergonomics) [PSYoungGen: 512K->64K(1024K)] [ParOldGen: 469K->469K(512K)] 981K->533K(1536K), [Metaspace: 2696K->2696K(1056768K)], 0.0033010 secs] [Times: user=0.00 sys=0.00, real=0.00 secs] 
1.606: [Full GC (Ergonomics) [PSYoungGen: 512K->64K(1024K)] [ParOldGen: 469K->469K(512K)] 981K->533K(1536K), [Metaspace: 2696K->2696K(1056768K)], 0.0030332 secs] [Times: user=0.00 sys=0.00, real=0.00 secs] 
1.610: [Full GC (Ergonomics) [PSYoungGen: 512K->64K(1024K)] [ParOldGen: 469K->469K(512K)] 981K->533K(1536K), [Metaspace: 2696K->2696K(1056768K)], 0.0030693 secs] [Times: user=0.06 sys=0.00, real=0.00 secs] 
1.613: [Full GC (Ergonomics) [PSYoungGen: 512K->64K(1024K)] [ParOldGen: 469K->469K(512K)] 981K->533K(1536K), [Metaspace: 2696K->2696K(1056768K)], 0.0028445 secs] [Times: user=0.00 sys=0.00, real=0.00 secs] 
1.616: [Full GC (Ergonomics) [PSYoungGen: 512K->64K(1024K)] [ParOldGen: 469K->469K(512K)] 981K->533K(1536K), [Metaspace: 2696K->2696K(1056768K)], 0.0027826 secs] [Times: user=0.00 sys=0.00, real=0.00 secs] 
1.619: [Full GC (Ergonomics) [PSYoungGen: 512K->64K(1024K)] [ParOldGen: 469K->469K(512K)] 981K->533K(1536K), [Metaspace: 2696K->2696K(1056768K)], 0.0030206 secs] [Times: user=0.00 sys=0.00, real=0.00 secs] 
1.622: [Full GC (Ergonomics) [PSYoungGen: 512K->64K(1024K)] [ParOldGen: 469K->469K(512K)] 981K->533K(1536K), [Metaspace: 2696K->2696K(1056768K)], 0.0030059 secs] [Times: user=0.00 sys=0.00, real=0.00 secs] 
1.625: [Full GC (Ergonomics) [PSYoungGen: 512K->64K(1024K)] [ParOldGen: 469K->469K(512K)] 981K->533K(1536K), [Metaspace: 2696K->2696K(1056768K)], 0.0028554 secs] [Times: user=0.05 sys=0.00, real=0.00 secs] 
1.628: [Full GC (Ergonomics) [PSYoungGen: 512K->64K(1024K)] [ParOldGen: 469K->469K(512K)] 981K->533K(1536K), [Metaspace: 2696K->2696K(1056768K)], 0.0031294 secs] [Times: user=0.00 sys=0.00, real=0.00 secs] 
1.632: [Full GC (Ergonomics) [PSYoungGen: 512K->64K(1024K)] [ParOldGen: 469K->469K(512K)] 981K->533K(1536K), [Metaspace: 2696K->2696K(1056768K)], 0.0028638 secs] [Times: user=0.00 sys=0.00, real=0.00 secs] 
1.635: [Full GC (Ergonomics) [PSYoungGen: 512K->64K(1024K)] [ParOldGen: 469K->469K(512K)] 981K->533K(1536K), [Metaspace: 2696K->2696K(1056768K)], 0.0031612 secs] [Times: user=0.00 sys=0.00, real=0.00 secs] 
1.638: [Full GC (Ergonomics) [PSYoungGen: 512K->64K(1024K)] [ParOldGen: 469K->469K(512K)] 981K->533K(1536K), [Metaspace: 2696K->2696K(1056768K)], 0.0031285 secs] [Times: user=0.00 sys=0.00, real=0.00 secs] 
1.641: [Full GC (Ergonomics) [PSYoungGen: 512K->64K(1024K)] [ParOldGen: 469K->469K(512K)] 981K->533K(1536K), [Metaspace: 2696K->2696K(1056768K)], 0.0028283 secs] [Times: user=0.06 sys=0.00, real=0.00 secs] 
1.644: [Full GC (Ergonomics) [PSYoungGen: 512K->64K(1024K)] [ParOldGen: 469K->469K(512K)] 981K->533K(1536K), [Metaspace: 2696K->2696K(1056768K)], 0.0028478 secs] [Times: user=0.00 sys=0.00, real=0.00 secs] 
1.647: [Full GC (Ergonomics) [PSYoungGen: 512K->64K(1024K)] [ParOldGen: 469K->469K(512K)] 981K->533K(1536K), [Metaspace: 2696K->2696K(1056768K)], 0.0028247 secs] [Times: user=0.00 sys=0.00, real=0.00 secs] 
1.650: [Full GC (Ergonomics) [PSYoungGen: 512K->64K(1024K)] [ParOldGen: 469K->469K(512K)] 981K->533K(1536K), [Metaspace: 2696K->2696K(1056768K)], 0.0029097 secs] [Times: user=0.00 sys=0.00, real=0.00 secs] 
1.653: [Full GC (Ergonomics) [PSYoungGen: 512K->64K(1024K)] [ParOldGen: 469K->469K(512K)] 981K->533K(1536K), [Metaspace: 2696K->2696K(1056768K)], 0.0030044 secs] [Times: user=0.00 sys=0.00, real=0.00 secs] 
1.657: [Full GC (Ergonomics) [PSYoungGen: 512K->64K(1024K)] [ParOldGen: 469K->469K(512K)] 981K->533K(1536K), [Metaspace: 2696K->2696K(1056768K)], 0.0029314 secs] [Times: user=0.06 sys=0.00, real=0.00 secs] 
1.660: [Full GC (Ergonomics) [PSYoungGen: 512K->64K(1024K)] [ParOldGen: 469K->469K(512K)] 981K->533K(1536K), [Metaspace: 2696K->2696K(1056768K)], 0.0032974 secs] [Times: user=0.00 sys=0.00, real=0.00 secs] 
1.663: [Full GC (Ergonomics) [PSYoungGen: 512K->64K(1024K)] [ParOldGen: 469K->469K(512K)] 981K->533K(1536K), [Metaspace: 2696K->2696K(1056768K)], 0.0027887 secs] [Times: user=0.00 sys=0.00, real=0.00 secs] 
1.666: [Full GC (Ergonomics) [PSYoungGen: 512K->64K(1024K)] [ParOldGen: 469K->469K(512K)] 981K->533K(1536K), [Metaspace: 2696K->2696K(1056768K)], 0.0027757 secs] [Times: user=0.00 sys=0.00, real=0.00 secs] 
1.669: [Full GC (Ergonomics) [PSYoungGen: 512K->64K(1024K)] [ParOldGen: 469K->469K(512K)] 981K->533K(1536K), [Metaspace: 2696K->2696K(1056768K)], 0.0033250 secs] [Times: user=0.00 sys=0.00, real=0.00 secs] 
1.673: [Full GC (Ergonomics) [PSYoungGen: 512K->64K(1024K)] [ParOldGen: 469K->469K(512K)] 981K->533K(1536K), [Metaspace: 2696K->2696K(1056768K)], 0.0032676 secs] [Times: user=0.02 sys=0.00, real=0.00 secs] 
1.676: [Full GC (Ergonomics) [PSYoungGen: 512K->64K(1024K)] [ParOldGen: 469K->469K(512K)] 981K->533K(1536K), [Metaspace: 2696K->2696K(1056768K)], 0.0028797 secs] [Times: user=0.00 sys=0.00, real=0.00 secs] 
1.679: [Full GC (Ergonomics) [PSYoungGen: 512K->64K(1024K)] [ParOldGen: 469K->469K(512K)] 981K->533K(1536K), [Metaspace: 2696K->2696K(1056768K)], 0.0027817 secs] [Times: user=0.00 sys=0.00, real=0.00 secs] 
1.682: [Full GC (Ergonomics) [PSYoungGen: 512K->64K(1024K)] [ParOldGen: 469K->469K(512K)] 981K->533K(1536K), [Metaspace: 2696K->2696K(1056768K)], 0.0027343 secs] [Times: user=0.00 sys=0.00, real=0.00 secs] 
1.685: [Full GC (Ergonomics) [PSYoungGen: 512K->64K(1024K)] [ParOldGen: 469K->469K(512K)] 981K->533K(1536K), [Metaspace: 2696K->2696K(1056768K)], 0.0029783 secs] [Times: user=0.00 sys=0.00, real=0.00 secs] 
1.688: [Full GC (Ergonomics) [PSYoungGen: 512K->64K(1024K)] [ParOldGen: 469K->469K(512K)] 981K->533K(1536K), [Metaspace: 2696K->2696K(1056768K)], 0.0034551 secs] [Times: user=0.02 sys=0.00, real=0.00 secs] 
1.692: [Full GC (Ergonomics) [PSYoungGen: 512K->64K(1024K)] [ParOldGen: 469K->469K(512K)] 981K->533K(1536K), [Metaspace: 2696K->2696K(1056768K)], 0.0028935 secs] [Times: user=0.00 sys=0.00, real=0.00 secs] 
1.695: [Full GC (Ergonomics) [PSYoungGen: 512K->64K(1024K)] [ParOldGen: 469K->469K(512K)] 981K->533K(1536K), [Metaspace: 2696K->2696K(1056768K)], 0.0027496 secs] [Times: user=0.00 sys=0.00, real=0.00 secs] 
1.698: [Full GC (Ergonomics) [PSYoungGen: 512K->64K(1024K)] [ParOldGen: 469K->469K(512K)] 981K->533K(1536K), [Metaspace: 2696K->2696K(1056768K)], 0.0027520 secs] [Times: user=0.00 sys=0.00, real=0.00 secs] 
1.701: [Full GC (Ergonomics) [PSYoungGen: 512K->64K(1024K)] [ParOldGen: 469K->469K(512K)] 981K->533K(1536K), [Metaspace: 2696K->2696K(1056768K)], 0.0028289 secs] [Times: user=0.00 sys=0.00, real=0.00 secs] 
1.704: [Full GC (Ergonomics) [PSYoungGen: 512K->64K(1024K)] [ParOldGen: 469K->469K(512K)] 981K->533K(1536K), [Metaspace: 2696K->2696K(1056768K)], 0.0029578 secs] [Times: user=0.03 sys=0.00, real=0.00 secs] 
1.707: [Full GC (Ergonomics) [PSYoungGen: 512K->64K(1024K)] [ParOldGen: 469K->469K(512K)] 981K->533K(1536K), [Metaspace: 2696K->2696K(1056768K)], 0.0030651 secs] [Times: user=0.00 sys=0.00, real=0.00 secs] 
1.710: [Full GC (Ergonomics) [PSYoungGen: 512K->64K(1024K)] [ParOldGen: 469K->469K(512K)] 981K->533K(1536K), [Metaspace: 2696K->2696K(1056768K)], 0.0028527 secs] [Times: user=0.00 sys=0.00, real=0.00 secs] 
1.713: [Full GC (Ergonomics) [PSYoungGen: 512K->64K(1024K)] [ParOldGen: 469K->469K(512K)] 981K->533K(1536K), [Metaspace: 2696K->2696K(1056768K)], 0.0027881 secs] [Times: user=0.00 sys=0.00, real=0.00 secs] 
1.716: [Full GC (Ergonomics) [PSYoungGen: 512K->64K(1024K)] [ParOldGen: 469K->469K(512K)] 981K->533K(1536K), [Metaspace: 2696K->2696K(1056768K)], 0.0027331 secs] [Times: user=0.00 sys=0.00, real=0.00 secs] 
1.719: [Full GC (Ergonomics) [PSYoungGen: 512K->64K(1024K)] [ParOldGen: 469K->469K(512K)] 981K->533K(1536K), [Metaspace: 2696K->2696K(1056768K)], 0.0029647 secs] [Times: user=0.03 sys=0.00, real=0.00 secs] 
1.722: [Full GC (Ergonomics) [PSYoungGen: 512K->64K(1024K)] [ParOldGen: 469K->469K(512K)] 981K->533K(1536K), [Metaspace: 2696K->2696K(1056768K)], 0.0030441 secs] [Times: user=0.00 sys=0.00, real=0.00 secs] 
1.725: [Full GC (Ergonomics) [PSYoungGen: 512K->64K(1024K)] [ParOldGen: 469K->469K(512K)] 981K->533K(1536K), [Metaspace: 2696K->2696K(1056768K)], 0.0035296 secs] [Times: user=0.00 sys=0.00, real=0.00 secs] 
1.729: [Full GC (Ergonomics) [PSYoungGen: 512K->64K(1024K)] [ParOldGen: 469K->469K(512K)] 981K->533K(1536K), [Metaspace: 2696K->2696K(1056768K)], 0.0028466 secs] [Times: user=0.00 sys=0.00, real=0.00 secs] 
1.732: [Full GC (Ergonomics) [PSYoungGen: 512K->64K(1024K)] [ParOldGen: 469K->469K(512K)] 981K->533K(1536K), [Metaspace: 2696K->2696K(1056768K)], 0.0027989 secs] [Times: user=0.00 sys=0.00, real=0.00 secs] 
1.735: [Full GC (Ergonomics) [PSYoungGen: 512K->64K(1024K)] [ParOldGen: 469K->469K(512K)] 981K->533K(1536K), [Metaspace: 2696K->2696K(1056768K)], 0.0033547 secs] [Times: user=0.02 sys=0.00, real=0.00 secs] 
1.739: [Full GC (Ergonomics) [PSYoungGen: 512K->64K(1024K)] [ParOldGen: 469K->469K(512K)] 981K->533K(1536K), [Metaspace: 2696K->2696K(1056768K)], 0.0030450 secs] [Times: user=0.00 sys=0.00, real=0.00 secs] 
1.742: [Full GC (Ergonomics) [PSYoungGen: 512K->64K(1024K)] [ParOldGen: 469K->469K(512K)] 981K->533K(1536K), [Metaspace: 2696K->2696K(1056768K)], 0.0027235 secs] [Times: user=0.00 sys=0.00, real=0.00 secs] 
1.745: [Full GC (Ergonomics) [PSYoungGen: 512K->64K(1024K)] [ParOldGen: 469K->469K(512K)] 981K->533K(1536K), [Metaspace: 2696K->2696K(1056768K)], 0.0030495 secs] [Times: user=0.00 sys=0.00, real=0.00 secs] 
1.748: [Full GC (Ergonomics) [PSYoungGen: 512K->64K(1024K)] [ParOldGen: 469K->469K(512K)] 981K->533K(1536K), [Metaspace: 2696K->2696K(1056768K)], 0.0029599 secs] [Times: user=0.00 sys=0.00, real=0.00 secs] 
1.751: [Full GC (Ergonomics) [PSYoungGen: 512K->64K(1024K)] [ParOldGen: 469K->469K(512K)] 981K->533K(1536K), [Metaspace: 2696K->2696K(1056768K)], 0.0029984 secs] [Times: user=0.02 sys=0.00, real=0.00 secs] 
1.754: [Full GC (Ergonomics) [PSYoungGen: 512K->64K(1024K)] [ParOldGen: 469K->469K(512K)] 981K->533K(1536K), [Metaspace: 2696K->2696K(1056768K)], 0.0032986 secs] [Times: user=0.00 sys=0.00, real=0.00 secs] 
1.758: [Full GC (Ergonomics) [PSYoungGen: 512K->64K(1024K)] [ParOldGen: 469K->469K(512K)] 981K->533K(1536K), [Metaspace: 2696K->2696K(1056768K)], 0.0029185 secs] [Times: user=0.00 sys=0.00, real=0.00 secs] 
1.761: [Full GC (Ergonomics) [PSYoungGen: 512K->64K(1024K)] [ParOldGen: 469K->469K(512K)] 981K->533K(1536K), [Metaspace: 2696K->2696K(1056768K)], 0.0028247 secs] [Times: user=0.00 sys=0.00, real=0.00 secs] 
1.764: [Full GC (Ergonomics) [PSYoungGen: 512K->64K(1024K)] [ParOldGen: 469K->469K(512K)] 981K->533K(1536K), [Metaspace: 2696K->2696K(1056768K)], 0.0027823 secs] [Times: user=0.00 sys=0.00, real=0.00 secs] 
1.767: [Full GC (Ergonomics) [PSYoungGen: 512K->64K(1024K)] [ParOldGen: 469K->469K(512K)] 981K->533K(1536K), [Metaspace: 2696K->2696K(1056768K)], 0.0030266 secs] [Times: user=0.02 sys=0.00, real=0.00 secs] 
1.770: [Full GC (Ergonomics) [PSYoungGen: 512K->64K(1024K)] [ParOldGen: 469K->469K(512K)] 981K->533K(1536K), [Metaspace: 2696K->2696K(1056768K)], 0.0033962 secs] [Times: user=0.00 sys=0.00, real=0.00 secs] 
1.774: [Full GC (Ergonomics) [PSYoungGen: 512K->64K(1024K)] [ParOldGen: 469K->469K(512K)] 981K->533K(1536K), [Metaspace: 2696K->2696K(1056768K)], 0.0030594 secs] [Times: user=0.00 sys=0.00, real=0.00 secs] 
1.777: [Full GC (Ergonomics) [PSYoungGen: 512K->64K(1024K)] [ParOldGen: 469K->469K(512K)] 981K->533K(1536K), [Metaspace: 2696K->2696K(1056768K)], 0.0031552 secs] [Times: user=0.00 sys=0.00, real=0.00 secs] 
1.780: [Full GC (Ergonomics) [PSYoungGen: 512K->64K(1024K)] [ParOldGen: 469K->469K(512K)] 981K->533K(1536K), [Metaspace: 2696K->2696K(1056768K)], 0.0029993 secs] [Times: user=0.03 sys=0.00, real=0.00 secs] 
1.784: [Full GC (Ergonomics) [PSYoungGen: 512K->64K(1024K)] [ParOldGen: 469K->469K(512K)] 981K->533K(1536K), [Metaspace: 2696K->2696K(1056768K)], 0.0030507 secs] [Times: user=0.00 sys=0.00, real=0.00 secs] 
1.787: [Full GC (Ergonomics) [PSYoungGen: 512K->64K(1024K)] [ParOldGen: 469K->469K(512K)] 981K->533K(1536K), [Metaspace: 2696K->2696K(1056768K)], 0.0034046 secs] [Times: user=0.00 sys=0.00, real=0.00 secs] 
1.790: [Full GC (Ergonomics) [PSYoungGen: 512K->64K(1024K)] [ParOldGen: 469K->469K(512K)] 981K->533K(1536K), [Metaspace: 2696K->2696K(1056768K)], 0.0030510 secs] [Times: user=0.00 sys=0.00, real=0.00 secs] 
1.794: [Full GC (Ergonomics) [PSYoungGen: 512K->64K(1024K)] [ParOldGen: 469K->469K(512K)] 981K->533K(1536K), [Metaspace: 2696K->2696K(1056768K)], 0.0028617 secs] [Times: user=0.00 sys=0.00, real=0.00 secs] 
1.797: [Full GC (Ergonomics) [PSYoungGen: 512K->64K(1024K)] [ParOldGen: 469K->469K(512K)] 981K->533K(1536K), [Metaspace: 2696K->2696K(1056768K)], 0.0027574 secs] [Times: user=0.05 sys=0.00, real=0.00 secs] 
1.800: [Full GC (Ergonomics) [PSYoungGen: 512K->64K(1024K)] [ParOldGen: 469K->469K(512K)] 981K->533K(1536K), [Metaspace: 2696K->2696K(1056768K)], 0.0027899 secs] [Times: user=0.00 sys=0.00, real=0.00 secs] 
1.803: [Full GC (Ergonomics) [PSYoungGen: 512K->64K(1024K)] [ParOldGen: 469K->469K(512K)] 981K->533K(1536K), [Metaspace: 2696K->2696K(1056768K)], 0.0029560 secs] [Times: user=0.00 sys=0.00, real=0.00 secs] 
1.806: [Full GC (Ergonomics) [PSYoungGen: 512K->64K(1024K)] [ParOldGen: 469K->469K(512K)] 981K->533K(1536K), [Metaspace: 2696K->2696K(1056768K)], 0.0032808 secs] [Times: user=0.00 sys=0.00, real=0.00 secs] 
1.809: [Full GC (Ergonomics) [PSYoungGen: 512K->64K(1024K)] [ParOldGen: 469K->469K(512K)] 981K->533K(1536K), [Metaspace: 2696K->2696K(1056768K)], 0.0030023 secs] [Times: user=0.00 sys=0.00, real=0.00 secs] 
1.812: [Full GC (Ergonomics) [PSYoungGen: 512K->64K(1024K)] [ParOldGen: 469K->469K(512K)] 981K->533K(1536K), [Metaspace: 2696K->2696K(1056768K)], 0.0028043 secs] [Times: user=0.05 sys=0.00, real=0.00 secs] 
1.815: [Full GC (Ergonomics) [PSYoungGen: 512K->64K(1024K)] [ParOldGen: 469K->469K(512K)] 981K->533K(1536K), [Metaspace: 2696K->2696K(1056768K)], 0.0034407 secs] [Times: user=0.00 sys=0.00, real=0.00 secs] 
1.819: [Full GC (Ergonomics) [PSYoungGen: 512K->64K(1024K)] [ParOldGen: 469K->469K(512K)] 981K->533K(1536K), [Metaspace: 2696K->2696K(1056768K)], 0.0030047 secs] [Times: user=0.00 sys=0.00, real=0.00 secs] 
1.822: [Full GC (Ergonomics) [PSYoungGen: 512K->64K(1024K)] [ParOldGen: 469K->469K(512K)] 981K->533K(1536K), [Metaspace: 2696K->2696K(1056768K)], 0.0030456 secs] [Times: user=0.00 sys=0.00, real=0.00 secs] 
1.825: [Full GC (Ergonomics) [PSYoungGen: 512K->64K(1024K)] [ParOldGen: 469K->469K(512K)] 981K->533K(1536K), [Metaspace: 2696K->2696K(1056768K)], 0.0028920 secs] [Times: user=0.00 sys=0.00, real=0.00 secs] 
1.829: [Full GC (Ergonomics) [PSYoungGen: 512K->64K(1024K)] [ParOldGen: 469K->469K(512K)] 981K->533K(1536K), [Metaspace: 2696K->2696K(1056768K)], 0.0028475 secs] [Times: user=0.06 sys=0.00, real=0.00 secs] 
1.832: [Full GC (Ergonomics) [PSYoungGen: 512K->64K(1024K)] [ParOldGen: 469K->469K(512K)] 981K->533K(1536K), [Metaspace: 2696K->2696K(1056768K)], 0.0030630 secs] [Times: user=0.00 sys=0.00, real=0.00 secs] 
1.835: [Full GC (Ergonomics) [PSYoungGen: 512K->64K(1024K)] [ParOldGen: 469K->469K(512K)] 981K->533K(1536K), [Metaspace: 2696K->2696K(1056768K)], 0.0029230 secs] [Times: user=0.00 sys=0.00, real=0.00 secs] 
1.838: [Full GC (Ergonomics) [PSYoungGen: 512K->64K(1024K)] [ParOldGen: 469K->469K(512K)] 981K->533K(1536K), [Metaspace: 2696K->2696K(1056768K)], 0.0030471 secs] [Times: user=0.00 sys=0.00, real=0.00 secs] 
1.841: [Full GC (Ergonomics) [PSYoungGen: 512K->64K(1024K)] [ParOldGen: 469K->469K(512K)] 981K->533K(1536K), [Metaspace: 2696K->2696K(1056768K)], 0.0028433 secs] [Times: user=0.00 sys=0.00, real=0.00 secs] 
1.844: [Full GC (Ergonomics) [PSYoungGen: 512K->64K(1024K)] [ParOldGen: 469K->469K(512K)] 981K->533K(1536K), [Metaspace: 2696K->2696K(1056768K)], 0.0033223 secs] [Times: user=0.06 sys=0.00, real=0.00 secs] 
1.848: [Full GC (Ergonomics) [PSYoungGen: 512K->64K(1024K)] [ParOldGen: 469K->469K(512K)] 981K->533K(1536K), [Metaspace: 2696K->2696K(1056768K)], 0.0030597 secs] [Times: user=0.00 sys=0.00, real=0.00 secs] 
1.851: [Full GC (Ergonomics) [PSYoungGen: 512K->64K(1024K)] [ParOldGen: 469K->469K(512K)] 981K->533K(1536K), [Metaspace: 2696K->2696K(1056768K)], 0.0030395 secs] [Times: user=0.00 sys=0.00, real=0.00 secs] 
1.854: [Full GC (Ergonomics) [PSYoungGen: 512K->64K(1024K)] [ParOldGen: 469K->469K(512K)] 981K->533K(1536K), [Metaspace: 2696K->2696K(1056768K)], 0.0030858 secs] [Times: user=0.00 sys=0.00, real=0.00 secs] 
1.857: [Full GC (Ergonomics) [PSYoungGen: 512K->64K(1024K)] [ParOldGen: 469K->469K(512K)] 981K->533K(1536K), [Metaspace: 2696K->2696K(1056768K)], 0.0028052 secs] [Times: user=0.00 sys=0.00, real=0.00 secs] 
1.860: [Full GC (Ergonomics) [PSYoungGen: 512K->64K(1024K)] [ParOldGen: 469K->469K(512K)] 981K->533K(1536K), [Metaspace: 2696K->2696K(1056768K)], 0.0030966 secs] [Times: user=0.02 sys=0.00, real=0.00 secs] 
1.864: [Full GC (Ergonomics) [PSYoungGen: 512K->64K(1024K)] [ParOldGen: 469K->469K(512K)] 981K->533K(1536K), [Metaspace: 2696K->2696K(1056768K)], 0.0028286 secs] [Times: user=0.00 sys=0.00, real=0.00 secs] 
1.867: [Full GC (Ergonomics) [PSYoungGen: 512K->64K(1024K)] [ParOldGen: 469K->469K(512K)] 981K->533K(1536K), [Metaspace: 2696K->2696K(1056768K)], 0.0029972 secs] [Times: user=0.00 sys=0.00, real=0.00 secs] 
1.870: [Full GC (Ergonomics) [PSYoungGen: 512K->64K(1024K)] [ParOldGen: 469K->469K(512K)] 981K->533K(1536K), [Metaspace: 2696K->2696K(1056768K)], 0.0030017 secs] [Times: user=0.00 sys=0.00, real=0.00 secs] 
1.873: [Full GC (Ergonomics) [PSYoungGen: 512K->64K(1024K)] [ParOldGen: 469K->469K(512K)] 981K->533K(1536K), [Metaspace: 2696K->2696K(1056768K)], 0.0028635 secs] [Times: user=0.00 sys=0.00, real=0.00 secs] 
1.876: [Full GC (Ergonomics) [PSYoungGen: 512K->64K(1024K)] [ParOldGen: 469K->469K(512K)] 981K->533K(1536K), [Metaspace: 2696K->2696K(1056768K)], 0.0027838 secs] [Times: user=0.01 sys=0.00, real=0.00 secs] 
1.879: [Full GC (Ergonomics) [PSYoungGen: 512K->64K(1024K)] [ParOldGen: 469K->469K(512K)] 981K->533K(1536K), [Metaspace: 2696K->2696K(1056768K)], 0.0029007 secs] [Times: user=0.00 sys=0.00, real=0.00 secs] 
1.882: [Full GC (Ergonomics) [PSYoungGen: 512K->64K(1024K)] [ParOldGen: 469K->469K(512K)] 981K->533K(1536K), [Metaspace: 2696K->2696K(1056768K)], 0.0029326 secs] [Times: user=0.00 sys=0.00, real=0.00 secs] 
1.885: [Full GC (Ergonomics) [PSYoungGen: 512K->64K(1024K)] [ParOldGen: 469K->469K(512K)] 981K->533K(1536K), [Metaspace: 2696K->2696K(1056768K)], 0.0030116 secs] [Times: user=0.00 sys=0.00, real=0.00 secs] 
1.889: [Full GC (Ergonomics) [PSYoungGen: 512K->64K(1024K)] [ParOldGen: 469K->469K(512K)] 981K->533K(1536K), [Metaspace: 2696K->2696K(1056768K)], 0.0031165 secs] [Times: user=0.00 sys=0.00, real=0.00 secs] 
1.892: [Full GC (Ergonomics) [PSYoungGen: 512K->64K(1024K)] [ParOldGen: 469K->469K(512K)] 981K->533K(1536K), [Metaspace: 2696K->2696K(1056768K)], 0.0028647 secs] [Times: user=0.02 sys=0.00, real=0.00 secs] 
1.895: [Full GC (Ergonomics) [PSYoungGen: 512K->64K(1024K)] [ParOldGen: 469K->469K(512K)] 981K->533K(1536K), [Metaspace: 2696K->2696K(1056768K)], 0.0030200 secs] [Times: user=0.00 sys=0.00, real=0.00 secs] 
1.898: [Full GC (Ergonomics) [PSYoungGen: 512K->64K(1024K)] [ParOldGen: 469K->469K(512K)] 981K->533K(1536K), [Metaspace: 2696K->2696K(1056768K)], 0.0028022 secs] [Times: user=0.00 sys=0.00, real=0.00 secs] 
1.901: [Full GC (Ergonomics) [PSYoungGen: 512K->64K(1024K)] [ParOldGen: 469K->469K(512K)] 981K->533K(1536K), [Metaspace: 2696K->2696K(1056768K)], 0.0029701 secs] [Times: user=0.00 sys=0.00, real=0.00 secs] 
1.904: [Full GC (Ergonomics) [PSYoungGen: 512K->64K(1024K)] [ParOldGen: 469K->469K(512K)] 981K->533K(1536K), [Metaspace: 2696K->2696K(1056768K)], 0.0029698 secs] [Times: user=0.00 sys=0.00, real=0.00 secs] 
1.908: [Full GC (Ergonomics) [PSYoungGen: 512K->64K(1024K)] [ParOldGen: 469K->469K(512K)] 981K->533K(1536K), [Metaspace: 2696K->2696K(1056768K)], 0.0027484 secs] [Times: user=0.01 sys=0.00, real=0.00 secs] 
1.911: [Full GC (Ergonomics) [PSYoungGen: 512K->64K(1024K)] [ParOldGen: 469K->469K(512K)] 981K->533K(1536K), [Metaspace: 2696K->2696K(1056768K)], 0.0027646 secs] [Times: user=0.00 sys=0.00, real=0.00 secs] 
1.913: [Full GC (Ergonomics) [PSYoungGen: 512K->64K(1024K)] [ParOldGen: 469K->469K(512K)] 981K->533K(1536K), [Metaspace: 2696K->2696K(1056768K)], 0.0031171 secs] [Times: user=0.00 sys=0.00, real=0.00 secs] 
1.917: [Full GC (Ergonomics) [PSYoungGen: 512K->64K(1024K)] [ParOldGen: 469K->469K(512K)] 981K->533K(1536K), [Metaspace: 2696K->2696K(1056768K)], 0.0030990 secs] [Times: user=0.00 sys=0.00, real=0.00 secs] 
1.920: [Full GC (Ergonomics) [PSYoungGen: 512K->64K(1024K)] [ParOldGen: 469K->469K(512K)] 981K->533K(1536K), [Metaspace: 2696K->2696K(1056768K)], 0.0030567 secs] [Times: user=0.00 sys=0.00, real=0.00 secs] 
1.923: [Full GC (Ergonomics) [PSYoungGen: 512K->64K(1024K)] [ParOldGen: 469K->469K(512K)] 981K->533K(1536K), [Metaspace: 2696K->2696K(1056768K)], 0.0031976 secs] [Times: user=0.02 sys=0.00, real=0.00 secs] 
1.927: [Full GC (Ergonomics) [PSYoungGen: 512K->64K(1024K)] [ParOldGen: 469K->469K(512K)] 981K->533K(1536K), [Metaspace: 2696K->2696K(1056768K)], 0.0029876 secs] [Times: user=0.00 sys=0.00, real=0.00 secs] 
1.930: [Full GC (Ergonomics) [PSYoungGen: 512K->64K(1024K)] [ParOldGen: 469K->469K(512K)] 981K->533K(1536K), [Metaspace: 2696K->2696K(1056768K)], 0.0028424 secs] [Times: user=0.00 sys=0.00, real=0.00 secs] 
1.933: [Full GC (Ergonomics) [PSYoungGen: 512K->64K(1024K)] [ParOldGen: 469K->469K(512K)] 981K->533K(1536K), [Metaspace: 2696K->2696K(1056768K)], 0.0029713 secs] [Times: user=0.00 sys=0.00, real=0.00 secs] 
1.936: [Full GC (Ergonomics) [PSYoungGen: 512K->64K(1024K)] [ParOldGen: 469K->469K(512K)] 981K->533K(1536K), [Metaspace: 2696K->2696K(1056768K)], 0.0030660 secs] [Times: user=0.00 sys=0.00, real=0.00 secs] 
1.939: [Full GC (Ergonomics) [PSYoungGen: 512K->64K(1024K)] [ParOldGen: 469K->469K(512K)] 981K->533K(1536K), [Metaspace: 2696K->2696K(1056768K)], 0.0030504 secs] [Times: user=0.06 sys=0.00, real=0.00 secs] 
1.943: [Full GC (Ergonomics) [PSYoungGen: 512K->64K(1024K)] [ParOldGen: 469K->469K(512K)] 981K->533K(1536K), [Metaspace: 2696K->2696K(1056768K)], 0.0028938 secs] [Times: user=0.00 sys=0.00, real=0.00 secs] 
1.946: [Full GC (Ergonomics) [PSYoungGen: 512K->64K(1024K)] [ParOldGen: 469K->469K(512K)] 981K->533K(1536K), [Metaspace: 2696K->2696K(1056768K)], 0.0028196 secs] [Times: user=0.00 sys=0.00, real=0.00 secs] 
1.949: [Full GC (Ergonomics) [PSYoungGen: 512K->64K(1024K)] [ParOldGen: 469K->469K(512K)] 981K->533K(1536K), [Metaspace: 2696K->2696K(1056768K)], 0.0029623 secs] [Times: user=0.00 sys=0.00, real=0.00 secs] 
1.952: [Full GC (Ergonomics) [PSYoungGen: 512K->64K(1024K)] [ParOldGen: 469K->469K(512K)] 981K->533K(1536K), [Metaspace: 2696K->2696K(1056768K)], 0.0029055 secs] [Times: user=0.00 sys=0.00, real=0.00 secs] 
1.955: [Full GC (Ergonomics) [PSYoungGen: 512K->64K(1024K)] [ParOldGen: 469K->469K(512K)] 981K->533K(1536K), [Metaspace: 2696K->2696K(1056768K)], 0.0035573 secs] [Times: user=0.03 sys=0.00, real=0.00 secs] 
1.959: [Full GC (Ergonomics) [PSYoungGen: 512K->64K(1024K)] [ParOldGen: 469K->469K(512K)] 981K->533K(1536K), [Metaspace: 2696K->2696K(1056768K)], 0.0027538 secs] [Times: user=0.00 sys=0.00, real=0.00 secs] 
1.962: [Full GC (Ergonomics) [PSYoungGen: 512K->64K(1024K)] [ParOldGen: 469K->469K(512K)] 981K->533K(1536K), [Metaspace: 2696K->2696K(1056768K)], 0.0027132 secs] [Times: user=0.00 sys=0.00, real=0.00 secs] 
1.964: [Full GC (Ergonomics) [PSYoungGen: 512K->64K(1024K)] [ParOldGen: 469K->469K(512K)] 981K->533K(1536K), [Metaspace: 2696K->2696K(1056768K)], 0.0027460 secs] [Times: user=0.00 sys=0.00, real=0.00 secs] 
1.967: [Full GC (Ergonomics) [PSYoungGen: 512K->64K(1024K)] [ParOldGen: 469K->469K(512K)] 981K->533K(1536K), [Metaspace: 2696K->2696K(1056768K)], 0.0031090 secs] [Times: user=0.00 sys=0.00, real=0.00 secs] 
1.971: [Full GC (Ergonomics) [PSYoungGen: 512K->64K(1024K)] [ParOldGen: 469K->469K(512K)] 981K->533K(1536K), [Metaspace: 2696K->2696K(1056768K)], 0.0033073 secs] [Times: user=0.00 sys=0.00, real=0.00 secs] 
1.974: [Full GC (Ergonomics) [PSYoungGen: 512K->64K(1024K)] [ParOldGen: 469K->469K(512K)] 981K->533K(1536K), [Metaspace: 2696K->2696K(1056768K)], 0.0029335 secs] [Times: user=0.00 sys=0.00, real=0.00 secs] 
1.977: [Full GC (Ergonomics) [PSYoungGen: 512K->64K(1024K)] [ParOldGen: 469K->469K(512K)] 981K->533K(1536K), [Metaspace: 2696K->2696K(1056768K)], 0.0027781 secs] [Times: user=0.00 sys=0.00, real=0.00 secs] 
1.980: [Full GC (Ergonomics) [PSYoungGen: 512K->64K(1024K)] [ParOldGen: 469K->469K(512K)] 981K->533K(1536K), [Metaspace: 2696K->2696K(1056768K)], 0.0027481 secs] [Times: user=0.00 sys=0.00, real=0.00 secs] 
1.983: [Full GC (Ergonomics) [PSYoungGen: 512K->64K(1024K)] [ParOldGen: 469K->469K(512K)] 981K->533K(1536K), [Metaspace: 2696K->2696K(1056768K)], 0.0029359 secs] [Times: user=0.00 sys=0.00, real=0.00 secs] 
1.986: [Full GC (Ergonomics) [PSYoungGen: 512K->64K(1024K)] [ParOldGen: 469K->469K(512K)] 981K->533K(1536K), [Metaspace: 2696K->2696K(1056768K)], 0.0030104 secs] [Times: user=0.03 sys=0.00, real=0.00 secs] 
1.989: [Full GC (Ergonomics) [PSYoungGen: 512K->64K(1024K)] [ParOldGen: 469K->469K(512K)] 981K->533K(1536K), [Metaspace: 2696K->2696K(1056768K)], 0.0028127 secs] [Times: user=0.00 sys=0.00, real=0.00 secs] 
1.992: [Full GC (Ergonomics) [PSYoungGen: 512K->64K(1024K)] [ParOldGen: 469K->469K(512K)] 981K->533K(1536K), [Metaspace: 2696K->2696K(1056768K)], 0.0028860 secs] [Times: user=0.00 sys=0.00, real=0.00 secs] 
1.996: [Full GC (Ergonomics) [PSYoungGen: 512K->64K(1024K)] [ParOldGen: 469K->469K(512K)] 981K->533K(1536K), [Metaspace: 2696K->2696K(1056768K)], 0.0028557 secs] [Times: user=0.00 sys=0.00, real=0.00 secs] 
1.999: [Full GC (Ergonomics) [PSYoungGen: 512K->64K(1024K)] [ParOldGen: 469K->469K(512K)] 981K->533K(1536K), [Metaspace: 2696K->2696K(1056768K)], 0.0030383 secs] [Times: user=0.00 sys=0.00, real=0.00 secs] 
2.002: [Full GC (Ergonomics) [PSYoungGen: 512K->64K(1024K)] [ParOldGen: 469K->469K(512K)] 981K->533K(1536K), [Metaspace: 2696K->2696K(1056768K)], 0.0038376 secs] [Times: user=0.03 sys=0.00, real=0.00 secs] 
2.006: [Full GC (Ergonomics) [PSYoungGen: 512K->64K(1024K)] [ParOldGen: 469K->469K(512K)] 981K->533K(1536K), [Metaspace: 2696K->2696K(1056768K)], 0.0028812 secs] [Times: user=0.00 sys=0.00, real=0.00 secs] 
2.009: [Full GC (Ergonomics) [PSYoungGen: 512K->64K(1024K)] [ParOldGen: 469K->469K(512K)] 981K->533K(1536K), [Metaspace: 2696K->2696K(1056768K)], 0.0027367 secs] [Times: user=0.00 sys=0.00, real=0.00 secs] 
2.012: [Full GC (Ergonomics) [PSYoungGen: 512K->64K(1024K)] [ParOldGen: 469K->469K(512K)] 981K->533K(1536K), [Metaspace: 2696K->2696K(1056768K)], 0.0027529 secs] [Times: user=0.00 sys=0.00, real=0.00 secs] 
2.015: [Full GC (Ergonomics) [PSYoungGen: 512K->64K(1024K)] [ParOldGen: 469K->469K(512K)] 981K->533K(1536K), [Metaspace: 2696K->2696K(1056768K)], 0.0027655 secs] [Times: user=0.00 sys=0.00, real=0.00 secs] 
2.018: [Full GC (Ergonomics) [PSYoungGen: 512K->64K(1024K)] [ParOldGen: 469K->469K(512K)] 981K->533K(1536K), [Metaspace: 2696K->2696K(1056768K)], 0.0034124 secs] [Times: user=0.05 sys=0.00, real=0.00 secs] 
2.021: [Full GC (Ergonomics) [PSYoungGen: 512K->64K(1024K)] [ParOldGen: 469K->469K(512K)] 981K->533K(1536K), [Metaspace: 2696K->2696K(1056768K)], 0.0029855 secs] [Times: user=0.00 sys=0.00, real=0.00 secs] 
2.024: [Full GC (Ergonomics) [PSYoungGen: 512K->64K(1024K)] [ParOldGen: 469K->469K(512K)] 981K->533K(1536K), [Metaspace: 2696K->2696K(1056768K)], 0.0027328 secs] [Times: user=0.00 sys=0.00, real=0.00 secs] 
2.027: [Full GC (Ergonomics) [PSYoungGen: 512K->64K(1024K)] [ParOldGen: 469K->469K(512K)] 981K->533K(1536K), [Metaspace: 2696K->2696K(1056768K)], 0.0027406 secs] [Times: user=0.00 sys=0.00, real=0.00 secs] 
2.030: [Full GC (Ergonomics) [PSYoungGen: 512K->64K(1024K)] [ParOldGen: 469K->469K(512K)] 981K->533K(1536K), [Metaspace: 2696K->2696K(1056768K)], 0.0027571 secs] [Times: user=0.00 sys=0.00, real=0.00 secs] 
2.033: [Full GC (Ergonomics) [PSYoungGen: 512K->64K(1024K)] [ParOldGen: 469K->469K(512K)] 981K->533K(1536K), [Metaspace: 2696K->2696K(1056768K)], 0.0036808 secs] [Times: user=0.05 sys=0.00, real=0.00 secs] 
2.037: [Full GC (Ergonomics) [PSYoungGen: 512K->64K(1024K)] [ParOldGen: 469K->469K(512K)] 981K->533K(1536K), [Metaspace: 2696K->2696K(1056768K)], 0.0031195 secs] [Times: user=0.00 sys=0.00, real=0.00 secs] 
2.040: [Full GC (Ergonomics) [PSYoungGen: 512K->64K(1024K)] [ParOldGen: 469K->469K(512K)] 981K->533K(1536K), [Metaspace: 2696K->2696K(1056768K)], 0.0028127 secs] [Times: user=0.00 sys=0.00, real=0.00 secs] 
2.043: [Full GC (Ergonomics) [PSYoungGen: 512K->64K(1024K)] [ParOldGen: 469K->469K(512K)] 981K->533K(1536K), [Metaspace: 2696K->2696K(1056768K)], 0.0029176 secs] [Times: user=0.00 sys=0.00, real=0.00 secs] 
2.047: [Full GC (Ergonomics) [PSYoungGen: 512K->64K(1024K)] [ParOldGen: 469K->469K(512K)] 981K->533K(1536K), [Metaspace: 2696K->2696K(1056768K)], 0.0027679 secs] [Times: user=0.02 sys=0.00, real=0.00 secs] 
2.049: [Full GC (Ergonomics) [PSYoungGen: 512K->64K(1024K)] [ParOldGen: 469K->469K(512K)] 981K->533K(1536K), [Metaspace: 2696K->2696K(1056768K)], 0.0029563 secs] [Times: user=0.00 sys=0.00, real=0.00 secs] 
2.053: [Full GC (Ergonomics) [PSYoungGen: 512K->64K(1024K)] [ParOldGen: 469K->469K(512K)] 981K->533K(1536K), [Metaspace: 2696K->2696K(1056768K)], 0.0034235 secs] [Times: user=0.00 sys=0.00, real=0.00 secs] 
2.056: [Full GC (Ergonomics) [PSYoungGen: 512K->64K(1024K)] [ParOldGen: 469K->469K(512K)] 981K->533K(1536K), [Metaspace: 2696K->2696K(1056768K)], 0.0028995 secs] [Times: user=0.00 sys=0.00, real=0.00 secs] 
2.059: [Full GC (Ergonomics) [PSYoungGen: 512K->64K(1024K)] [ParOldGen: 469K->469K(512K)] 981K->533K(1536K), [Metaspace: 2696K->2696K(1056768K)], 0.0027778 secs] [Times: user=0.00 sys=0.00, real=0.00 secs] 
2.062: [Full GC (Ergonomics) [PSYoungGen: 512K->64K(1024K)] [ParOldGen: 469K->469K(512K)] 981K->533K(1536K), [Metaspace: 2696K->2696K(1056768K)], 0.0027102 secs] [Times: user=0.05 sys=0.00, real=0.00 secs] 
2.065: [Full GC (Ergonomics) [PSYoungGen: 512K->64K(1024K)] [ParOldGen: 469K->469K(512K)] 981K->533K(1536K), [Metaspace: 2696K->2696K(1056768K)], 0.0034115 secs] [Times: user=0.00 sys=0.00, real=0.00 secs] 
2.069: [Full GC (Ergonomics) [PSYoungGen: 512K->64K(1024K)] [ParOldGen: 469K->469K(512K)] 981K->533K(1536K), [Metaspace: 2696K->2696K(1056768K)], 0.0031411 secs] [Times: user=0.00 sys=0.00, real=0.00 secs] 
2.072: [Full GC (Ergonomics) [PSYoungGen: 512K->64K(1024K)] [ParOldGen: 469K->469K(512K)] 981K->533K(1536K), [Metaspace: 2696K->2696K(1056768K)], 0.0029049 secs] [Times: user=0.00 sys=0.00, real=0.00 secs] 
2.075: [Full GC (Ergonomics) [PSYoungGen: 512K->64K(1024K)] [ParOldGen: 469K->469K(512K)] 981K->533K(1536K), [Metaspace: 2696K->2696K(1056768K)], 0.0027556 secs] [Times: user=0.00 sys=0.00, real=0.00 secs] 
2.078: [Full GC (Ergonomics) [PSYoungGen: 512K->64K(1024K)] [ParOldGen: 469K->469K(512K)] 981K->533K(1536K), [Metaspace: 2696K->2696K(1056768K)], 0.0029620 secs] [Times: user=0.06 sys=0.00, real=0.00 secs] 
2.081: [Full GC (Ergonomics) [PSYoungGen: 512K->64K(1024K)] [ParOldGen: 469K->469K(512K)] 981K->533K(1536K), [Metaspace: 2696K->2696K(1056768K)], 0.0030002 secs] [Times: user=0.00 sys=0.00, real=0.00 secs] 
2.085: [Full GC (Ergonomics) [PSYoungGen: 512K->64K(1024K)] [ParOldGen: 469K->469K(512K)] 981K->533K(1536K), [Metaspace: 2696K->2696K(1056768K)], 0.0029737 secs] [Times: user=0.00 sys=0.00, real=0.00 secs] 
2.088: [Full GC (Ergonomics) [PSYoungGen: 512K->64K(1024K)] [ParOldGen: 469K->469K(512K)] 981K->533K(1536K), [Metaspace: 2696K->2696K(1056768K)], 0.0029067 secs] [Times: user=0.00 sys=0.00, real=0.00 secs] 
2.091: [Full GC (Ergonomics) [PSYoungGen: 512K->64K(1024K)] [ParOldGen: 469K->469K(512K)] 981K->533K(1536K), [Metaspace: 2696K->2696K(1056768K)], 0.0027138 secs] [Times: user=0.00 sys=0.00, real=0.00 secs] 
2.094: [Full GC (Ergonomics) [PSYoungGen: 512K->64K(1024K)] [ParOldGen: 469K->469K(512K)] 981K->533K(1536K), [Metaspace: 2696K->2696K(1056768K)], 0.0027688 secs] [Times: user=0.06 sys=0.00, real=0.00 secs] 
2.097: [Full GC (Ergonomics) [PSYoungGen: 512K->64K(1024K)] [ParOldGen: 469K->469K(512K)] 981K->533K(1536K), [Metaspace: 2696K->2696K(1056768K)], 0.0033193 secs] [Times: user=0.00 sys=0.00, real=0.00 secs] 
2.100: [Full GC (Ergonomics) [PSYoungGen: 512K->64K(1024K)] [ParOldGen: 469K->469K(512K)] 981K->533K(1536K), [Metaspace: 2696K->2696K(1056768K)], 0.0030122 secs] [Times: user=0.00 sys=0.00, real=0.00 secs] 
2.103: [Full GC (Ergonomics) [PSYoungGen: 512K->64K(1024K)] [ParOldGen: 469K->469K(512K)] 981K->533K(1536K), [Metaspace: 2696K->2696K(1056768K)], 0.0029765 secs] [Times: user=0.00 sys=0.00, real=0.00 secs] 
2.107: [Full GC (Ergonomics) [PSYoungGen: 512K->64K(1024K)] [ParOldGen: 469K->469K(512K)] 981K->533K(1536K), [Metaspace: 2696K->2696K(1056768K)], 0.0030969 secs] [Times: user=0.00 sys=0.00, real=0.00 secs] 
2.110: [Full GC (Ergonomics) [PSYoungGen: 512K->64K(1024K)] [ParOldGen: 469K->469K(512K)] 981K->533K(1536K), [Metaspace: 2696K->2696K(1056768K)], 0.0028659 secs] [Times: user=0.06 sys=0.00, real=0.00 secs] 
2.113: [Full GC (Ergonomics) [PSYoungGen: 512K->64K(1024K)] [ParOldGen: 469K->469K(512K)] 981K->533K(1536K), [Metaspace: 2696K->2696K(1056768K)], 0.0027742 secs] [Times: user=0.00 sys=0.00, real=0.00 secs] 
2.116: [Full GC (Ergonomics) [PSYoungGen: 512K->64K(1024K)] [ParOldGen: 469K->469K(512K)] 981K->533K(1536K), [Metaspace: 2696K->2696K(1056768K)], 0.0029743 secs] [Times: user=0.00 sys=0.00, real=0.00 secs] 
2.119: [Full GC (Ergonomics) [PSYoungGen: 512K->64K(1024K)] [ParOldGen: 469K->469K(512K)] 981K->533K(1536K), [Metaspace: 2696K->2696K(1056768K)], 0.0030594 secs] [Times: user=0.00 sys=0.00, real=0.00 secs] 
2.122: [Full GC (Ergonomics) [PSYoungGen: 512K->64K(1024K)] [ParOldGen: 469K->469K(512K)] 981K->533K(1536K), [Metaspace: 2696K->2696K(1056768K)], 0.0029341 secs] [Times: user=0.00 sys=0.00, real=0.00 secs] 
2.125: [Full GC (Ergonomics) [PSYoungGen: 512K->64K(1024K)] [ParOldGen: 469K->469K(512K)] 981K->533K(1536K), [Metaspace: 2696K->2696K(1056768K)], 0.0027583 secs] [Times: user=0.06 sys=0.00, real=0.00 secs] 
2.128: [Full GC (Ergonomics) [PSYoungGen: 512K->64K(1024K)] [ParOldGen: 469K->469K(512K)] 981K->533K(1536K), [Metaspace: 2696K->2696K(1056768K)], 0.0029683 secs] [Times: user=0.00 sys=0.00, real=0.00 secs] 
2.131: [Full GC (Ergonomics) [PSYoungGen: 512K->64K(1024K)] [ParOldGen: 469K->469K(512K)] 981K->533K(1536K), [Metaspace: 2696K->2696K(1056768K)], 0.0029476 secs] [Times: user=0.00 sys=0.00, real=0.00 secs] 
2.135: [Full GC (Ergonomics) [PSYoungGen: 512K->64K(1024K)] [ParOldGen: 469K->469K(512K)] 981K->533K(1536K), [Metaspace: 2696K->2696K(1056768K)], 0.0029386 secs] [Times: user=0.00 sys=0.00, real=0.00 secs] 
2.138: [Full GC (Ergonomics) [PSYoungGen: 512K->64K(1024K)] [ParOldGen: 469K->469K(512K)] 981K->533K(1536K), [Metaspace: 2696K->2696K(1056768K)], 0.0030122 secs] [Times: user=0.00 sys=0.00, real=0.00 secs] 
2.141: [Full GC (Ergonomics) [PSYoungGen: 512K->64K(1024K)] [ParOldGen: 469K->469K(512K)] 981K->533K(1536K), [Metaspace: 2696K->2696K(1056768K)], 0.0028746 secs] [Times: user=0.06 sys=0.00, real=0.00 secs] 
2.144: [Full GC (Ergonomics) [PSYoungGen: 512K->64K(1024K)] [ParOldGen: 469K->469K(512K)] 981K->533K(1536K), [Metaspace: 2696K->2696K(1056768K)], 0.0029686 secs] [Times: user=0.00 sys=0.00, real=0.00 secs] 
2.147: [Full GC (Ergonomics) [PSYoungGen: 512K->64K(1024K)] [ParOldGen: 469K->469K(512K)] 981K->533K(1536K), [Metaspace: 2696K->2696K(1056768K)], 0.0027986 secs] [Times: user=0.00 sys=0.00, real=0.00 secs] 
2.150: [Full GC (Ergonomics) [PSYoungGen: 512K->64K(1024K)] [ParOldGen: 469K->469K(512K)] 981K->533K(1536K), [Metaspace: 2696K->2696K(1056768K)], 0.0029924 secs] [Times: user=0.00 sys=0.00, real=0.00 secs] 
2.154: [Full GC (Ergonomics) [PSYoungGen: 512K->64K(1024K)] [ParOldGen: 469K->469K(512K)] 981K->533K(1536K), [Metaspace: 2696K->2696K(1056768K)], 0.0028515 secs] [Times: user=0.00 sys=0.00, real=0.00 secs] 
2.157: [Full GC (Ergonomics) [PSYoungGen: 512K->64K(1024K)] [ParOldGen: 469K->469K(512K)] 981K->533K(1536K), [Metaspace: 2696K->2696K(1056768K)], 0.0027670 secs] [Times: user=0.06 sys=0.00, real=0.00 secs] 
2.159: [Full GC (Ergonomics) [PSYoungGen: 512K->64K(1024K)] [ParOldGen: 469K->469K(512K)] 981K->533K(1536K), [Metaspace: 2696K->2696K(1056768K)], 0.0027739 secs] [Times: user=0.00 sys=0.00, real=0.00 secs] 
2.162: [Full GC (Ergonomics) [PSYoungGen: 512K->64K(1024K)] [ParOldGen: 469K->469K(512K)] 981K->533K(1536K), [Metaspace: 2696K->2696K(1056768K)], 0.0032264 secs] [Times: user=0.00 sys=0.00, real=0.00 secs] 
2.166: [Full GC (Ergonomics) [PSYoungGen: 512K->64K(1024K)] [ParOldGen: 469K->469K(512K)] 981K->533K(1536K), [Metaspace: 2696K->2696K(1056768K)], 0.0035155 secs] [Times: user=0.00 sys=0.00, real=0.00 secs] 
2.170: [Full GC (Ergonomics) [PSYoungGen: 512K->64K(1024K)] [ParOldGen: 469K->469K(512K)] 981K->533K(1536K), [Metaspace: 2696K->2696K(1056768K)], 0.0030846 secs] [Times: user=0.00 sys=0.00, real=0.00 secs] 
2.173: [Full GC (Ergonomics) [PSYoungGen: 512K->64K(1024K)] [ParOldGen: 469K->469K(512K)] 981K->533K(1536K), [Metaspace: 2696K->2696K(1056768K)], 0.0028355 secs] [Times: user=0.05 sys=0.00, real=0.00 secs] 
2.176: [Full GC (Ergonomics) [PSYoungGen: 512K->64K(1024K)] [ParOldGen: 469K->469K(512K)] 981K->533K(1536K), [Metaspace: 2696K->2696K(1056768K)], 0.0032117 secs] [Times: user=0.00 sys=0.00, real=0.00 secs] 
2.179: [Full GC (Ergonomics) [PSYoungGen: 512K->64K(1024K)] [ParOldGen: 469K->469K(512K)] 981K->533K(1536K), [Metaspace: 2696K->2696K(1056768K)], 0.0027763 secs] [Times: user=0.00 sys=0.00, real=0.00 secs] 
2.182: [Full GC (Ergonomics) [PSYoungGen: 512K->64K(1024K)] [ParOldGen: 469K->469K(512K)] 981K->533K(1536K), [Metaspace: 2696K->2696K(1056768K)], 0.0029807 secs] [Times: user=0.00 sys=0.00, real=0.00 secs] 
2.185: [Full GC (Ergonomics) [PSYoungGen: 512K->64K(1024K)] [ParOldGen: 469K->469K(512K)] 981K->533K(1536K), [Metaspace: 2696K->2696K(1056768K)], 0.0030242 secs] [Times: user=0.00 sys=0.00, real=0.00 secs] 
2.189: [Full GC (Ergonomics) [PSYoungGen: 512K->64K(1024K)] [ParOldGen: 469K->469K(512K)] 981K->533K(1536K), [Metaspace: 2696K->2696K(1056768K)], 0.0031462 secs] [Times: user=0.02 sys=0.00, real=0.00 secs] 
2.192: [Full GC (Ergonomics) [PSYoungGen: 512K->64K(1024K)] [ParOldGen: 469K->469K(512K)] 981K->533K(1536K), [Metaspace: 2696K->2696K(1056768K)], 0.0028530 secs] [Times: user=0.00 sys=0.00, real=0.00 secs] 
2.195: [Full GC (Ergonomics) [PSYoungGen: 512K->64K(1024K)] [ParOldGen: 469K->469K(512K)] 981K->533K(1536K), [Metaspace: 2696K->2696K(1056768K)], 0.0027439 secs] [Times: user=0.00 sys=0.00, real=0.00 secs] 
2.198: [Full GC (Ergonomics) [PSYoungGen: 512K->64K(1024K)] [ParOldGen: 469K->469K(512K)] 981K->533K(1536K), [Metaspace: 2696K->2696K(1056768K)], 0.0028686 secs] [Times: user=0.00 sys=0.00, real=0.00 secs] 
2.201: [Full GC (Ergonomics) [PSYoungGen: 512K->64K(1024K)] [ParOldGen: 469K->469K(512K)] 981K->533K(1536K), [Metaspace: 2696K->2696K(1056768K)], 0.0029680 secs] [Times: user=0.00 sys=0.00, real=0.00 secs] 
2.204: [Full GC (Ergonomics) [PSYoungGen: 512K->64K(1024K)] [ParOldGen: 469K->469K(512K)] 981K->533K(1536K), [Metaspace: 2696K->2696K(1056768K)], 0.0032300 secs] [Times: user=0.02 sys=0.00, real=0.00 secs] 
2.207: [Full GC (Ergonomics) [PSYoungGen: 512K->64K(1024K)] [ParOldGen: 469K->469K(512K)] 981K->533K(1536K), [Metaspace: 2696K->2696K(1056768K)], 0.0028980 secs] [Times: user=0.00 sys=0.00, real=0.00 secs] 
2.211: [Full GC (Ergonomics) [PSYoungGen: 512K->64K(1024K)] [ParOldGen: 469K->469K(512K)] 981K->533K(1536K), [Metaspace: 2696K->2696K(1056768K)], 0.0028211 secs] [Times: user=0.00 sys=0.00, real=0.00 secs] 
2.214: [Full GC (Ergonomics) [PSYoungGen: 512K->64K(1024K)] [ParOldGen: 469K->469K(512K)] 981K->533K(1536K), [Metaspace: 2696K->2696K(1056768K)], 0.0028181 secs] [Times: user=0.00 sys=0.00, real=0.00 secs] 
2.217: [Full GC (Ergonomics) [PSYoungGen: 512K->64K(1024K)] [ParOldGen: 469K->469K(512K)] 981K->533K(1536K), [Metaspace: 2696K->2696K(1056768K)], 0.0030056 secs] [Times: user=0.00 sys=0.00, real=0.00 secs] 
2.220: [Full GC (Ergonomics) [PSYoungGen: 512K->64K(1024K)] [ParOldGen: 469K->469K(512K)] 981K->533K(1536K), [Metaspace: 2696K->2696K(1056768K)], 0.0028560 secs] [Times: user=0.02 sys=0.00, real=0.00 secs] 
2.223: [Full GC (Ergonomics) [PSYoungGen: 512K->64K(1024K)] [ParOldGen: 469K->469K(512K)] 981K->533K(1536K), [Metaspace: 2696K->2696K(1056768K)], 0.0026958 secs] [Times: user=0.00 sys=0.00, real=0.00 secs] 
2.226: [Full GC (Ergonomics) [PSYoungGen: 512K->64K(1024K)] [ParOldGen: 469K->469K(512K)] 981K->533K(1536K), [Metaspace: 2696K->2696K(1056768K)], 0.0030398 secs] [Times: user=0.00 sys=0.00, real=0.00 secs] 
2.229: [Full GC (Ergonomics) [PSYoungGen: 512K->64K(1024K)] [ParOldGen: 469K->469K(512K)] 981K->533K(1536K), [Metaspace: 2696K->2696K(1056768K)], 0.0029085 secs] [Times: user=0.00 sys=0.00, real=0.00 secs] 
2.232: [Full GC (Ergonomics) [PSYoungGen: 512K->64K(1024K)] [ParOldGen: 469K->469K(512K)] 981K->533K(1536K), [Metaspace: 2696K->2696K(1056768K)], 0.0028686 secs] [Times: user=0.00 sys=0.00, real=0.00 secs] 
2.235: [Full GC (Ergonomics) [PSYoungGen: 512K->64K(1024K)] [ParOldGen: 469K->469K(512K)] 981K->533K(1536K), [Metaspace: 2696K->2696K(1056768K)], 0.0030218 secs] [Times: user=0.02 sys=0.00, real=0.00 secs] 
2.238: [Full GC (Ergonomics) [PSYoungGen: 512K->64K(1024K)] [ParOldGen: 469K->469K(512K)] 981K->533K(1536K), [Metaspace: 2696K->2696K(1056768K)], 0.0028301 secs] [Times: user=0.00 sys=0.00, real=0.00 secs] 
2.241: [Full GC (Ergonomics) [PSYoungGen: 512K->64K(1024K)] [ParOldGen: 469K->469K(512K)] 981K->533K(1536K), [Metaspace: 2696K->2696K(1056768K)], 0.0027652 secs] [Times: user=0.00 sys=0.00, real=0.00 secs] 
2.244: [Full GC (Ergonomics) [PSYoungGen: 512K->64K(1024K)] [ParOldGen: 469K->469K(512K)] 981K->533K(1536K), [Metaspace: 2696K->2696K(1056768K)], 0.0031020 secs] [Times: user=0.00 sys=0.00, real=0.00 secs] 
2.247: [Full GC (Ergonomics) [PSYoungGen: 512K->64K(1024K)] [ParOldGen: 469K->469K(512K)] 981K->533K(1536K), [Metaspace: 2696K->2696K(1056768K)], 0.0029786 secs] [Times: user=0.00 sys=0.00, real=0.00 secs] 
2.251: [Full GC (Ergonomics) [PSYoungGen: 512K->64K(1024K)] [ParOldGen: 469K->469K(512K)] 981K->533K(1536K), [Metaspace: 2696K->2696K(1056768K)], 0.0035002 secs] [Times: user=0.01 sys=0.00, real=0.00 secs] 
2.254: [Full GC (Ergonomics) [PSYoungGen: 512K->64K(1024K)] [ParOldGen: 469K->469K(512K)] 981K->533K(1536K), [Metaspace: 2696K->2696K(1056768K)], 0.0031204 secs] [Times: user=0.00 sys=0.00, real=0.00 secs] 
2.258: [Full GC (Ergonomics) [PSYoungGen: 512K->64K(1024K)] [ParOldGen: 469K->469K(512K)] 981K->533K(1536K), [Metaspace: 2696K->2696K(1056768K)], 0.0028292 secs] [Times: user=0.00 sys=0.00, real=0.00 secs] 
2.261: [Full GC (Ergonomics) [PSYoungGen: 512K->64K(1024K)] [ParOldGen: 469K->469K(512K)] 981K->533K(1536K), [Metaspace: 2696K->2696K(1056768K)], 0.0027944 secs] [Times: user=0.00 sys=0.00, real=0.00 secs] 
2.263: [Full GC (Ergonomics) [PSYoungGen: 512K->64K(1024K)] [ParOldGen: 469K->469K(512K)] 981K->533K(1536K), [Metaspace: 2696K->2696K(1056768K)], 0.0028545 secs] [Times: user=0.00 sys=0.00, real=0.00 secs] 
2.267: [Full GC (Ergonomics) [PSYoungGen: 512K->64K(1024K)] [ParOldGen: 469K->469K(512K)] 981K->533K(1536K), [Metaspace: 2696K->2696K(1056768K)], 0.0030293 secs] [Times: user=0.02 sys=0.00, real=0.00 secs] 
2.270: [Full GC (Ergonomics) [PSYoungGen: 512K->64K(1024K)] [ParOldGen: 469K->469K(512K)] 981K->533K(1536K), [Metaspace: 2696K->2696K(1056768K)], 0.0031850 secs] [Times: user=0.00 sys=0.00, real=0.00 secs] 
2.273: [Full GC (Ergonomics) [PSYoungGen: 512K->64K(1024K)] [ParOldGen: 469K->469K(512K)] 981K->533K(1536K), [Metaspace: 2696K->2696K(1056768K)], 0.0027670 secs] [Times: user=0.00 sys=0.00, real=0.00 secs] 
2.276: [Full GC (Ergonomics) [PSYoungGen: 512K->64K(1024K)] [ParOldGen: 469K->469K(512K)] 981K->533K(1536K), [Metaspace: 2696K->2696K(1056768K)], 0.0027129 secs] [Times: user=0.00 sys=0.00, real=0.00 secs] 
2.279: [Full GC (Ergonomics) [PSYoungGen: 512K->64K(1024K)] [ParOldGen: 469K->469K(512K)] 981K->533K(1536K), [Metaspace: 2696K->2696K(1056768K)], 0.0027842 secs] [Times: user=0.00 sys=0.00, real=0.00 secs] 
2.282: [Full GC (Ergonomics) [PSYoungGen: 512K->64K(1024K)] [ParOldGen: 469K->469K(512K)] 981K->533K(1536K), [Metaspace: 2696K->2696K(1056768K)], 0.0031994 secs] [Times: user=0.01 sys=0.00, real=0.00 secs] 
2.285: [Full GC (Ergonomics) [PSYoungGen: 512K->64K(1024K)] [ParOldGen: 469K->469K(512K)] 981K->533K(1536K), [Metaspace: 2696K->2696K(1056768K)], 0.0031057 secs] [Times: user=0.00 sys=0.00, real=0.00 secs] 
2.289: [Full GC (Ergonomics) [PSYoungGen: 512K->64K(1024K)] [ParOldGen: 469K->469K(512K)] 981K->533K(1536K), [Metaspace: 2696K->2696K(1056768K)], 0.0028842 secs] [Times: user=0.00 sys=0.00, real=0.00 secs] 
2.292: [Full GC (Ergonomics) [PSYoungGen: 512K->64K(1024K)] [ParOldGen: 469K->469K(512K)] 981K->533K(1536K), [Metaspace: 2696K->2696K(1056768K)], 0.0028118 secs] [Times: user=0.00 sys=0.00, real=0.00 secs] 
2.295: [Full GC (Ergonomics) [PSYoungGen: 512K->64K(1024K)] [ParOldGen: 469K->469K(512K)] 981K->533K(1536K), [Metaspace: 2696K->2696K(1056768K)], 0.0028722 secs] [Times: user=0.00 sys=0.00, real=0.00 secs] 
2.298: [Full GC (Ergonomics) [PSYoungGen: 512K->64K(1024K)] [ParOldGen: 469K->469K(512K)] 981K->533K(1536K), [Metaspace: 2696K->2696K(1056768K)], 0.0029861 secs] [Times: user=0.02 sys=0.00, real=0.00 secs] 
2.301: [Full GC (Ergonomics) [PSYoungGen: 512K->64K(1024K)] [ParOldGen: 469K->469K(512K)] 981K->533K(1536K), [Metaspace: 2696K->2696K(1056768K)], 0.0029416 secs] [Times: user=0.00 sys=0.00, real=0.00 secs] 
2.304: [Full GC (Ergonomics) [PSYoungGen: 512K->64K(1024K)] [ParOldGen: 469K->469K(512K)] 981K->533K(1536K), [Metaspace: 2696K->2696K(1056768K)], 0.0031570 secs] [Times: user=0.00 sys=0.00, real=0.00 secs] 
2.307: [Full GC (Ergonomics) [PSYoungGen: 512K->64K(1024K)] [ParOldGen: 469K->469K(512K)] 981K->533K(1536K), [Metaspace: 2696K->2696K(1056768K)], 0.0028680 secs] [Times: user=0.00 sys=0.00, real=0.00 secs] 
2.310: [Full GC (Ergonomics) [PSYoungGen: 512K->64K(1024K)] [ParOldGen: 469K->469K(512K)] 981K->533K(1536K), [Metaspace: 2696K->2696K(1056768K)], 0.0028394 secs] [Times: user=0.00 sys=0.00, real=0.00 secs] 
2.313: [Full GC (Ergonomics) [PSYoungGen: 512K->64K(1024K)] [ParOldGen: 469K->469K(512K)] 981K->533K(1536K), [Metaspace: 2696K->2696K(1056768K)], 0.0037829 secs] [Times: user=0.02 sys=0.00, real=0.00 secs] 
2.317: [Full GC (Ergonomics) [PSYoungGen: 512K->64K(1024K)] [ParOldGen: 469K->469K(512K)] 981K->533K(1536K), [Metaspace: 2696K->2696K(1056768K)], 0.0033076 secs] [Times: user=0.00 sys=0.00, real=0.00 secs] 
2.321: [Full GC (Ergonomics) [PSYoungGen: 512K->64K(1024K)] [ParOldGen: 469K->469K(512K)] 981K->533K(1536K), [Metaspace: 2696K->2696K(1056768K)], 0.0029338 secs] [Times: user=0.00 sys=0.00, real=0.00 secs] 
2.324: [Full GC (Ergonomics) [PSYoungGen: 512K->64K(1024K)] [ParOldGen: 469K->469K(512K)] 981K->533K(1536K), [Metaspace: 2696K->2696K(1056768K)], 0.0027523 secs] [Times: user=0.00 sys=0.00, real=0.00 secs] 
2.327: [Full GC (Ergonomics) [PSYoungGen: 512K->64K(1024K)] [ParOldGen: 469K->469K(512K)] 981K->533K(1536K), [Metaspace: 2696K->2696K(1056768K)], 0.0027893 secs] [Times: user=0.00 sys=0.00, real=0.00 secs] 
2.330: [Full GC (Ergonomics) [PSYoungGen: 512K->64K(1024K)] [ParOldGen: 469K->469K(512K)] 981K->533K(1536K), [Metaspace: 2696K->2696K(1056768K)], 0.0031288 secs] [Times: user=0.05 sys=0.00, real=0.00 secs] 
2.333: [Full GC (Ergonomics) [PSYoungGen: 512K->64K(1024K)] [ParOldGen: 469K->469K(512K)] 981K->533K(1536K), [Metaspace: 2696K->2696K(1056768K)], 0.0030035 secs] [Times: user=0.00 sys=0.00, real=0.00 secs] 
2.336: [Full GC (Ergonomics) [PSYoungGen: 512K->64K(1024K)] [ParOldGen: 469K->469K(512K)] 981K->533K(1536K), [Metaspace: 2696K->2696K(1056768K)], 0.0028307 secs] [Times: user=0.00 sys=0.00, real=0.00 secs] 
2.339: [Full GC (Ergonomics) [PSYoungGen: 512K->64K(1024K)] [ParOldGen: 469K->469K(512K)] 981K->533K(1536K), [Metaspace: 2696K->2696K(1056768K)], 0.0027631 secs] [Times: user=0.00 sys=0.00, real=0.00 secs] 
2.342: [Full GC (Ergonomics) [PSYoungGen: 512K->64K(1024K)] [ParOldGen: 469K->469K(512K)] 981K->533K(1536K), [Metaspace: 2696K->2696K(1056768K)], 0.0026970 secs] [Times: user=0.00 sys=0.00, real=0.00 secs] 
2.345: [Full GC (Ergonomics) [PSYoungGen: 512K->64K(1024K)] [ParOldGen: 469K->469K(512K)] 981K->533K(1536K), [Metaspace: 2696K->2696K(1056768K)], 0.0028238 secs] [Times: user=0.01 sys=0.00, real=0.00 secs] 
2.348: [Full GC (Ergonomics) [PSYoungGen: 512K->64K(1024K)] [ParOldGen: 469K->469K(512K)] 981K->533K(1536K), [Metaspace: 2696K->2696K(1056768K)], 0.0040792 secs] [Times: user=0.00 sys=0.00, real=0.01 secs] 
2.352: [Full GC (Ergonomics) [PSYoungGen: 512K->64K(1024K)] [ParOldGen: 469K->469K(512K)] 981K->533K(1536K), [Metaspace: 2696K->2696K(1056768K)], 0.0030660 secs] [Times: user=0.00 sys=0.00, real=0.00 secs] 
2.356: [Full GC (Ergonomics) [PSYoungGen: 512K->64K(1024K)] [ParOldGen: 469K->469K(512K)] 981K->533K(1536K), [Metaspace: 2696K->2696K(1056768K)], 0.0027838 secs] [Times: user=0.00 sys=0.00, real=0.00 secs] 
2.359: [Full GC (Ergonomics) [PSYoungGen: 512K->64K(1024K)] [ParOldGen: 469K->469K(512K)] 981K->533K(1536K), [Metaspace: 2696K->2696K(1056768K)], 0.0027817 secs] [Times: user=0.00 sys=0.00, real=0.00 secs] 
2.361: [Full GC (Ergonomics) [PSYoungGen: 512K->64K(1024K)] [ParOldGen: 469K->469K(512K)] 981K->533K(1536K), [Metaspace: 2696K->2696K(1056768K)], 0.0027866 secs] [Times: user=0.06 sys=0.00, real=0.00 secs] 
2.364: [Full GC (Ergonomics) [PSYoungGen: 512K->64K(1024K)] [ParOldGen: 469K->469K(512K)] 981K->533K(1536K), [Metaspace: 2696K->2696K(1056768K)], 0.0034076 secs] [Times: user=0.00 sys=0.00, real=0.00 secs] 
2.368: [Full GC (Ergonomics) [PSYoungGen: 512K->64K(1024K)] [ParOldGen: 469K->469K(512K)] 981K->533K(1536K), [Metaspace: 2696K->2696K(1056768K)], 0.0032312 secs] [Times: user=0.00 sys=0.00, real=0.00 secs] 
2.371: [Full GC (Ergonomics) [PSYoungGen: 512K->64K(1024K)] [ParOldGen: 469K->469K(512K)] 981K->533K(1536K), [Metaspace: 2696K->2696K(1056768K)], 0.0029281 secs] [Times: user=0.00 sys=0.00, real=0.00 secs] 
2.375: [Full GC (Ergonomics) [PSYoungGen: 512K->64K(1024K)] [ParOldGen: 469K->469K(512K)] 981K->533K(1536K), [Metaspace: 2696K->2696K(1056768K)], 0.0027211 secs] [Times: user=0.05 sys=0.00, real=0.00 secs] 
2.377: [Full GC (Ergonomics) [PSYoungGen: 512K->64K(1024K)] [ParOldGen: 469K->469K(512K)] 981K->533K(1536K), [Metaspace: 2696K->2696K(1056768K)], 0.0030359 secs] [Times: user=0.00 sys=0.00, real=0.00 secs] 
2.381: [Full GC (Ergonomics) [PSYoungGen: 512K->64K(1024K)] [ParOldGen: 469K->469K(512K)] 981K->533K(1536K), [Metaspace: 2696K->2696K(1056768K)], 0.0029843 secs] [Times: user=0.00 sys=0.00, real=0.00 secs] 
2.384: [Full GC (Ergonomics) [PSYoungGen: 512K->64K(1024K)] [ParOldGen: 469K->469K(512K)] 981K->533K(1536K), [Metaspace: 2696K->2696K(1056768K)], 0.0030753 secs] [Times: user=0.00 sys=0.00, real=0.00 secs] 
2.387: [Full GC (Ergonomics) [PSYoungGen: 512K->64K(1024K)] [ParOldGen: 469K->469K(512K)] 981K->533K(1536K), [Metaspace: 2696K->2696K(1056768K)], 0.0028785 secs] [Times: user=0.00 sys=0.00, real=0.00 secs] 
2.390: [Full GC (Ergonomics) [PSYoungGen: 512K->64K(1024K)] [ParOldGen: 469K->469K(512K)] 981K->533K(1536K), [Metaspace: 2696K->2696K(1056768K)], 0.0027908 secs] [Times: user=0.06 sys=0.00, real=0.00 secs] 
2.393: [Full GC (Ergonomics) [PSYoungGen: 512K->64K(1024K)] [ParOldGen: 469K->469K(512K)] 981K->533K(1536K), [Metaspace: 2696K->2696K(1056768K)], 0.0030567 secs] [Times: user=0.00 sys=0.00, real=0.00 secs] 
2.396: [Full GC (Ergonomics) [PSYoungGen: 512K->64K(1024K)] [ParOldGen: 469K->469K(512K)] 981K->533K(1536K), [Metaspace: 2696K->2696K(1056768K)], 0.0029461 secs] [Times: user=0.00 sys=0.00, real=0.00 secs] 
2.400: [Full GC (Ergonomics) [PSYoungGen: 512K->64K(1024K)] [ParOldGen: 469K->469K(512K)] 981K->533K(1536K), [Metaspace: 2696K->2696K(1056768K)], 0.0030389 secs] [Times: user=0.00 sys=0.00, real=0.00 secs] 
2.403: [Full GC (Ergonomics) [PSYoungGen: 512K->64K(1024K)] [ParOldGen: 469K->469K(512K)] 981K->533K(1536K), [Metaspace: 2696K->2696K(1056768K)], 0.0030552 secs] [Times: user=0.00 sys=0.00, real=0.00 secs] 
2.406: [Full GC (Ergonomics) [PSYoungGen: 512K->64K(1024K)] [ParOldGen: 469K->469K(512K)] 981K->533K(1536K), [Metaspace: 2696K->2696K(1056768K)], 0.0028016 secs] [Times: user=0.06 sys=0.00, real=0.00 secs] 
2.409: [Full GC (Ergonomics) [PSYoungGen: 512K->64K(1024K)] [ParOldGen: 469K->469K(512K)] 981K->533K(1536K), [Metaspace: 2696K->2696K(1056768K)], 0.0029067 secs] [Times: user=0.00 sys=0.00, real=0.00 secs] 
2.412: [Full GC (Ergonomics) [PSYoungGen: 512K->64K(1024K)] [ParOldGen: 469K->469K(512K)] 981K->533K(1536K), [Metaspace: 2696K->2696K(1056768K)], 0.0029049 secs] [Times: user=0.00 sys=0.00, real=0.00 secs] 
2.415: [Full GC (Ergonomics) [PSYoungGen: 512K->64K(1024K)] [ParOldGen: 469K->469K(512K)] 981K->533K(1536K), [Metaspace: 2696K->2696K(1056768K)], 0.0029614 secs] [Times: user=0.00 sys=0.00, real=0.00 secs] 
2.418: [Full GC (Ergonomics) [PSYoungGen: 512K->64K(1024K)] [ParOldGen: 469K->469K(512K)] 981K->533K(1536K), [Metaspace: 2696K->2696K(1056768K)], 0.0028785 secs] [Times: user=0.00 sys=0.00, real=0.00 secs] 
2.421: [Full GC (Ergonomics) [PSYoungGen: 512K->64K(1024K)] [ParOldGen: 469K->469K(512K)] 981K->533K(1536K), [Metaspace: 2696K->2696K(1056768K)], 0.0027283 secs] [Times: user=0.06 sys=0.00, real=0.00 secs] 
2.424: [Full GC (Ergonomics) [PSYoungGen: 512K->64K(1024K)] [ParOldGen: 469K->469K(512K)] 981K->533K(1536K), [Metaspace: 2696K->2696K(1056768K)], 0.0030227 secs] [Times: user=0.00 sys=0.00, real=0.00 secs] 
2.427: [Full GC (Ergonomics) [PSYoungGen: 512K->64K(1024K)] [ParOldGen: 469K->469K(512K)] 981K->533K(1536K), [Metaspace: 2696K->2696K(1056768K)], 0.0028926 secs] [Times: user=0.00 sys=0.00, real=0.00 secs] 
2.430: [Full GC (Ergonomics) [PSYoungGen: 512K->64K(1024K)] [ParOldGen: 469K->469K(512K)] 981K->533K(1536K), [Metaspace: 2696K->2696K(1056768K)], 0.0030729 secs] [Times: user=0.00 sys=0.00, real=0.00 secs] 
2.434: [Full GC (Ergonomics) [PSYoungGen: 512K->64K(1024K)] [ParOldGen: 469K->469K(512K)] 981K->533K(1536K), [Metaspace: 2696K->2696K(1056768K)], 0.0030777 secs] [Times: user=0.00 sys=0.00, real=0.00 secs] 
2.437: [Full GC (Ergonomics) [PSYoungGen: 512K->64K(1024K)] [ParOldGen: 469K->469K(512K)] 981K->533K(1536K), [Metaspace: 2696K->2696K(1056768K)], 0.0031829 secs] [Times: user=0.06 sys=0.00, real=0.00 secs] 
2.440: [Full GC (Ergonomics) [PSYoungGen: 512K->64K(1024K)] [ParOldGen: 469K->469K(512K)] 981K->533K(1536K), [Metaspace: 2696K->2696K(1056768K)], 0.0028295 secs] [Times: user=0.00 sys=0.00, real=0.00 secs] 
2.443: [Full GC (Ergonomics) [PSYoungGen: 512K->64K(1024K)] [ParOldGen: 469K->469K(512K)] 981K->533K(1536K), [Metaspace: 2696K->2696K(1056768K)], 0.0027845 secs] [Times: user=0.00 sys=0.00, real=0.00 secs] 
2.446: [Full GC (Ergonomics) [PSYoungGen: 512K->64K(1024K)] [ParOldGen: 469K->469K(512K)] 981K->533K(1536K), [Metaspace: 2696K->2696K(1056768K)], 0.0028403 secs] [Times: user=0.00 sys=0.00, real=0.00 secs] 
2.449: [Full GC (Ergonomics) [PSYoungGen: 512K->64K(1024K)] [ParOldGen: 469K->469K(512K)] 981K->533K(1536K), [Metaspace: 2696K->2696K(1056768K)], 0.0029921 secs] [Times: user=0.00 sys=0.00, real=0.00 secs] 
2.453: [Full GC (Ergonomics) [PSYoungGen: 512K->64K(1024K)] [ParOldGen: 469K->469K(512K)] 981K->533K(1536K), [Metaspace: 2696K->2696K(1056768K)], 0.0029671 secs] [Times: user=0.06 sys=0.00, real=0.00 secs] 
2.456: [Full GC (Ergonomics) [PSYoungGen: 512K->64K(1024K)] [ParOldGen: 469K->469K(512K)] 981K->533K(1536K), [Metaspace: 2696K->2696K(1056768K)], 0.0029644 secs] [Times: user=0.00 sys=0.00, real=0.00 secs] 
2.459: [Full GC (Ergonomics) [PSYoungGen: 512K->64K(1024K)] [ParOldGen: 469K->469K(512K)] 981K->533K(1536K), [Metaspace: 2696K->2696K(1056768K)], 0.0029025 secs] [Times: user=0.00 sys=0.00, real=0.00 secs] 
2.462: [Full GC (Ergonomics) [PSYoungGen: 512K->64K(1024K)] [ParOldGen: 469K->469K(512K)] 981K->533K(1536K), [Metaspace: 2696K->2696K(1056768K)], 0.0029858 secs] [Times: user=0.00 sys=0.00, real=0.00 secs] 
2.465: [Full GC (Ergonomics) [PSYoungGen: 512K->64K(1024K)] [ParOldGen: 469K->469K(512K)] 981K->533K(1536K), [Metaspace: 2696K->2696K(1056768K)], 0.0030669 secs] [Times: user=0.00 sys=0.00, real=0.00 secs] 
2.469: [Full GC (Ergonomics) [PSYoungGen: 512K->64K(1024K)] [ParOldGen: 469K->469K(512K)] 981K->533K(1536K), [Metaspace: 2696K->2696K(1056768K)], 0.0028899 secs] [Times: user=0.06 sys=0.00, real=0.00 secs] 
2.472: [Full GC (Ergonomics) [PSYoungGen: 512K->64K(1024K)] [ParOldGen: 469K->469K(512K)] 981K->533K(1536K), [Metaspace: 2696K->2696K(1056768K)], 0.0031096 secs] [Times: user=0.00 sys=0.00, real=0.00 secs] 
2.475: [Full GC (Ergonomics) [PSYoungGen: 512K->64K(1024K)] [ParOldGen: 469K->469K(512K)] 981K->533K(1536K), [Metaspace: 2696K->2696K(1056768K)], 0.0028710 secs] [Times: user=0.00 sys=0.00, real=0.00 secs] 
2.478: [Full GC (Ergonomics) [PSYoungGen: 512K->64K(1024K)] [ParOldGen: 469K->469K(512K)] 981K->533K(1536K), [Metaspace: 2696K->2696K(1056768K)], 0.0028073 secs] [Times: user=0.00 sys=0.00, real=0.00 secs] 
2.481: [Full GC (Ergonomics) [PSYoungGen: 512K->64K(1024K)] [ParOldGen: 469K->469K(512K)] 981K->533K(1536K), [Metaspace: 2696K->2696K(1056768K)], 0.0032198 secs] [Times: user=0.00 sys=0.00, real=0.00 secs] 
2.484: [Full GC (Ergonomics) [PSYoungGen: 512K->64K(1024K)] [ParOldGen: 469K->469K(512K)] 981K->533K(1536K), [Metaspace: 2696K->2696K(1056768K)], 0.0030477 secs] [Times: user=0.06 sys=0.00, real=0.00 secs] 
2.488: [Full GC (Ergonomics) [PSYoungGen: 512K->64K(1024K)] [ParOldGen: 469K->469K(512K)] 981K->533K(1536K), [Metaspace: 2696K->2696K(1056768K)], 0.0030624 secs] [Times: user=0.00 sys=0.00, real=0.00 secs] 
2.491: [Full GC (Ergonomics) [PSYoungGen: 512K->64K(1024K)] [ParOldGen: 469K->469K(512K)] 981K->533K(1536K), [Metaspace: 2696K->2696K(1056768K)], 0.0028788 secs] [Times: user=0.00 sys=0.00, real=0.00 secs] 
2.494: [Full GC (Ergonomics) [PSYoungGen: 512K->64K(1024K)] [ParOldGen: 469K->469K(512K)] 981K->533K(1536K), [Metaspace: 2696K->2696K(1056768K)], 0.0028587 secs] [Times: user=0.00 sys=0.00, real=0.00 secs] 
2.497: [Full GC (Ergonomics) [PSYoungGen: 512K->64K(1024K)] [ParOldGen: 469K->469K(512K)] 981K->533K(1536K), [Metaspace: 2696K->2696K(1056768K)], 0.0029939 secs] [Times: user=0.00 sys=0.00, real=0.00 secs] 
2.500: [Full GC (Ergonomics) [PSYoungGen: 512K->64K(1024K)] [ParOldGen: 469K->469K(512K)] 981K->533K(1536K), [Metaspace: 2696K->2696K(1056768K)], 0.0030374 secs] [Times: user=0.06 sys=0.00, real=0.00 secs] 
2.503: [Full GC (Ergonomics) [PSYoungGen: 512K->64K(1024K)] [ParOldGen: 469K->469K(512K)] 981K->533K(1536K), [Metaspace: 2696K->2696K(1056768K)], 0.0030020 secs] [Times: user=0.00 sys=0.00, real=0.00 secs] 
2.507: [Full GC (Ergonomics) [PSYoungGen: 512K->64K(1024K)] [ParOldGen: 469K->469K(512K)] 981K->533K(1536K), [Metaspace: 2696K->2696K(1056768K)], 0.0027721 secs] [Times: user=0.00 sys=0.00, real=0.00 secs] 
2.509: [Full GC (Ergonomics) [PSYoungGen: 512K->64K(1024K)] [ParOldGen: 469K->469K(512K)] 981K->533K(1536K), [Metaspace: 2696K->2696K(1056768K)], 0.0027604 secs] [Times: user=0.00 sys=0.00, real=0.00 secs] 
2.512: [Full GC (Ergonomics) [PSYoungGen: 512K->64K(1024K)] [ParOldGen: 469K->469K(512K)] 981K->533K(1536K), [Metaspace: 2696K->2696K(1056768K)], 0.0029557 secs] [Times: user=0.00 sys=0.00, real=0.00 secs] 
2.516: [Full GC (Ergonomics) [PSYoungGen: 512K->64K(1024K)] [ParOldGen: 469K->469K(512K)] 981K->533K(1536K), [Metaspace: 2696K->2696K(1056768K)], 0.0030074 secs] [Times: user=0.03 sys=0.00, real=0.00 secs] 
2.519: [Full GC (Ergonomics) [PSYoungGen: 512K->64K(1024K)] [ParOldGen: 469K->469K(512K)] 981K->533K(1536K), [Metaspace: 2696K->2696K(1056768K)], 0.0033773 secs] [Times: user=0.00 sys=0.00, real=0.00 secs] 
2.522: [Full GC (Ergonomics) [PSYoungGen: 512K->64K(1024K)] [ParOldGen: 469K->469K(512K)] 981K->533K(1536K), [Metaspace: 2696K->2696K(1056768K)], 0.0027421 secs] [Times: user=0.00 sys=0.00, real=0.00 secs] 
2.525: [Full GC (Ergonomics) [PSYoungGen: 512K->64K(1024K)] [ParOldGen: 469K->469K(512K)] 981K->533K(1536K), [Metaspace: 2696K->2696K(1056768K)], 0.0027631 secs] [Times: user=0.00 sys=0.00, real=0.00 secs] 
2.528: [Full GC (Ergonomics) [PSYoungGen: 512K->64K(1024K)] [ParOldGen: 469K->469K(512K)] 981K->533K(1536K), [Metaspace: 2696K->2696K(1056768K)], 0.0029317 secs] [Times: user=0.00 sys=0.00, real=0.00 secs] 
2.531: [Full GC (Ergonomics) [PSYoungGen: 512K->64K(1024K)] [ParOldGen: 469K->469K(512K)] 981K->533K(1536K), [Metaspace: 2696K->2696K(1056768K)], 0.0029112 secs] [Times: user=0.05 sys=0.00, real=0.00 secs] 
2.534: [Full GC (Ergonomics) [PSYoungGen: 512K->64K(1024K)] [ParOldGen: 469K->469K(512K)] 981K->533K(1536K), [Metaspace: 2696K->2696K(1056768K)], 0.0030531 secs] [Times: user=0.00 sys=0.00, real=0.00 secs] 
2.538: [Full GC (Ergonomics) [PSYoungGen: 512K->64K(1024K)] [ParOldGen: 469K->469K(512K)] 981K->533K(1536K), [Metaspace: 2696K->2696K(1056768K)], 0.0030579 secs] [Times: user=0.00 sys=0.00, real=0.00 secs] 
2.541: [Full GC (Ergonomics) [PSYoungGen: 512K->64K(1024K)] [ParOldGen: 469K->469K(512K)] 981K->533K(1536K), [Metaspace: 2696K->2696K(1056768K)], 0.0028331 secs] [Times: user=0.00 sys=0.00, real=0.00 secs] 
2.544: [Full GC (Ergonomics) [PSYoungGen: 512K->64K(1024K)] [ParOldGen: 469K->469K(512K)] 981K->533K(1536K), [Metaspace: 2696K->2696K(1056768K)], 0.0027535 secs] [Times: user=0.00 sys=0.00, real=0.00 secs] 
2.547: [Full GC (Ergonomics) [PSYoungGen: 512K->64K(1024K)] [ParOldGen: 469K->469K(512K)] 981K->533K(1536K), [Metaspace: 2696K->2696K(1056768K)], 0.0030879 secs] [Times: user=0.02 sys=0.02, real=0.00 secs] 
2.550: [Full GC (Ergonomics) [PSYoungGen: 512K->64K(1024K)] [ParOldGen: 469K->469K(512K)] 981K->533K(1536K), [Metaspace: 2696K->2696K(1056768K)], 0.0030948 secs] [Times: user=0.00 sys=0.00, real=0.00 secs] 
2.553: [Full GC (Ergonomics) [PSYoungGen: 512K->64K(1024K)] [ParOldGen: 469K->469K(512K)] 981K->533K(1536K), [Metaspace: 2696K->2696K(1056768K)], 0.0027553 secs] [Times: user=0.00 sys=0.00, real=0.00 secs] 
2.556: [Full GC (Ergonomics) [PSYoungGen: 512K->64K(1024K)] [ParOldGen: 469K->469K(512K)] 981K->533K(1536K), [Metaspace: 2696K->2696K(1056768K)], 0.0027580 secs] [Times: user=0.00 sys=0.00, real=0.00 secs] 
2.559: [Full GC (Ergonomics) [PSYoungGen: 512K->64K(1024K)] [ParOldGen: 469K->469K(512K)] 981K->533K(1536K), [Metaspace: 2696K->2696K(1056768K)], 0.0029242 secs] [Times: user=0.00 sys=0.00, real=0.00 secs] 
2.563: [Full GC (Ergonomics) [PSYoungGen: 512K->64K(1024K)] [ParOldGen: 469K->469K(512K)] 981K->533K(1536K), [Metaspace: 2696K->2696K(1056768K)], 0.0034629 secs] [Times: user=0.02 sys=0.00, real=0.00 secs] 
2.566: [Full GC (Ergonomics) [PSYoungGen: 512K->64K(1024K)] [ParOldGen: 469K->469K(512K)] 981K->533K(1536K), [Metaspace: 2696K->2696K(1056768K)], 0.0034530 secs] [Times: user=0.00 sys=0.00, real=0.00 secs] 
2.570: [Full GC (Ergonomics) [PSYoungGen: 512K->64K(1024K)] [ParOldGen: 469K->469K(512K)] 981K->533K(1536K), [Metaspace: 2696K->2696K(1056768K)], 0.0028506 secs] [Times: user=0.00 sys=0.00, real=0.00 secs] 
2.573: [Full GC (Ergonomics) [PSYoungGen: 512K->64K(1024K)] [ParOldGen: 469K->469K(512K)] 981K->533K(1536K), [Metaspace: 2696K->2696K(1056768K)], 0.0027045 secs] [Times: user=0.00 sys=0.00, real=0.00 secs] 
2.576: [Full GC (Ergonomics) [PSYoungGen: 512K->64K(1024K)] [ParOldGen: 469K->469K(512K)] 981K->533K(1536K), [Metaspace: 2696K->2696K(1056768K)], 0.0027211 secs] [Times: user=0.00 sys=0.00, real=0.00 secs] 
2.579: [Full GC (Ergonomics) [PSYoungGen: 512K->64K(1024K)] [ParOldGen: 469K->469K(512K)] 981K->533K(1536K), [Metaspace: 2696K->2696K(1056768K)], 0.0032547 secs] [Times: user=0.03 sys=0.02, real=0.00 secs] 
2.582: [Full GC (Ergonomics) [PSYoungGen: 512K->64K(1024K)] [ParOldGen: 469K->469K(512K)] 981K->533K(1536K), [Metaspace: 2696K->2696K(1056768K)], 0.0029443 secs] [Times: user=0.00 sys=0.00, real=0.00 secs] 
2.585: [Full GC (Ergonomics) [PSYoungGen: 512K->64K(1024K)] [ParOldGen: 469K->469K(512K)] 981K->533K(1536K), [Metaspace: 2696K->2696K(1056768K)], 0.0030263 secs] [Times: user=0.00 sys=0.00, real=0.00 secs] 
2.588: [Full GC (Ergonomics) [PSYoungGen: 512K->64K(1024K)] [ParOldGen: 469K->469K(512K)] 981K->533K(1536K), [Metaspace: 2696K->2696K(1056768K)], 0.0028494 secs] [Times: user=0.00 sys=0.00, real=0.00 secs] 
2.591: [Full GC (Ergonomics) [PSYoungGen: 512K->64K(1024K)] [ParOldGen: 469K->469K(512K)] 981K->533K(1536K), [Metaspace: 2696K->2696K(1056768K)], 0.0027126 secs] [Times: user=0.00 sys=0.00, real=0.00 secs] 
2.594: [Full GC (Ergonomics) [PSYoungGen: 512K->64K(1024K)] [ParOldGen: 469K->469K(512K)] 981K->533K(1536K), [Metaspace: 2696K->2696K(1056768K)], 0.0031261 secs] [Times: user=0.05 sys=0.00, real=0.00 secs] 
2.598: [Full GC (Ergonomics) [PSYoungGen: 512K->64K(1024K)] [ParOldGen: 469K->469K(512K)] 981K->533K(1536K), [Metaspace: 2696K->2696K(1056768K)], 0.0029716 secs] [Times: user=0.00 sys=0.00, real=0.00 secs] 
2.601: [Full GC (Ergonomics) [PSYoungGen: 512K->64K(1024K)] [ParOldGen: 469K->469K(512K)] 981K->533K(1536K), [Metaspace: 2696K->2696K(1056768K)], 0.0030453 secs] [Times: user=0.00 sys=0.00, real=0.00 secs] 
2.604: [Full GC (Ergonomics) [PSYoungGen: 512K->64K(1024K)] [ParOldGen: 469K->469K(512K)] 981K->533K(1536K), [Metaspace: 2696K->2696K(1056768K)], 0.0028001 secs] [Times: user=0.00 sys=0.00, real=0.00 secs] 
2.607: [Full GC (Ergonomics) [PSYoungGen: 512K->64K(1024K)] [ParOldGen: 469K->469K(512K)] 981K->533K(1536K), [Metaspace: 2696K->2696K(1056768K)], 0.0027547 secs] [Times: user=0.00 sys=0.00, real=0.00 secs] 
2.610: [Full GC (Ergonomics) [PSYoungGen: 512K->64K(1024K)] [ParOldGen: 469K->469K(512K)] 981K->533K(1536K), [Metaspace: 2696K->2696K(1056768K)], 0.0027283 secs] [Times: user=0.06 sys=0.00, real=0.00 secs] 
2.613: [Full GC (Ergonomics) [PSYoungGen: 512K->64K(1024K)] [ParOldGen: 469K->469K(512K)] 981K->533K(1536K), [Metaspace: 2696K->2696K(1056768K)], 0.0031105 secs] [Times: user=0.00 sys=0.00, real=0.00 secs] 
2.616: [Full GC (Ergonomics) [PSYoungGen: 512K->64K(1024K)] [ParOldGen: 469K->469K(512K)] 981K->533K(1536K), [Metaspace: 2696K->2696K(1056768K)], 0.0033310 secs] [Times: user=0.00 sys=0.00, real=0.00 secs] 
2.620: [Full GC (Ergonomics) [PSYoungGen: 512K->64K(1024K)] [ParOldGen: 469K->469K(512K)] 981K->533K(1536K), [Metaspace: 2696K->2696K(1056768K)], 0.0031011 secs] [Times: user=0.00 sys=0.00, real=0.00 secs] 
2.623: [Full GC (Ergonomics) [PSYoungGen: 512K->64K(1024K)] [ParOldGen: 469K->469K(512K)] 981K->533K(1536K), [Metaspace: 2696K->2696K(1056768K)], 0.0027559 secs] [Times: user=0.00 sys=0.00, real=0.00 secs] 
2.626: [Full GC (Ergonomics) [PSYoungGen: 512K->64K(1024K)] [ParOldGen: 469K->469K(512K)] 981K->533K(1536K), [Metaspace: 2696K->2696K(1056768K)], 0.0030969 secs] [Times: user=0.01 sys=0.00, real=0.00 secs] 
2.629: [Full GC (Ergonomics) [PSYoungGen: 512K->64K(1024K)] [ParOldGen: 469K->469K(512K)] 981K->533K(1536K), [Metaspace: 2696K->2696K(1056768K)], 0.0029497 secs] [Times: user=0.00 sys=0.00, real=0.00 secs] 
2.632: [Full GC (Ergonomics) [PSYoungGen: 512K->64K(1024K)] [ParOldGen: 469K->469K(512K)] 981K->533K(1536K), [Metaspace: 2696K->2696K(1056768K)], 0.0030071 secs] [Times: user=0.00 sys=0.00, real=0.00 secs] 
2.635: [Full GC (Ergonomics) [PSYoungGen: 512K->64K(1024K)] [ParOldGen: 469K->469K(512K)] 981K->533K(1536K), [Metaspace: 2696K->2696K(1056768K)], 0.0029389 secs] [Times: user=0.00 sys=0.00, real=0.00 secs] 
2.639: [Full GC (Ergonomics) [PSYoungGen: 512K->64K(1024K)] [ParOldGen: 469K->469K(512K)] 981K->533K(1536K), [Metaspace: 2696K->2696K(1056768K)], 0.0027607 secs] [Times: user=0.00 sys=0.00, real=0.00 secs] 
2.641: [Full GC (Ergonomics) [PSYoungGen: 512K->64K(1024K)] [ParOldGen: 469K->469K(512K)] 981K->533K(1536K), [Metaspace: 2696K->2696K(1056768K)], 0.0030035 secs] [Times: user=0.06 sys=0.00, real=0.00 secs] 
2.645: [Full GC (Ergonomics) [PSYoungGen: 512K->64K(1024K)] [ParOldGen: 469K->469K(512K)] 981K->533K(1536K), [Metaspace: 2696K->2696K(1056768K)], 0.0030269 secs] [Times: user=0.00 sys=0.00, real=0.00 secs] 
2.648: [Full GC (Ergonomics) [PSYoungGen: 512K->64K(1024K)] [ParOldGen: 469K->469K(512K)] 981K->533K(1536K), [Metaspace: 2696K->2696K(1056768K)], 0.0032583 secs] [Times: user=0.00 sys=0.00, real=0.00 secs] 
2.651: [Full GC (Ergonomics) [PSYoungGen: 512K->64K(1024K)] [ParOldGen: 469K->469K(512K)] 981K->533K(1536K), [Metaspace: 2696K->2696K(1056768K)], 0.0029061 secs] [Times: user=0.00 sys=0.00, real=0.00 secs] 
2.654: [Full GC (Ergonomics) [PSYoungGen: 512K->64K(1024K)] [ParOldGen: 469K->469K(512K)] 981K->533K(1536K), [Metaspace: 2696K->2696K(1056768K)], 0.0027192 secs] [Times: user=0.00 sys=0.00, real=0.00 secs] 
2.657: [Full GC (Ergonomics) [PSYoungGen: 512K->64K(1024K)] [ParOldGen: 469K->469K(512K)] 981K->533K(1536K), [Metaspace: 2696K->2696K(1056768K)], 0.0030341 secs] [Times: user=0.05 sys=0.00, real=0.00 secs] 
2.660: [Full GC (Ergonomics) [PSYoungGen: 512K->64K(1024K)] [ParOldGen: 469K->469K(512K)] 981K->533K(1536K), [Metaspace: 2696K->2696K(1056768K)], 0.0029266 secs] [Times: user=0.00 sys=0.00, real=0.00 secs] 
2.664: [Full GC (Ergonomics) [PSYoungGen: 512K->64K(1024K)] [ParOldGen: 469K->469K(512K)] 981K->533K(1536K), [Metaspace: 2696K->2696K(1056768K)], 0.0031303 secs] [Times: user=0.00 sys=0.00, real=0.00 secs] 
2.667: [Full GC (Ergonomics) [PSYoungGen: 512K->64K(1024K)] [ParOldGen: 469K->469K(512K)] 981K->533K(1536K), [Metaspace: 2696K->2696K(1056768K)], 0.0029539 secs] [Times: user=0.00 sys=0.00, real=0.00 secs] 
2.670: [Full GC (Ergonomics) [PSYoungGen: 512K->64K(1024K)] [ParOldGen: 469K->469K(512K)] 981K->533K(1536K), [Metaspace: 2696K->2696K(1056768K)], 0.0027854 secs] [Times: user=0.00 sys=0.00, real=0.00 secs] 
2.673: [Full GC (Ergonomics) [PSYoungGen: 512K->64K(1024K)] [ParOldGen: 469K->469K(512K)] 981K->533K(1536K), [Metaspace: 2696K->2696K(1056768K)], 0.0026874 secs] [Times: user=0.01 sys=0.00, real=0.00 secs] 
2.676: [Full GC (Ergonomics) [PSYoungGen: 512K->64K(1024K)] [ParOldGen: 469K->469K(512K)] 981K->533K(1536K), [Metaspace: 2696K->2696K(1056768K)], 0.0027259 secs] [Times: user=0.00 sys=0.00, real=0.00 secs] 
2.679: [Full GC (Ergonomics) [PSYoungGen: 512K->64K(1024K)] [ParOldGen: 469K->469K(512K)] 981K->533K(1536K), [Metaspace: 2696K->2696K(1056768K)], 0.0032556 secs] [Times: user=0.00 sys=0.00, real=0.00 secs] 
2.682: [Full GC (Ergonomics) [PSYoungGen: 512K->64K(1024K)] [ParOldGen: 469K->469K(512K)] 981K->533K(1536K), [Metaspace: 2696K->2696K(1056768K)], 0.0031011 secs] [Times: user=0.00 sys=0.00, real=0.00 secs] 
2.685: [Full GC (Ergonomics) [PSYoungGen: 512K->64K(1024K)] [ParOldGen: 469K->469K(512K)] 981K->533K(1536K), [Metaspace: 2696K->2696K(1056768K)], 0.0029125 secs] [Times: user=0.00 sys=0.00, real=0.00 secs] 
2.688: [Full GC (Ergonomics) [PSYoungGen: 512K->64K(1024K)] [ParOldGen: 469K->469K(512K)] 981K->533K(1536K), [Metaspace: 2696K->2696K(1056768K)], 0.0031669 secs] [Times: user=0.02 sys=0.00, real=0.00 secs] 
2.692: [Full GC (Ergonomics) [PSYoungGen: 512K->64K(1024K)] [ParOldGen: 469K->469K(512K)] 981K->533K(1536K), [Metaspace: 2696K->2696K(1056768K)], 0.0028214 secs] [Times: user=0.00 sys=0.00, real=0.00 secs] 
2.695: [Full GC (Ergonomics) [PSYoungGen: 512K->64K(1024K)] [ParOldGen: 469K->469K(512K)] 981K->533K(1536K), [Metaspace: 2696K->2696K(1056768K)], 0.0030299 secs] [Times: user=0.00 sys=0.00, real=0.00 secs] 
2.698: [Full GC (Ergonomics) [PSYoungGen: 512K->64K(1024K)] [ParOldGen: 469K->469K(512K)] 981K->533K(1536K), [Metaspace: 2696K->2696K(1056768K)], 0.0030408 secs] [Times: user=0.00 sys=0.00, real=0.00 secs] 
2.701: [Full GC (Ergonomics) [PSYoungGen: 512K->64K(1024K)] [ParOldGen: 469K->469K(512K)] 981K->533K(1536K), [Metaspace: 2696K->2696K(1056768K)], 0.0028373 secs] [Times: user=0.00 sys=0.00, real=0.00 secs] 
2.704: [Full GC (Ergonomics) [PSYoungGen: 512K->64K(1024K)] [ParOldGen: 469K->469K(512K)] 981K->533K(1536K), [Metaspace: 2696K->2696K(1056768K)], 0.0031585 secs] [Times: user=0.01 sys=0.00, real=0.00 secs] 
2.708: [Full GC (Ergonomics) [PSYoungGen: 512K->64K(1024K)] [ParOldGen: 469K->469K(512K)] 981K->533K(1536K), [Metaspace: 2696K->2696K(1056768K)], 0.0028454 secs] [Times: user=0.00 sys=0.00, real=0.00 secs] 
2.711: [Full GC (Ergonomics) [PSYoungGen: 512K->64K(1024K)] [ParOldGen: 469K->469K(512K)] 981K->533K(1536K), [Metaspace: 2696K->2696K(1056768K)], 0.0030828 secs] [Times: user=0.00 sys=0.00, real=0.00 secs] 
2.714: [Full GC (Ergonomics) [PSYoungGen: 512K->64K(1024K)] [ParOldGen: 469K->469K(512K)] 981K->533K(1536K), [Metaspace: 2696K->2696K(1056768K)], 0.0032114 secs] [Times: user=0.00 sys=0.00, real=0.00 secs] 
2.717: [Full GC (Ergonomics) [PSYoungGen: 512K->64K(1024K)] [ParOldGen: 469K->469K(512K)] 981K->533K(1536K), [Metaspace: 2696K->2696K(1056768K)], 0.0028521 secs] [Times: user=0.00 sys=0.00, real=0.00 secs] 
2.720: [Full GC (Ergonomics) [PSYoungGen: 512K->64K(1024K)] [ParOldGen: 469K->469K(512K)] 981K->533K(1536K), [Metaspace: 2696K->2696K(1056768K)], 0.0028274 secs] [Times: user=0.06 sys=0.00, real=0.00 secs] 
2.723: [Full GC (Ergonomics) [PSYoungGen: 512K->64K(1024K)] [ParOldGen: 469K->469K(512K)] 981K->533K(1536K), [Metaspace: 2696K->2696K(1056768K)], 0.0030405 secs] [Times: user=0.00 sys=0.00, real=0.00 secs] 
2.727: [Full GC (Ergonomics) [PSYoungGen: 512K->64K(1024K)] [ParOldGen: 469K->469K(512K)] 981K->533K(1536K), [Metaspace: 2696K->2696K(1056768K)], 0.0032466 secs] [Times: user=0.00 sys=0.00, real=0.00 secs] 
2.730: [Full GC (Ergonomics) [PSYoungGen: 512K->64K(1024K)] [ParOldGen: 469K->469K(512K)] 981K->533K(1536K), [Metaspace: 2696K->2696K(1056768K)], 0.0029936 secs] [Times: user=0.00 sys=0.00, real=0.00 secs] 
2.733: [Full GC (Ergonomics) [PSYoungGen: 512K->64K(1024K)] [ParOldGen: 469K->469K(512K)] 981K->533K(1536K), [Metaspace: 2696K->2696K(1056768K)], 0.0029572 secs] [Times: user=0.00 sys=0.00, real=0.00 secs] 
2.736: [Full GC (Ergonomics) [PSYoungGen: 512K->64K(1024K)] [ParOldGen: 469K->469K(512K)] 981K->533K(1536K), [Metaspace: 2696K->2696K(1056768K)], 0.0027174 secs] [Times: user=0.06 sys=0.00, real=0.00 secs] 
2.739: [Full GC (Ergonomics) [PSYoungGen: 512K->64K(1024K)] [ParOldGen: 469K->469K(512K)] 981K->533K(1536K), [Metaspace: 2696K->2696K(1056768K)], 0.0027481 secs] [Times: user=0.00 sys=0.00, real=0.00 secs] 
2.742: [Full GC (Ergonomics) [PSYoungGen: 512K->64K(1024K)] [ParOldGen: 469K->469K(512K)] 981K->533K(1536K), [Metaspace: 2696K->2696K(1056768K)], 0.0027361 secs] [Times: user=0.00 sys=0.00, real=0.00 secs] 
2.745: [Full GC (Ergonomics) [PSYoungGen: 512K->64K(1024K)] [ParOldGen: 469K->469K(512K)] 981K->533K(1536K), [Metaspace: 2696K->2696K(1056768K)], 0.0032559 secs] [Times: user=0.00 sys=0.00, real=0.00 secs] 
2.749: [Full GC (Ergonomics) [PSYoungGen: 512K->64K(1024K)] [ParOldGen: 469K->469K(512K)] 981K->533K(1536K), [Metaspace: 2696K->2696K(1056768K)], 0.0031324 secs] [Times: user=0.00 sys=0.00, real=0.00 secs] 
2.752: [Full GC (Ergonomics) [PSYoungGen: 512K->64K(1024K)] [ParOldGen: 469K->469K(512K)] 981K->533K(1536K), [Metaspace: 2696K->2696K(1056768K)], 0.0029668 secs] [Times: user=0.05 sys=0.00, real=0.00 secs] 
2.755: [Full GC (Ergonomics) [PSYoungGen: 512K->64K(1024K)] [ParOldGen: 469K->469K(512K)] 981K->533K(1536K), [Metaspace: 2696K->2696K(1056768K)], 0.0033214 secs] [Times: user=0.00 sys=0.00, real=0.00 secs] 
2.759: [Full GC (Ergonomics) [PSYoungGen: 512K->64K(1024K)] [ParOldGen: 469K->469K(512K)] 981K->533K(1536K), [Metaspace: 2696K->2696K(1056768K)], 0.0028701 secs] [Times: user=0.00 sys=0.00, real=0.00 secs] 
